 0:00.69 W Clobber not needed.
 0:01.12 W Adding make options from D:\mozilla\firefox\Skyfox\.mozconfig
    MOZ_OBJDIR=D:/mozilla/firefox/Skyfox/obj-x86_64-pc-windows-msvc
    OBJDIR=D:/mozilla/firefox/Skyfox/obj-x86_64-pc-windows-msvc
    FOUND_MOZCONFIG=D:/mozilla/firefox/Skyfox/.mozconfig
    export FOUND_MOZCONFIG
 0:01.12 D:/mozilla/build/4.2.1/.mozbuild/mozmake/mozmake.exe -f client.mk -j24 -s
 0:02.16 Elapsed: 0.22s; From dist/xpi-stage: Kept 0 existing; Added/updated 529; Removed 0 files and 0 directories.
 0:02.34 Elapsed: 0.39s; From _tests: Kept 0 existing; Added/updated 1402; Removed 0 files and 0 directories.
 0:02.62 Elapsed: 0.67s; From dist/bin: Kept 0 existing; Added/updated 2830; Removed 0 files and 0 directories.
 0:03.21 Elapsed: 1.27s; From dist/include: Kept 0 existing; Added/updated 8339; Removed 0 files and 0 directories.
 0:03.67 ./buildid.h.stub
 0:03.67 ./source-repo.h.stub
 0:04.30 ./application.ini.stub
 0:04.76 ./application.ini.h.stub
 0:05.81 browser/app
 0:06.16 gfx/angle/targets/libGLESv2
 0:06.28 media/libaom
 0:14.45 D:/mozilla/firefox/Skyfox/third_party/aom/av1/encoder/x86/av1_fwd_txfm2d_avx2.c(2052,25): warning: result of comparison of 4 < 2-bit unsigned value is always false [-Wtautological-value-range-compare]
 0:14.45  2052 |     for (int j = 0; j < AOMMIN(4, height_div16); ++j) {
 0:14.45       |                         ^~~~~~~~~~~~~~~~~~~~~~~
 0:14.45 D:/mozilla/firefox/Skyfox/third_party/aom\aom_dsp/aom_dsp_common.h(34,28): note: expanded from macro 'AOMMIN'
 0:14.45    34 | #define AOMMIN(x, y) (((x) < (y)) ? (x) : (y))
 0:14.45       |                        ~~~ ^ ~~~
 0:15.10 dom/media/webrtc/jsapi
 0:15.17 dom/media/webrtc/libwebrtcglue
 0:15.23 dom/media/webrtc
 0:15.23 dom/media/webrtc/transport/build
 0:15.61 dom/media/webrtc/transportbridge
 0:15.86 dom/media/webspeech/synth
 0:15.99 1 warning generated.
 0:16.06 warning: hiding a lifetime that's elided elsewhere is confusing
 0:16.06     --> xpcom\rust\nsstring\src\lib.rs:644:38
 0:16.06      |
 0:16.06  644 |               pub unsafe fn bulk_write(&mut self,
 0:16.06      |                                        ^^^^^^^^^ the lifetime is elided here
 0:16.06 ...
 0:16.06  647 |                                        allow_shrinking: bool) -> Result<$BulkWriteHandle, ()> {
 0:16.06      |                                                                         ^^^^^^^^^^^^^^^^ the same lifetime is hidden here
 0:16.06 ...
 0:16.06 1082 | / define_string_types! {
 0:16.06 1083 | |     char_t = u8;
 0:16.06 1084 | |
 0:16.06 1085 | |     AString = nsACString;
 0:16.06 ...    |
 0:16.06 1103 | |     start_bulk_write = Gecko_StartBulkWriteCString;
 0:16.06 1104 | | }
 0:16.06      | |_- in this macro invocation
 0:16.06      |
 0:16.06      = help: the same lifetime is referred to in inconsistent ways, making the signature confusing
 0:16.06      = note: `#[warn(mismatched_lifetime_syntaxes)]` on by default
 0:16.06      = note: this warning originates in the macro `define_string_types` (in Nightly builds, run with -Z macro-backtrace for more info)
 0:16.06 help: use `'_` for type paths
 0:16.06      |
 0:16.06  647 |                                      allow_shrinking: bool) -> Result<$BulkWriteHandle<'_>, ()> {
 0:16.06      |                                                                                       ++++
 0:16.06 warning: hiding a lifetime that's elided elsewhere is confusing
 0:16.06     --> xpcom\rust\nsstring\src\lib.rs:208:22
 0:16.06      |
 0:16.07  208 |               fn adapt(&self) -> $StringAdapter;
 0:16.07      |                        ^^^^^     ^^^^^^^^^^^^^^ the same lifetime is hidden here
 0:16.07      |                        |
 0:16.07      |                        the lifetime is elided here
 0:16.07 ...
 0:16.07 1082 | / define_string_types! {
 0:16.07 1083 | |     char_t = u8;
 0:16.07 1084 | |
 0:16.07 1085 | |     AString = nsACString;
 0:16.07 ...    |
 0:16.07 1103 | |     start_bulk_write = Gecko_StartBulkWriteCString;
 0:16.07 1104 | | }
 0:16.07      | |_- in this macro invocation
 0:16.07      |
 0:16.07      = help: the same lifetime is referred to in inconsistent ways, making the signature confusing
 0:16.07      = note: this warning originates in the macro `string_like` which comes from the expansion of the macro `define_string_types` (in Nightly builds, run with -Z macro-backtrace for more info)
 0:16.07 help: use `'_` for type paths
 0:16.07      |
 0:16.07  208 |             fn adapt(&self) -> $StringAdapter<'_>;
 0:16.07      |                                              ++++
 0:16.07 warning: hiding a lifetime that's elided elsewhere is confusing
 0:16.07     --> xpcom\rust\nsstring\src\lib.rs:212:22
 0:16.07      |
 0:16.07  212 |               fn adapt(&self) -> $StringAdapter {
 0:16.07      |                        ^^^^^     ^^^^^^^^^^^^^^ the same lifetime is hidden here
 0:16.07      |                        |
 0:16.07      |                        the lifetime is elided here
 0:16.07 ...
 0:16.07 1082 | / define_string_types! {
 0:16.07 1083 | |     char_t = u8;
 0:16.07 1084 | |
 0:16.07 1085 | |     AString = nsACString;
 0:16.07 ...    |
 0:16.07 1103 | |     start_bulk_write = Gecko_StartBulkWriteCString;
 0:16.07 1104 | | }
 0:16.07      | |_- in this macro invocation
 0:16.07      |
 0:16.07      = help: the same lifetime is referred to in inconsistent ways, making the signature confusing
 0:16.07      = note: this warning originates in the macro `string_like` which comes from the expansion of the macro `define_string_types` (in Nightly builds, run with -Z macro-backtrace for more info)
 0:16.07 help: use `'_` for type paths
 0:16.07      |
 0:16.07  212 |             fn adapt(&self) -> $StringAdapter<'_> {
 0:16.07      |                                              ++++
 0:16.07 warning: hiding a lifetime that's elided elsewhere is confusing
 0:16.07     --> xpcom\rust\nsstring\src\lib.rs:219:22
 0:16.07      |
 0:16.07  219 |               fn adapt(&self) -> $StringAdapter {
 0:16.07      |                        ^^^^^     ^^^^^^^^^^^^^^ the same lifetime is hidden here
 0:16.07      |                        |
 0:16.07      |                        the lifetime is elided here
 0:16.07 ...
 0:16.07 1082 | / define_string_types! {
 0:16.07 1083 | |     char_t = u8;
 0:16.07 1084 | |
 0:16.07 1085 | |     AString = nsACString;
 0:16.07 ...    |
 0:16.07 1103 | |     start_bulk_write = Gecko_StartBulkWriteCString;
 0:16.07 1104 | | }
 0:16.07      | |_- in this macro invocation
 0:16.07      |
 0:16.07      = help: the same lifetime is referred to in inconsistent ways, making the signature confusing
 0:16.07      = note: this warning originates in the macro `string_like` which comes from the expansion of the macro `define_string_types` (in Nightly builds, run with -Z macro-backtrace for more info)
 0:16.07 help: use `'_` for type paths
 0:16.07      |
 0:16.07  219 |             fn adapt(&self) -> $StringAdapter<'_> {
 0:16.07      |                                              ++++
 0:16.07 warning: hiding a lifetime that's elided elsewhere is confusing
 0:16.07     --> xpcom\rust\nsstring\src\lib.rs:225:22
 0:16.07      |
 0:16.07  225 |               fn adapt(&self) -> $StringAdapter {
 0:16.07      |                        ^^^^^     ^^^^^^^^^^^^^^ the same lifetime is hidden here
 0:16.07      |                        |
 0:16.07      |                        the lifetime is elided here
 0:16.07 ...
 0:16.07 1082 | / define_string_types! {
 0:16.07 1083 | |     char_t = u8;
 0:16.07 1084 | |
 0:16.07 1085 | |     AString = nsACString;
 0:16.07 ...    |
 0:16.07 1103 | |     start_bulk_write = Gecko_StartBulkWriteCString;
 0:16.07 1104 | | }
 0:16.07      | |_- in this macro invocation
 0:16.07      |
 0:16.07      = help: the same lifetime is referred to in inconsistent ways, making the signature confusing
 0:16.07      = note: this warning originates in the macro `string_like` which comes from the expansion of the macro `define_string_types` (in Nightly builds, run with -Z macro-backtrace for more info)
 0:16.07 help: use `'_` for type paths
 0:16.07      |
 0:16.07  225 |             fn adapt(&self) -> $StringAdapter<'_> {
 0:16.07      |                                              ++++
 0:16.07 warning: hiding a lifetime that's elided elsewhere is confusing
 0:16.07     --> xpcom\rust\nsstring\src\lib.rs:231:22
 0:16.07      |
 0:16.07  231 |               fn adapt(&self) -> $StringAdapter {
 0:16.07      |                        ^^^^^     ^^^^^^^^^^^^^^ the same lifetime is hidden here
 0:16.07      |                        |
 0:16.07      |                        the lifetime is elided here
 0:16.07 ...
 0:16.07 1082 | / define_string_types! {
 0:16.07 1083 | |     char_t = u8;
 0:16.07 1084 | |
 0:16.07 1085 | |     AString = nsACString;
 0:16.07 ...    |
 0:16.07 1103 | |     start_bulk_write = Gecko_StartBulkWriteCString;
 0:16.07 1104 | | }
 0:16.07      | |_- in this macro invocation
 0:16.07      |
 0:16.07      = help: the same lifetime is referred to in inconsistent ways, making the signature confusing
 0:16.07      = note: this warning originates in the macro `string_like` which comes from the expansion of the macro `define_string_types` (in Nightly builds, run with -Z macro-backtrace for more info)
 0:16.07 help: use `'_` for type paths
 0:16.07      |
 0:16.07  231 |             fn adapt(&self) -> $StringAdapter<'_> {
 0:16.07      |                                              ++++
 0:16.07 warning: hiding a lifetime that's elided elsewhere is confusing
 0:16.07     --> xpcom\rust\nsstring\src\lib.rs:237:22
 0:16.07      |
 0:16.07  237 |               fn adapt(&self) -> $StringAdapter {
 0:16.07      |                        ^^^^^     ^^^^^^^^^^^^^^ the same lifetime is hidden here
 0:16.07      |                        |
 0:16.07      |                        the lifetime is elided here
 0:16.07 ...
 0:16.07 1082 | / define_string_types! {
 0:16.07 1083 | |     char_t = u8;
 0:16.07 1084 | |
 0:16.07 1085 | |     AString = nsACString;
 0:16.07 ...    |
 0:16.07 1103 | |     start_bulk_write = Gecko_StartBulkWriteCString;
 0:16.07 1104 | | }
 0:16.07      | |_- in this macro invocation
 0:16.07      |
 0:16.07      = help: the same lifetime is referred to in inconsistent ways, making the signature confusing
 0:16.07      = note: this warning originates in the macro `string_like` which comes from the expansion of the macro `define_string_types` (in Nightly builds, run with -Z macro-backtrace for more info)
 0:16.07 help: use `'_` for type paths
 0:16.07      |
 0:16.07  237 |             fn adapt(&self) -> $StringAdapter<'_> {
 0:16.07      |                                              ++++
 0:16.07 warning: hiding a lifetime that's elided elsewhere is confusing
 0:16.07     --> xpcom\rust\nsstring\src\lib.rs:243:22
 0:16.07      |
 0:16.07  243 |               fn adapt(&self) -> $StringAdapter {
 0:16.08      |                        ^^^^^     ^^^^^^^^^^^^^^ the same lifetime is hidden here
 0:16.08      |                        |
 0:16.08      |                        the lifetime is elided here
 0:16.08 ...
 0:16.08 1082 | / define_string_types! {
 0:16.08 1083 | |     char_t = u8;
 0:16.08 1084 | |
 0:16.09 1085 | |     AString = nsACString;
 0:16.09 ...    |
 0:16.09 1103 | |     start_bulk_write = Gecko_StartBulkWriteCString;
 0:16.09 1104 | | }
 0:16.09      | |_- in this macro invocation
 0:16.09      |
 0:16.09      = help: the same lifetime is referred to in inconsistent ways, making the signature confusing
 0:16.09      = note: this warning originates in the macro `string_like` which comes from the expansion of the macro `define_string_types` (in Nightly builds, run with -Z macro-backtrace for more info)
 0:16.09 help: use `'_` for type paths
 0:16.09      |
 0:16.09  243 |             fn adapt(&self) -> $StringAdapter<'_> {
 0:16.09      |                                              ++++
 0:16.09 warning: hiding a lifetime that's elided elsewhere is confusing
 0:16.09     --> xpcom\rust\nsstring\src\lib.rs:249:22
 0:16.09      |
 0:16.09  249 |               fn adapt(&self) -> $StringAdapter {
 0:16.09      |                        ^^^^^     ^^^^^^^^^^^^^^ the same lifetime is hidden here
 0:16.09      |                        |
 0:16.09      |                        the lifetime is elided here
 0:16.09 ...
 0:16.09 1082 | / define_string_types! {
 0:16.09 1083 | |     char_t = u8;
 0:16.09 1084 | |
 0:16.09 1085 | |     AString = nsACString;
 0:16.09 ...    |
 0:16.09 1103 | |     start_bulk_write = Gecko_StartBulkWriteCString;
 0:16.09 1104 | | }
 0:16.09      | |_- in this macro invocation
 0:16.09      |
 0:16.09      = help: the same lifetime is referred to in inconsistent ways, making the signature confusing
 0:16.09      = note: this warning originates in the macro `string_like` which comes from the expansion of the macro `define_string_types` (in Nightly builds, run with -Z macro-backtrace for more info)
 0:16.09 help: use `'_` for type paths
 0:16.09      |
 0:16.09  249 |             fn adapt(&self) -> $StringAdapter<'_> {
 0:16.09      |                                              ++++
 0:16.09 warning: hiding a lifetime that's elided elsewhere is confusing
 0:16.09     --> xpcom\rust\nsstring\src\lib.rs:255:22
 0:16.09      |
 0:16.09  255 |               fn adapt(&self) -> $StringAdapter {
 0:16.09      |                        ^^^^^     ^^^^^^^^^^^^^^ the same lifetime is hidden here
 0:16.09      |                        |
 0:16.09      |                        the lifetime is elided here
 0:16.09 ...
 0:16.09 1082 | / define_string_types! {
 0:16.09 1083 | |     char_t = u8;
 0:16.09 1084 | |
 0:16.09 1085 | |     AString = nsACString;
 0:16.09 ...    |
 0:16.09 1103 | |     start_bulk_write = Gecko_StartBulkWriteCString;
 0:16.09 1104 | | }
 0:16.09      | |_- in this macro invocation
 0:16.09      |
 0:16.09      = help: the same lifetime is referred to in inconsistent ways, making the signature confusing
 0:16.09      = note: this warning originates in the macro `string_like` which comes from the expansion of the macro `define_string_types` (in Nightly builds, run with -Z macro-backtrace for more info)
 0:16.09 help: use `'_` for type paths
 0:16.09      |
 0:16.09  255 |             fn adapt(&self) -> $StringAdapter<'_> {
 0:16.09      |                                              ++++
 0:16.09 warning: hiding a lifetime that's elided elsewhere is confusing
 0:16.09     --> xpcom\rust\nsstring\src\lib.rs:1110:20
 0:16.09      |
 0:16.09 1110 |     pub fn to_utf8(&self) -> borrow::Cow<str> {
 0:16.09      |                    ^^^^^     ^^^^^^^^^^^^^^^^ the same lifetime is hidden here
 0:16.09      |                    |
 0:16.09      |                    the lifetime is elided here
 0:16.09      |
 0:16.09      = help: the same lifetime is referred to in inconsistent ways, making the signature confusing
 0:16.09 help: use `'_` for type paths
 0:16.09      |
 0:16.09 1110 |     pub fn to_utf8(&self) -> borrow::Cow<'_, str> {
 0:16.09      |                                          +++
 0:16.09 warning: hiding a lifetime that's elided elsewhere is confusing
 0:16.09     --> xpcom\rust\nsstring\src\lib.rs:1187:14
 0:16.09      |
 0:16.09 1187 |     fn adapt(&self) -> nsCStringAdapter {
 0:16.09      |              ^^^^^     ^^^^^^^^^^^^^^^^ the same lifetime is hidden here
 0:16.09      |              |
 0:16.10      |              the lifetime is elided here
 0:16.10      |
 0:16.10      = help: the same lifetime is referred to in inconsistent ways, making the signature confusing
 0:16.10 help: use `'_` for type paths
 0:16.10      |
 0:16.10 1187 |     fn adapt(&self) -> nsCStringAdapter<'_> {
 0:16.10      |                                        ++++
 0:16.10 warning: hiding a lifetime that's elided elsewhere is confusing
 0:16.10     --> xpcom\rust\nsstring\src\lib.rs:1193:14
 0:16.10      |
 0:16.10 1193 |     fn adapt(&self) -> nsCStringAdapter {
 0:16.10      |              ^^^^^     ^^^^^^^^^^^^^^^^ the same lifetime is hidden here
 0:16.10      |              |
 0:16.10      |              the lifetime is elided here
 0:16.10      |
 0:16.10      = help: the same lifetime is referred to in inconsistent ways, making the signature confusing
 0:16.10 help: use `'_` for type paths
 0:16.10      |
 0:16.10 1193 |     fn adapt(&self) -> nsCStringAdapter<'_> {
 0:16.10      |                                        ++++
 0:16.10 warning: hiding a lifetime that's elided elsewhere is confusing
 0:16.10     --> xpcom\rust\nsstring\src\lib.rs:1199:14
 0:16.10      |
 0:16.10 1199 |     fn adapt(&self) -> nsCStringAdapter {
 0:16.10      |              ^^^^^     ^^^^^^^^^^^^^^^^ the same lifetime is hidden here
 0:16.10      |              |
 0:16.10      |              the lifetime is elided here
 0:16.10      |
 0:16.10      = help: the same lifetime is referred to in inconsistent ways, making the signature confusing
 0:16.10 help: use `'_` for type paths
 0:16.10      |
 0:16.10 1199 |     fn adapt(&self) -> nsCStringAdapter<'_> {
 0:16.10      |                                        ++++
 0:16.10 warning: hiding a lifetime that's elided elsewhere is confusing
 0:16.10     --> xpcom\rust\nsstring\src\lib.rs:208:22
 0:16.10      |
 0:16.10  208 |               fn adapt(&self) -> $StringAdapter;
 0:16.10      |                        ^^^^^     ^^^^^^^^^^^^^^ the same lifetime is hidden here
 0:16.10      |                        |
 0:16.10      |                        the lifetime is elided here
 0:16.10 ...
 0:16.10 1210 | / string_like! {
 0:16.10 1211 | |     char_t = u8;
 0:16.10 1212 | |
 0:16.10 1213 | |     AString = nsACString;
 0:16.10 ...    |
 0:16.10 1218 | |     StringAdapter = nsCStringAdapter;
 0:16.10 1219 | | }
 0:16.10      | |_- in this macro invocation
 0:16.10      |
 0:16.10      = help: the same lifetime is referred to in inconsistent ways, making the signature confusing
 0:16.10      = note: this warning originates in the macro `string_like` (in Nightly builds, run with -Z macro-backtrace for more info)
 0:16.10 help: use `'_` for type paths
 0:16.10      |
 0:16.10  208 |             fn adapt(&self) -> $StringAdapter<'_>;
 0:16.10      |                                              ++++
 0:16.10 warning: hiding a lifetime that's elided elsewhere is confusing
 0:16.10     --> xpcom\rust\nsstring\src\lib.rs:212:22
 0:16.10      |
 0:16.10  212 |               fn adapt(&self) -> $StringAdapter {
 0:16.10      |                        ^^^^^     ^^^^^^^^^^^^^^ the same lifetime is hidden here
 0:16.10      |                        |
 0:16.10      |                        the lifetime is elided here
 0:16.10 ...
 0:16.10 1210 | / string_like! {
 0:16.10 1211 | |     char_t = u8;
 0:16.10 1212 | |
 0:16.10 1213 | |     AString = nsACString;
 0:16.10 ...    |
 0:16.10 1218 | |     StringAdapter = nsCStringAdapter;
 0:16.10 1219 | | }
 0:16.10      | |_- in this macro invocation
 0:16.10      |
 0:16.10      = help: the same lifetime is referred to in inconsistent ways, making the signature confusing
 0:16.10      = note: this warning originates in the macro `string_like` (in Nightly builds, run with -Z macro-backtrace for more info)
 0:16.10 help: use `'_` for type paths
 0:16.10      |
 0:16.10  212 |             fn adapt(&self) -> $StringAdapter<'_> {
 0:16.10      |                                              ++++
 0:16.10 warning: hiding a lifetime that's elided elsewhere is confusing
 0:16.10     --> xpcom\rust\nsstring\src\lib.rs:219:22
 0:16.10      |
 0:16.10  219 |               fn adapt(&self) -> $StringAdapter {
 0:16.10      |                        ^^^^^     ^^^^^^^^^^^^^^ the same lifetime is hidden here
 0:16.10      |                        |
 0:16.10      |                        the lifetime is elided here
 0:16.10 ...
 0:16.10 1210 | / string_like! {
 0:16.10 1211 | |     char_t = u8;
 0:16.10 1212 | |
 0:16.10 1213 | |     AString = nsACString;
 0:16.10 ...    |
 0:16.10 1218 | |     StringAdapter = nsCStringAdapter;
 0:16.10 1219 | | }
 0:16.10      | |_- in this macro invocation
 0:16.10      |
 0:16.10      = help: the same lifetime is referred to in inconsistent ways, making the signature confusing
 0:16.10      = note: this warning originates in the macro `string_like` (in Nightly builds, run with -Z macro-backtrace for more info)
 0:16.10 help: use `'_` for type paths
 0:16.10      |
 0:16.10  219 |             fn adapt(&self) -> $StringAdapter<'_> {
 0:16.10      |                                              ++++
 0:16.10 warning: hiding a lifetime that's elided elsewhere is confusing
 0:16.10     --> xpcom\rust\nsstring\src\lib.rs:225:22
 0:16.10      |
 0:16.10  225 |               fn adapt(&self) -> $StringAdapter {
 0:16.10      |                        ^^^^^     ^^^^^^^^^^^^^^ the same lifetime is hidden here
 0:16.10      |                        |
 0:16.10      |                        the lifetime is elided here
 0:16.10 ...
 0:16.10 1210 | / string_like! {
 0:16.10 1211 | |     char_t = u8;
 0:16.11 1212 | |
 0:16.11 1213 | |     AString = nsACString;
 0:16.11 ...    |
 0:16.11 1218 | |     StringAdapter = nsCStringAdapter;
 0:16.11 1219 | | }
 0:16.11      | |_- in this macro invocation
 0:16.11      |
 0:16.11      = help: the same lifetime is referred to in inconsistent ways, making the signature confusing
 0:16.11      = note: this warning originates in the macro `string_like` (in Nightly builds, run with -Z macro-backtrace for more info)
 0:16.11 help: use `'_` for type paths
 0:16.11      |
 0:16.11  225 |             fn adapt(&self) -> $StringAdapter<'_> {
 0:16.11      |                                              ++++
 0:16.11 warning: hiding a lifetime that's elided elsewhere is confusing
 0:16.11     --> xpcom\rust\nsstring\src\lib.rs:231:22
 0:16.11      |
 0:16.11  231 |               fn adapt(&self) -> $StringAdapter {
 0:16.11      |                        ^^^^^     ^^^^^^^^^^^^^^ the same lifetime is hidden here
 0:16.11      |                        |
 0:16.11      |                        the lifetime is elided here
 0:16.11 ...
 0:16.11 1210 | / string_like! {
 0:16.11 1211 | |     char_t = u8;
 0:16.11 1212 | |
 0:16.11 1213 | |     AString = nsACString;
 0:16.11 ...    |
 0:16.11 1218 | |     StringAdapter = nsCStringAdapter;
 0:16.11 1219 | | }
 0:16.11      | |_- in this macro invocation
 0:16.11      |
 0:16.11      = help: the same lifetime is referred to in inconsistent ways, making the signature confusing
 0:16.11      = note: this warning originates in the macro `string_like` (in Nightly builds, run with -Z macro-backtrace for more info)
 0:16.11 help: use `'_` for type paths
 0:16.11      |
 0:16.11  231 |             fn adapt(&self) -> $StringAdapter<'_> {
 0:16.11      |                                              ++++
 0:16.11 warning: hiding a lifetime that's elided elsewhere is confusing
 0:16.11     --> xpcom\rust\nsstring\src\lib.rs:237:22
 0:16.11      |
 0:16.11  237 |               fn adapt(&self) -> $StringAdapter {
 0:16.11      |                        ^^^^^     ^^^^^^^^^^^^^^ the same lifetime is hidden here
 0:16.11      |                        |
 0:16.12      |                        the lifetime is elided here
 0:16.12 ...
 0:16.12 1210 | / string_like! {
 0:16.12 1211 | |     char_t = u8;
 0:16.12 1212 | |
 0:16.12 1213 | |     AString = nsACString;
 0:16.12 ...    |
 0:16.12 1218 | |     StringAdapter = nsCStringAdapter;
 0:16.12 1219 | | }
 0:16.12      | |_- in this macro invocation
 0:16.12      |
 0:16.12      = help: the same lifetime is referred to in inconsistent ways, making the signature confusing
 0:16.12      = note: this warning originates in the macro `string_like` (in Nightly builds, run with -Z macro-backtrace for more info)
 0:16.12 help: use `'_` for type paths
 0:16.12      |
 0:16.12  237 |             fn adapt(&self) -> $StringAdapter<'_> {
 0:16.12      |                                              ++++
 0:16.12 warning: hiding a lifetime that's elided elsewhere is confusing
 0:16.13     --> xpcom\rust\nsstring\src\lib.rs:243:22
 0:16.13      |
 0:16.13  243 |               fn adapt(&self) -> $StringAdapter {
 0:16.13      |                        ^^^^^     ^^^^^^^^^^^^^^ the same lifetime is hidden here
 0:16.13      |                        |
 0:16.13      |                        the lifetime is elided here
 0:16.13 ...
 0:16.13 1210 | / string_like! {
 0:16.13 1211 | |     char_t = u8;
 0:16.13 1212 | |
 0:16.13 1213 | |     AString = nsACString;
 0:16.13 ...    |
 0:16.13 1218 | |     StringAdapter = nsCStringAdapter;
 0:16.13 1219 | | }
 0:16.13      | |_- in this macro invocation
 0:16.13      |
 0:16.13      = help: the same lifetime is referred to in inconsistent ways, making the signature confusing
 0:16.13      = note: this warning originates in the macro `string_like` (in Nightly builds, run with -Z macro-backtrace for more info)
 0:16.13 help: use `'_` for type paths
 0:16.13      |
 0:16.13  243 |             fn adapt(&self) -> $StringAdapter<'_> {
 0:16.13      |                                              ++++
 0:16.13 warning: hiding a lifetime that's elided elsewhere is confusing
 0:16.13     --> xpcom\rust\nsstring\src\lib.rs:249:22
 0:16.13      |
 0:16.13  249 |               fn adapt(&self) -> $StringAdapter {
 0:16.13      |                        ^^^^^     ^^^^^^^^^^^^^^ the same lifetime is hidden here
 0:16.13      |                        |
 0:16.13      |                        the lifetime is elided here
 0:16.13 ...
 0:16.13 1210 | / string_like! {
 0:16.13 1211 | |     char_t = u8;
 0:16.13 1212 | |
 0:16.13 1213 | |     AString = nsACString;
 0:16.13 ...    |
 0:16.13 1218 | |     StringAdapter = nsCStringAdapter;
 0:16.13 1219 | | }
 0:16.13      | |_- in this macro invocation
 0:16.13      |
 0:16.13      = help: the same lifetime is referred to in inconsistent ways, making the signature confusing
 0:16.13      = note: this warning originates in the macro `string_like` (in Nightly builds, run with -Z macro-backtrace for more info)
 0:16.13 help: use `'_` for type paths
 0:16.13      |
 0:16.13  249 |             fn adapt(&self) -> $StringAdapter<'_> {
 0:16.13      |                                              ++++
 0:16.13 warning: hiding a lifetime that's elided elsewhere is confusing
 0:16.13     --> xpcom\rust\nsstring\src\lib.rs:255:22
 0:16.13      |
 0:16.13  255 |               fn adapt(&self) -> $StringAdapter {
 0:16.13      |                        ^^^^^     ^^^^^^^^^^^^^^ the same lifetime is hidden here
 0:16.13      |                        |
 0:16.13      |                        the lifetime is elided here
 0:16.13 ...
 0:16.14 1210 | / string_like! {
 0:16.14 1211 | |     char_t = u8;
 0:16.14 1212 | |
 0:16.14 1213 | |     AString = nsACString;
 0:16.14 ...    |
 0:16.14 1218 | |     StringAdapter = nsCStringAdapter;
 0:16.14 1219 | | }
 0:16.15      | |_- in this macro invocation
 0:16.15      |
 0:16.15      = help: the same lifetime is referred to in inconsistent ways, making the signature confusing
 0:16.15      = note: this warning originates in the macro `string_like` (in Nightly builds, run with -Z macro-backtrace for more info)
 0:16.15 help: use `'_` for type paths
 0:16.15      |
 0:16.15  255 |             fn adapt(&self) -> $StringAdapter<'_> {
 0:16.15      |                                              ++++
 0:16.15 warning: hiding a lifetime that's elided elsewhere is confusing
 0:16.15     --> xpcom\rust\nsstring\src\lib.rs:644:38
 0:16.15      |
 0:16.15  644 |               pub unsafe fn bulk_write(&mut self,
 0:16.15      |                                        ^^^^^^^^^ the lifetime is elided here
 0:16.15 ...
 0:16.15  647 |                                        allow_shrinking: bool) -> Result<$BulkWriteHandle, ()> {
 0:16.15      |                                                                         ^^^^^^^^^^^^^^^^ the same lifetime is hidden here
 0:16.15 ...
 0:16.15 1225 | / define_string_types! {
 0:16.15 1226 | |     char_t = u16;
 0:16.15 1227 | |
 0:16.15 1228 | |     AString = nsAString;
 0:16.15 ...    |
 0:16.15 1246 | |     start_bulk_write = Gecko_StartBulkWriteString;
 0:16.15 1247 | | }
 0:16.16      | |_- in this macro invocation
 0:16.16      |
 0:16.16      = help: the same lifetime is referred to in inconsistent ways, making the signature confusing
 0:16.16      = note: this warning originates in the macro `define_string_types` (in Nightly builds, run with -Z macro-backtrace for more info)
 0:16.16 help: use `'_` for type paths
 0:16.16      |
 0:16.16  647 |                                      allow_shrinking: bool) -> Result<$BulkWriteHandle<'_>, ()> {
 0:16.16      |                                                                                       ++++
 0:16.16 warning: hiding a lifetime that's elided elsewhere is confusing
 0:16.16     --> xpcom\rust\nsstring\src\lib.rs:208:22
 0:16.16      |
 0:16.16  208 |               fn adapt(&self) -> $StringAdapter;
 0:16.16      |                        ^^^^^     ^^^^^^^^^^^^^^ the same lifetime is hidden here
 0:16.16      |                        |
 0:16.16      |                        the lifetime is elided here
 0:16.16 ...
 0:16.16 1225 | / define_string_types! {
 0:16.16 1226 | |     char_t = u16;
 0:16.16 1227 | |
 0:16.16 1228 | |     AString = nsAString;
 0:16.16 ...    |
 0:16.16 1246 | |     start_bulk_write = Gecko_StartBulkWriteString;
 0:16.16 1247 | | }
 0:16.16      | |_- in this macro invocation
 0:16.16      |
 0:16.16      = help: the same lifetime is referred to in inconsistent ways, making the signature confusing
 0:16.16      = note: this warning originates in the macro `string_like` which comes from the expansion of the macro `define_string_types` (in Nightly builds, run with -Z macro-backtrace for more info)
 0:16.16 help: use `'_` for type paths
 0:16.16      |
 0:16.16  208 |             fn adapt(&self) -> $StringAdapter<'_>;
 0:16.16      |                                              ++++
 0:16.16 warning: hiding a lifetime that's elided elsewhere is confusing
 0:16.16     --> xpcom\rust\nsstring\src\lib.rs:212:22
 0:16.16      |
 0:16.16  212 |               fn adapt(&self) -> $StringAdapter {
 0:16.16      |                        ^^^^^     ^^^^^^^^^^^^^^ the same lifetime is hidden here
 0:16.16      |                        |
 0:16.16      |                        the lifetime is elided here
 0:16.16 ...
 0:16.16 1225 | / define_string_types! {
 0:16.16 1226 | |     char_t = u16;
 0:16.16 1227 | |
 0:16.16 1228 | |     AString = nsAString;
 0:16.16 ...    |
 0:16.16 1246 | |     start_bulk_write = Gecko_StartBulkWriteString;
 0:16.16 1247 | | }
 0:16.16      | |_- in this macro invocation
 0:16.16      |
 0:16.16      = help: the same lifetime is referred to in inconsistent ways, making the signature confusing
 0:16.16      = note: this warning originates in the macro `string_like` which comes from the expansion of the macro `define_string_types` (in Nightly builds, run with -Z macro-backtrace for more info)
 0:16.16 help: use `'_` for type paths
 0:16.16      |
 0:16.17  212 |             fn adapt(&self) -> $StringAdapter<'_> {
 0:16.17      |                                              ++++
 0:16.17 warning: hiding a lifetime that's elided elsewhere is confusing
 0:16.17     --> xpcom\rust\nsstring\src\lib.rs:219:22
 0:16.17      |
 0:16.17  219 |               fn adapt(&self) -> $StringAdapter {
 0:16.17      |                        ^^^^^     ^^^^^^^^^^^^^^ the same lifetime is hidden here
 0:16.17      |                        |
 0:16.17      |                        the lifetime is elided here
 0:16.17 ...
 0:16.17 1225 | / define_string_types! {
 0:16.17 1226 | |     char_t = u16;
 0:16.17 1227 | |
 0:16.17 1228 | |     AString = nsAString;
 0:16.17 ...    |
 0:16.17 1246 | |     start_bulk_write = Gecko_StartBulkWriteString;
 0:16.17 1247 | | }
 0:16.17      | |_- in this macro invocation
 0:16.17      |
 0:16.17      = help: the same lifetime is referred to in inconsistent ways, making the signature confusing
 0:16.17      = note: this warning originates in the macro `string_like` which comes from the expansion of the macro `define_string_types` (in Nightly builds, run with -Z macro-backtrace for more info)
 0:16.17 help: use `'_` for type paths
 0:16.17      |
 0:16.17  219 |             fn adapt(&self) -> $StringAdapter<'_> {
 0:16.17      |                                              ++++
 0:16.17 warning: hiding a lifetime that's elided elsewhere is confusing
 0:16.17     --> xpcom\rust\nsstring\src\lib.rs:225:22
 0:16.17      |
 0:16.17  225 |               fn adapt(&self) -> $StringAdapter {
 0:16.17      |                        ^^^^^     ^^^^^^^^^^^^^^ the same lifetime is hidden here
 0:16.17      |                        |
 0:16.17      |                        the lifetime is elided here
 0:16.17 ...
 0:16.17 1225 | / define_string_types! {
 0:16.17 1226 | |     char_t = u16;
 0:16.17 1227 | |
 0:16.17 1228 | |     AString = nsAString;
 0:16.17 ...    |
 0:16.17 1246 | |     start_bulk_write = Gecko_StartBulkWriteString;
 0:16.17 1247 | | }
 0:16.17      | |_- in this macro invocation
 0:16.17      |
 0:16.17      = help: the same lifetime is referred to in inconsistent ways, making the signature confusing
 0:16.17      = note: this warning originates in the macro `string_like` which comes from the expansion of the macro `define_string_types` (in Nightly builds, run with -Z macro-backtrace for more info)
 0:16.17 help: use `'_` for type paths
 0:16.17      |
 0:16.17  225 |             fn adapt(&self) -> $StringAdapter<'_> {
 0:16.17      |                                              ++++
 0:16.17 warning: hiding a lifetime that's elided elsewhere is confusing
 0:16.17     --> xpcom\rust\nsstring\src\lib.rs:231:22
 0:16.17      |
 0:16.17  231 |               fn adapt(&self) -> $StringAdapter {
 0:16.17      |                        ^^^^^     ^^^^^^^^^^^^^^ the same lifetime is hidden here
 0:16.17      |                        |
 0:16.17      |                        the lifetime is elided here
 0:16.17 ...
 0:16.17 1225 | / define_string_types! {
 0:16.17 1226 | |     char_t = u16;
 0:16.17 1227 | |
 0:16.17 1228 | |     AString = nsAString;
 0:16.17 ...    |
 0:16.17 1246 | |     start_bulk_write = Gecko_StartBulkWriteString;
 0:16.17 1247 | | }
 0:16.17      | |_- in this macro invocation
 0:16.17      |
 0:16.17      = help: the same lifetime is referred to in inconsistent ways, making the signature confusing
 0:16.17      = note: this warning originates in the macro `string_like` which comes from the expansion of the macro `define_string_types` (in Nightly builds, run with -Z macro-backtrace for more info)
 0:16.17 help: use `'_` for type paths
 0:16.17      |
 0:16.17  231 |             fn adapt(&self) -> $StringAdapter<'_> {
 0:16.17      |                                              ++++
 0:16.17 warning: hiding a lifetime that's elided elsewhere is confusing
 0:16.17     --> xpcom\rust\nsstring\src\lib.rs:237:22
 0:16.17      |
 0:16.17  237 |               fn adapt(&self) -> $StringAdapter {
 0:16.17      |                        ^^^^^     ^^^^^^^^^^^^^^ the same lifetime is hidden here
 0:16.17      |                        |
 0:16.17      |                        the lifetime is elided here
 0:16.17 ...
 0:16.17 1225 | / define_string_types! {
 0:16.17 1226 | |     char_t = u16;
 0:16.17 1227 | |
 0:16.17 1228 | |     AString = nsAString;
 0:16.17 ...    |
 0:16.17 1246 | |     start_bulk_write = Gecko_StartBulkWriteString;
 0:16.17 1247 | | }
 0:16.17      | |_- in this macro invocation
 0:16.18      |
 0:16.18      = help: the same lifetime is referred to in inconsistent ways, making the signature confusing
 0:16.18      = note: this warning originates in the macro `string_like` which comes from the expansion of the macro `define_string_types` (in Nightly builds, run with -Z macro-backtrace for more info)
 0:16.18 help: use `'_` for type paths
 0:16.18      |
 0:16.18  237 |             fn adapt(&self) -> $StringAdapter<'_> {
 0:16.18      |                                              ++++
 0:16.18 warning: hiding a lifetime that's elided elsewhere is confusing
 0:16.18     --> xpcom\rust\nsstring\src\lib.rs:243:22
 0:16.18      |
 0:16.18  243 |               fn adapt(&self) -> $StringAdapter {
 0:16.18      |                        ^^^^^     ^^^^^^^^^^^^^^ the same lifetime is hidden here
 0:16.18      |                        |
 0:16.18      |                        the lifetime is elided here
 0:16.18 ...
 0:16.18 1225 | / define_string_types! {
 0:16.18 1226 | |     char_t = u16;
 0:16.18 1227 | |
 0:16.18 1228 | |     AString = nsAString;
 0:16.18 ...    |
 0:16.18 1246 | |     start_bulk_write = Gecko_StartBulkWriteString;
 0:16.18 1247 | | }
 0:16.18      | |_- in this macro invocation
 0:16.18      |
 0:16.18      = help: the same lifetime is referred to in inconsistent ways, making the signature confusing
 0:16.18      = note: this warning originates in the macro `string_like` which comes from the expansion of the macro `define_string_types` (in Nightly builds, run with -Z macro-backtrace for more info)
 0:16.18 help: use `'_` for type paths
 0:16.18      |
 0:16.18  243 |             fn adapt(&self) -> $StringAdapter<'_> {
 0:16.18      |                                              ++++
 0:16.18 warning: hiding a lifetime that's elided elsewhere is confusing
 0:16.18     --> xpcom\rust\nsstring\src\lib.rs:249:22
 0:16.18      |
 0:16.18  249 |               fn adapt(&self) -> $StringAdapter {
 0:16.18      |                        ^^^^^     ^^^^^^^^^^^^^^ the same lifetime is hidden here
 0:16.18      |                        |
 0:16.18      |                        the lifetime is elided here
 0:16.18 ...
 0:16.18 1225 | / define_string_types! {
 0:16.18 1226 | |     char_t = u16;
 0:16.18 1227 | |
 0:16.18 1228 | |     AString = nsAString;
 0:16.18 ...    |
 0:16.18 1246 | |     start_bulk_write = Gecko_StartBulkWriteString;
 0:16.18 1247 | | }
 0:16.18      | |_- in this macro invocation
 0:16.18      |
 0:16.18      = help: the same lifetime is referred to in inconsistent ways, making the signature confusing
 0:16.18      = note: this warning originates in the macro `string_like` which comes from the expansion of the macro `define_string_types` (in Nightly builds, run with -Z macro-backtrace for more info)
 0:16.18 help: use `'_` for type paths
 0:16.18      |
 0:16.18  249 |             fn adapt(&self) -> $StringAdapter<'_> {
 0:16.18      |                                              ++++
 0:16.18 warning: hiding a lifetime that's elided elsewhere is confusing
 0:16.18     --> xpcom\rust\nsstring\src\lib.rs:255:22
 0:16.18      |
 0:16.18  255 |               fn adapt(&self) -> $StringAdapter {
 0:16.18      |                        ^^^^^     ^^^^^^^^^^^^^^ the same lifetime is hidden here
 0:16.18      |                        |
 0:16.18      |                        the lifetime is elided here
 0:16.18 ...
 0:16.18 1225 | / define_string_types! {
 0:16.18 1226 | |     char_t = u16;
 0:16.18 1227 | |
 0:16.18 1228 | |     AString = nsAString;
 0:16.18 ...    |
 0:16.18 1246 | |     start_bulk_write = Gecko_StartBulkWriteString;
 0:16.18 1247 | | }
 0:16.18      | |_- in this macro invocation
 0:16.18      |
 0:16.18      = help: the same lifetime is referred to in inconsistent ways, making the signature confusing
 0:16.18      = note: this warning originates in the macro `string_like` which comes from the expansion of the macro `define_string_types` (in Nightly builds, run with -Z macro-backtrace for more info)
 0:16.18 help: use `'_` for type paths
 0:16.18      |
 0:16.18  255 |             fn adapt(&self) -> $StringAdapter<'_> {
 0:16.18      |                                              ++++
 0:16.18 warning: `nsstring` (lib) generated 33 warnings (run `cargo fix --lib -p nsstring` to apply 33 suggestions)
 0:16.18 warning: hiding a lifetime that's elided elsewhere is confusing
 0:16.18    --> third_party\rust\bindgen\lib.rs:968:21
 0:16.18     |
 0:16.18 968 |     fn rustfmt_path(&self) -> io::Result<Cow<PathBuf>> {
 0:16.18     |                     ^^^^^                ^^^^^^^^^^^^ the same lifetime is hidden here
 0:16.18     |                     |
 0:16.18     |                     the lifetime is elided here
 0:16.18     |
 0:16.18     = help: the same lifetime is referred to in inconsistent ways, making the signature confusing
 0:16.18     = note: `#[warn(mismatched_lifetime_syntaxes)]` on by default
 0:16.18 help: use `'_` for type paths
 0:16.18     |
 0:16.18 968 |     fn rustfmt_path(&self) -> io::Result<Cow<'_, PathBuf>> {
 0:16.18     |                                              +++
 0:16.18 warning: hiding a lifetime that's elided elsewhere is confusing
 0:16.18    --> third_party\rust\bindgen\clang.rs:946:26
 0:16.18     |
 0:16.18 946 |     pub(crate) fn tokens(&self) -> RawTokens {
 0:16.18     |                          ^^^^^     ^^^^^^^^^ the same lifetime is hidden here
 0:16.18     |                          |
 0:16.18     |                          the lifetime is elided here
 0:16.18     |
 0:16.18     = help: the same lifetime is referred to in inconsistent ways, making the signature confusing
 0:16.18 help: use `'_` for type paths
 0:16.18     |
 0:16.18 946 |     pub(crate) fn tokens(&self) -> RawTokens<'_> {
 0:16.18     |                                             ++++
 0:16.18 warning: hiding a lifetime that's elided elsewhere is confusing
 0:16.18     --> third_party\rust\bindgen\clang.rs:1004:24
 0:16.18      |
 0:16.18 1004 |     pub(crate) fn iter(&self) -> ClangTokenIterator {
 0:16.18      |                        ^^^^^     ^^^^^^^^^^^^^^^^^^ the same lifetime is hidden here
 0:16.18      |                        |
 0:16.18      |                        the lifetime is elided here
 0:16.19      |
 0:16.19      = help: the same lifetime is referred to in inconsistent ways, making the signature confusing
 0:16.19 help: use `'_` for type paths
 0:16.19      |
 0:16.19 1004 |     pub(crate) fn iter(&self) -> ClangTokenIterator<'_> {
 0:16.19      |                                                    ++++
 0:16.19 warning: hiding a lifetime that's elided elsewhere is confusing
 0:16.19     --> third_party\rust\bindgen\ir\context.rs:1243:9
 0:16.19      |
 0:16.19 1243 |         &self,
 0:16.19      |         ^^^^^ the lifetime is elided here
 0:16.19 1244 |     ) -> traversal::AssertNoDanglingItemsTraversal {
 0:16.19      |          ^^^^^^^^^^^^^^^^^^^^^^^^^^^^^^^^^^^^^^^^^ the same lifetime is hidden here
 0:16.19      |
 0:16.19      = help: the same lifetime is referred to in inconsistent ways, making the signature confusing
 0:16.19 help: use `'_` for type paths
 0:16.19      |
 0:16.19 1244 |     ) -> traversal::AssertNoDanglingItemsTraversal<'_> {
 0:16.19      |                                                   ++++
 0:16.19 warning: hiding a lifetime that's elided elsewhere is confusing
 0:16.19    --> third_party\rust\bindgen\ir\ty.rs:246:28
 0:16.19     |
 0:16.19 246 |     fn sanitize_name(name: &str) -> Cow<str> {
 0:16.19     |                            ^^^^     ^^^^^^^^ the same lifetime is hidden here
 0:16.19     |                            |
 0:16.19     |                            the lifetime is elided here
 0:16.19     |
 0:16.19     = help: the same lifetime is referred to in inconsistent ways, making the signature confusing
 0:16.19 help: use `'_` for type paths
 0:16.19     |
 0:16.19 246 |     fn sanitize_name(name: &str) -> Cow<'_, str> {
 0:16.19     |                                         +++
 0:16.19 warning: `bindgen` (lib) generated 5 warnings (run `cargo fix --lib -p bindgen` to apply 5 suggestions)
 0:16.20 warning: hiding a lifetime that's elided elsewhere is confusing
 0:16.20   --> tools\profiler\rust-api\src\label.rs:29:16
 0:16.20    |
 0:16.20 29 |         label: &mut std::mem::MaybeUninit<mozilla::AutoProfilerLabel>,
 0:16.20    |                ^^^^^^^^^^^^^^^^^^^^^^^^^^^^^^^^^^^^^^^^^^^^^^^^^^^^^^ the lifetime is elided here
 0:16.20 30 |         category_pair: ProfilingCategoryPair,
 0:16.20 31 |     ) -> AutoProfilerLabel {
 0:16.20    |          ^^^^^^^^^^^^^^^^^ the same lifetime is hidden here
 0:16.20    |
 0:16.20    = help: the same lifetime is referred to in inconsistent ways, making the signature confusing
 0:16.20    = note: `#[warn(mismatched_lifetime_syntaxes)]` on by default
 0:16.20 help: use `'_` for type paths
 0:16.20    |
 0:16.20 31 |     ) -> AutoProfilerLabel<'_> {
 0:16.20    |                           ++++
 0:16.20 warning: `gecko-profiler` (lib) generated 1 warning (run `cargo fix --lib -p gecko-profiler` to apply 1 suggestion)
 0:16.20    Compiling interrupt-support v0.1.0 (https://github.com/mozilla/application-services?rev=f5907a411e52a3985d0369d71c486eb507c2c4e6#f5907a41)
 0:16.21    Compiling glean-core v64.3.1
 0:16.32    Compiling sync15 v0.1.0 (https://github.com/mozilla/application-services?rev=f5907a411e52a3985d0369d71c486eb507c2c4e6#f5907a41)
 0:16.50 dom/messagechannel
 0:16.58 warning: hiding a lifetime that's elided elsewhere is confusing
 0:16.58     --> servo\components\servo_arc\lib.rs:1063:19
 0:16.58      |
 0:16.58 1063 |     pub fn borrow(&self) -> ArcUnionBorrow<A, B> {
 0:16.58      |                   ^^^^^     ^^^^^^^^^^^^^^^^^^^^ the same lifetime is hidden here
 0:16.58      |                   |
 0:16.58      |                   the lifetime is elided here
 0:16.58      |
 0:16.58      = help: the same lifetime is referred to in inconsistent ways, making the signature confusing
 0:16.58      = note: `#[warn(mismatched_lifetime_syntaxes)]` on by default
 0:16.58 help: use `'_` for type paths
 0:16.58      |
 0:16.58 1063 |     pub fn borrow(&self) -> ArcUnionBorrow<'_, A, B> {
 0:16.58      |                                            +++
 0:16.58 warning: hiding a lifetime that's elided elsewhere is confusing
 0:16.58     --> servo\components\servo_arc\lib.rs:1100:21
 0:16.58      |
 0:16.58 1100 |     pub fn as_first(&self) -> Option<ArcBorrow<A>> {
 0:16.58      |                     ^^^^^            ^^^^^^^^^^^^ the same lifetime is hidden here
 0:16.58      |                     |
 0:16.58      |                     the lifetime is elided here
 0:16.58      |
 0:16.58      = help: the same lifetime is referred to in inconsistent ways, making the signature confusing
 0:16.58 help: use `'_` for type paths
 0:16.58      |
 0:16.58 1100 |     pub fn as_first(&self) -> Option<ArcBorrow<'_, A>> {
 0:16.58      |                                                +++
 0:16.58 warning: hiding a lifetime that's elided elsewhere is confusing
 0:16.58     --> servo\components\servo_arc\lib.rs:1108:22
 0:16.58      |
 0:16.58 1108 |     pub fn as_second(&self) -> Option<ArcBorrow<B>> {
 0:16.58      |                      ^^^^^            ^^^^^^^^^^^^ the same lifetime is hidden here
 0:16.58      |                      |
 0:16.58      |                      the lifetime is elided here
 0:16.58      |
 0:16.58      = help: the same lifetime is referred to in inconsistent ways, making the signature confusing
 0:16.58 help: use `'_` for type paths
 0:16.58      |
 0:16.58 1108 |     pub fn as_second(&self) -> Option<ArcBorrow<'_, B>> {
 0:16.58      |                                                 +++
 0:16.58 warning: `servo_arc` (lib) generated 3 warnings (run `cargo fix --lib -p servo_arc` to apply 3 suggestions)
 0:16.58 warning: hiding a lifetime that's elided elsewhere is confusing
 0:16.58   --> servo\components\selectors\parser.rs:92:26
 0:16.58    |
 0:16.58 92 | fn to_ascii_lowercase(s: &str) -> Cow<str> {
 0:16.58    |                          ^^^^     ^^^^^^^^ the same lifetime is hidden here
 0:16.58    |                          |
 0:16.58    |                          the lifetime is elided here
 0:16.58    |
 0:16.58    = help: the same lifetime is referred to in inconsistent ways, making the signature confusing
 0:16.58    = note: `#[warn(mismatched_lifetime_syntaxes)]` on by default
 0:16.58 help: use `'_` for type paths
 0:16.58    |
 0:16.58 92 | fn to_ascii_lowercase(s: &str) -> Cow<'_, str> {
 0:16.58    |                                       +++
 0:16.58 warning: hiding a lifetime that's elided elsewhere is confusing
 0:16.58    --> servo\components\selectors\parser.rs:981:17
 0:16.58     |
 0:16.58 981 |     pub fn iter(&self) -> SelectorIter<Impl> {
 0:16.58     |                 ^^^^^     ^^^^^^^^^^^^^^^^^^ the same lifetime is hidden here
 0:16.59     |                 |
 0:16.59     |                 the lifetime is elided here
 0:16.59     |
 0:16.59     = help: the same lifetime is referred to in inconsistent ways, making the signature confusing
 0:16.59 help: use `'_` for type paths
 0:16.59     |
 0:16.59 981 |     pub fn iter(&self) -> SelectorIter<'_, Impl> {
 0:16.59     |                                        +++
 0:16.59 warning: hiding a lifetime that's elided elsewhere is confusing
 0:16.59    --> servo\components\selectors\parser.rs:990:47
 0:16.59     |
 0:16.59 990 |     pub fn iter_skip_relative_selector_anchor(&self) -> SelectorIter<Impl> {
 0:16.59     |                                               ^^^^^     ^^^^^^^^^^^^^^^^^^ the same lifetime is hidden here
 0:16.59     |                                               |
 0:16.59     |                                               the lifetime is elided here
 0:16.59     |
 0:16.59     = help: the same lifetime is referred to in inconsistent ways, making the signature confusing
 0:16.59 help: use `'_` for type paths
 0:16.59     |
 0:16.59 990 |     pub fn iter_skip_relative_selector_anchor(&self) -> SelectorIter<'_, Impl> {
 0:16.59     |                                                                      +++
 0:16.59 warning: hiding a lifetime that's elided elsewhere is confusing
 0:16.59     --> servo\components\selectors\parser.rs:1015:22
 0:16.59      |
 0:16.59 1015 |     pub fn iter_from(&self, offset: usize) -> SelectorIter<Impl> {
 0:16.59      |                      ^^^^^                    ^^^^^^^^^^^^^^^^^^ the same lifetime is hidden here
 0:16.59      |                      |
 0:16.59      |                      the lifetime is elided here
 0:16.59      |
 0:16.59      = help: the same lifetime is referred to in inconsistent ways, making the signature confusing
 0:16.59 help: use `'_` for type paths
 0:16.59      |
 0:16.59 1015 |     pub fn iter_from(&self, offset: usize) -> SelectorIter<'_, Impl> {
 0:16.59      |                                                            +++
 0:16.59 warning: hiding a lifetime that's elided elsewhere is confusing
 0:16.59     --> servo\components\selectors\parser.rs:1039:33
 0:16.59      |
 0:16.59 1039 |     pub fn iter_raw_match_order(&self) -> slice::Iter<Component<Impl>> {
 0:16.59      |                                 ^^^^^     ^^^^^^^^^^^^^^^^^^^^^^^^^^^^ the same lifetime is hidden here
 0:16.59      |                                 |
 0:16.59      |                                 the lifetime is elided here
 0:16.59      |
 0:16.59      = help: the same lifetime is referred to in inconsistent ways, making the signature confusing
 0:16.59 help: use `'_` for type paths
 0:16.59      |
 0:16.59 1039 |     pub fn iter_raw_match_order(&self) -> slice::Iter<'_, Component<Impl>> {
 0:16.59      |                                                       +++
 0:16.59 warning: hiding a lifetime that's elided elsewhere is confusing
 0:16.59     --> servo\components\selectors\parser.rs:1060:38
 0:16.59      |
 0:16.59 1060 |     pub fn iter_raw_parse_order_from(&self, offset: usize) -> Rev<slice::Iter<Component<Impl>>> {
 0:16.59      |                                      ^^^^^                        ^^^^^^^^^^^^^^^^^^^^^^^^^^^^ the same lifetime is hidden here
 0:16.59      |                                      |
 0:16.59      |                                      the lifetime is elided here
 0:16.59      |
 0:16.59      = help: the same lifetime is referred to in inconsistent ways, making the signature confusing
 0:16.59 help: use `'_` for type paths
 0:16.59      |
 0:16.59 1060 |     pub fn iter_raw_parse_order_from(&self, offset: usize) -> Rev<slice::Iter<'_, Component<Impl>>> {
 0:16.59      |                                                                               +++
 0:16.59 warning: `selectors` (lib) generated 6 warnings (run `cargo fix --lib -p selectors` to apply 6 suggestions)
 0:16.59 warning: hiding a lifetime that's elided elsewhere is confusing
 0:16.59     --> gfx\wr\glsl-to-cxx\src\hir.rs:1015:16
 0:16.59      |
 0:16.59 1015 |     pub fn sym(&self, sym: SymRef) -> Ref<Symbol> {
 0:16.59      |                ^^^^^                  ^^^^^^^^^^^ the same lifetime is hidden here
 0:16.59      |                |
 0:16.59      |                the lifetime is elided here
 0:16.59      |
 0:16.59      = help: the same lifetime is referred to in inconsistent ways, making the signature confusing
 0:16.59      = note: `#[warn(mismatched_lifetime_syntaxes)]` on by default
 0:16.59 help: use `'_` for type paths
 0:16.59      |
 0:16.59 1015 |     pub fn sym(&self, sym: SymRef) -> Ref<'_, Symbol> {
 0:16.59      |                                           +++
 0:16.59 warning: `glsl-to-cxx` (lib) generated 1 warning (run `cargo fix --lib -p glsl-to-cxx` to apply 1 suggestion)
 0:16.59    Compiling glslopt v0.1.11
 0:16.69 dom/midi
 0:16.87    Compiling webrender v0.62.0 (D:\mozilla\firefox\Skyfox\gfx\wr\webrender)
 0:16.98 warning: unexpected `cfg` condition value: `phf`
 0:16.98  --> third_party\rust\mime_guess\build.rs:1:7
 0:16.98   |
 0:16.98 1 | #[cfg(feature = "phf")]
 0:16.98   |       ^^^^^^^^^^^^^^^
 0:16.98   |
 0:16.98   = note: expected values for `feature` are: `default` and `rev-mappings`
 0:16.98   = help: consider adding `phf` as a feature in `Cargo.toml`
 0:16.98   = note: see <https://doc.rust-lang.org/nightly/rustc/check-cfg/cargo-specifics.html> for more information about checking conditional configuration
 0:16.98   = note: `#[warn(unexpected_cfgs)]` on by default
 0:16.98 warning: unexpected `cfg` condition value: `phf`
 0:16.98   --> third_party\rust\mime_guess\build.rs:20:7
 0:16.98    |
 0:16.98 20 | #[cfg(feature = "phf")]
 0:16.98    |       ^^^^^^^^^^^^^^^
 0:16.98    |
 0:16.98    = note: expected values for `feature` are: `default` and `rev-mappings`
 0:16.98    = help: consider adding `phf` as a feature in `Cargo.toml`
 0:16.98    = note: see <https://doc.rust-lang.org/nightly/rustc/check-cfg/cargo-specifics.html> for more information about checking conditional configuration
 0:16.98 warning: unexpected `cfg` condition value: `phf`
 0:16.98   --> third_party\rust\mime_guess\build.rs:36:7
 0:16.98    |
 0:16.98 36 | #[cfg(feature = "phf")]
 0:16.98    |       ^^^^^^^^^^^^^^^
 0:16.98    |
 0:16.98    = note: expected values for `feature` are: `default` and `rev-mappings`
 0:16.98    = help: consider adding `phf` as a feature in `Cargo.toml`
 0:16.98    = note: see <https://doc.rust-lang.org/nightly/rustc/check-cfg/cargo-specifics.html> for more information about checking conditional configuration
 0:16.98 warning: unexpected `cfg` condition value: `phf`
 0:16.98   --> third_party\rust\mime_guess\build.rs:73:11
 0:16.98    |
 0:16.98 73 | #[cfg(all(feature = "phf", feature = "rev-mappings"))]
 0:16.98    |           ^^^^^^^^^^^^^^^
 0:16.98    |
 0:16.98    = note: expected values for `feature` are: `default` and `rev-mappings`
 0:16.98    = help: consider adding `phf` as a feature in `Cargo.toml`
 0:16.98    = note: see <https://doc.rust-lang.org/nightly/rustc/check-cfg/cargo-specifics.html> for more information about checking conditional configuration
 0:16.98 warning: unexpected `cfg` condition value: `phf`
 0:16.98    --> third_party\rust\mime_guess\build.rs:118:15
 0:16.98     |
 0:16.98 118 | #[cfg(all(not(feature = "phf"), feature = "rev-mappings"))]
 0:16.98     |               ^^^^^^^^^^^^^^^
 0:16.98     |
 0:16.98     = note: expected values for `feature` are: `default` and `rev-mappings`
 0:16.98     = help: consider adding `phf` as a feature in `Cargo.toml`
 0:16.98     = note: see <https://doc.rust-lang.org/nightly/rustc/check-cfg/cargo-specifics.html> for more information about checking conditional configuration
 0:16.98 warning: unexpected `cfg` condition value: `phf`
 0:16.98   --> third_party\rust\mime_guess\build.rs:28:11
 0:16.98    |
 0:16.98 28 |     #[cfg(feature = "phf")]
 0:16.98    |           ^^^^^^^^^^^^^^^
 0:16.98    |
 0:16.98    = note: expected values for `feature` are: `default` and `rev-mappings`
 0:16.98    = help: consider adding `phf` as a feature in `Cargo.toml`
 0:16.98    = note: see <https://doc.rust-lang.org/nightly/rustc/check-cfg/cargo-specifics.html> for more information about checking conditional configuration
 0:16.98 warning: `mime_guess` (build script) generated 6 warnings
 0:16.98 warning: hiding a lifetime that's elided elsewhere is confusing
 0:16.98   --> gfx\wr\webrender_api\src\display_item_cache.rs:20:34
 0:16.98    |
 0:16.98 20 |     pub fn data_as_item_range<T>(&self) -> ItemRange<T> {
 0:16.98    |                                  ^^^^^     ^^^^^^^^^^^^ the same lifetime is hidden here
 0:16.98    |                                  |
 0:16.98    |                                  the lifetime is elided here
 0:16.98    |
 0:16.98    = help: the same lifetime is referred to in inconsistent ways, making the signature confusing
 0:16.98    = note: `#[warn(mismatched_lifetime_syntaxes)]` on by default
 0:16.98 help: use `'_` for type paths
 0:16.98    |
 0:16.98 20 |     pub fn data_as_item_range<T>(&self) -> ItemRange<'_, T> {
 0:16.98    |                                                      +++
 0:16.98 warning: hiding a lifetime that's elided elsewhere is confusing
 0:16.98    --> gfx\wr\webrender_api\src\display_list.rs:233:17
 0:16.98     |
 0:16.98 233 |     pub fn iter(&self) -> BuiltDisplayListIter {
 0:16.98     |                 ^^^^^     ^^^^^^^^^^^^^^^^^^^^ the same lifetime is hidden here
 0:16.98     |                 |
 0:16.98     |                 the lifetime is elided here
 0:16.98     |
 0:16.98     = help: the same lifetime is referred to in inconsistent ways, making the signature confusing
 0:16.98 help: use `'_` for type paths
 0:16.98     |
 0:16.98 233 |     pub fn iter(&self) -> BuiltDisplayListIter<'_> {
 0:16.98     |                                               ++++
 0:16.98 warning: hiding a lifetime that's elided elsewhere is confusing
 0:16.98    --> gfx\wr\webrender_api\src\display_list.rs:511:29
 0:16.98     |
 0:16.98 511 |     pub fn clip_chain_items(&self) -> ItemRange<di::ClipId> {
 0:16.98     |                             ^^^^^     ^^^^^^^^^^^^^^^^^^^^^ the same lifetime is hidden here
 0:16.98     |                             |
 0:16.98     |                             the lifetime is elided here
 0:16.98     |
 0:16.98     = help: the same lifetime is referred to in inconsistent ways, making the signature confusing
 0:16.98 help: use `'_` for type paths
 0:16.98     |
 0:16.98 511 |     pub fn clip_chain_items(&self) -> ItemRange<'_, di::ClipId> {
 0:16.98     |                                                 +++
 0:16.98 warning: hiding a lifetime that's elided elsewhere is confusing
 0:16.98    --> gfx\wr\webrender_api\src\display_list.rs:515:19
 0:16.98     |
 0:16.98 515 |     pub fn points(&self) -> ItemRange<LayoutPoint> {
 0:16.98     |                   ^^^^^     ^^^^^^^^^^^^^^^^^^^^^^ the same lifetime is hidden here
 0:16.98     |                   |
 0:16.98     |                   the lifetime is elided here
 0:16.98     |
 0:16.98     = help: the same lifetime is referred to in inconsistent ways, making the signature confusing
 0:16.98 help: use `'_` for type paths
 0:16.98     |
 0:16.99 515 |     pub fn points(&self) -> ItemRange<'_, LayoutPoint> {
 0:16.99     |                                       +++
 0:16.99 warning: hiding a lifetime that's elided elsewhere is confusing
 0:16.99    --> gfx\wr\webrender_api\src\display_list.rs:519:19
 0:16.99     |
 0:16.99 519 |     pub fn glyphs(&self) -> ItemRange<GlyphInstance> {
 0:16.99     |                   ^^^^^     ^^^^^^^^^^^^^^^^^^^^^^^^ the same lifetime is hidden here
 0:16.99     |                   |
 0:16.99     |                   the lifetime is elided here
 0:16.99     |
 0:16.99     = help: the same lifetime is referred to in inconsistent ways, making the signature confusing
 0:16.99 help: use `'_` for type paths
 0:16.99     |
 0:16.99 519 |     pub fn glyphs(&self) -> ItemRange<'_, GlyphInstance> {
 0:16.99     |                                       +++
 0:16.99 warning: hiding a lifetime that's elided elsewhere is confusing
 0:16.99    --> gfx\wr\webrender_api\src\display_list.rs:523:27
 0:16.99     |
 0:16.99 523 |     pub fn gradient_stops(&self) -> ItemRange<di::GradientStop> {
 0:16.99     |                           ^^^^^     ^^^^^^^^^^^^^^^^^^^^^^^^^^^ the same lifetime is hidden here
 0:16.99     |                           |
 0:16.99     |                           the lifetime is elided here
 0:16.99     |
 0:16.99     = help: the same lifetime is referred to in inconsistent ways, making the signature confusing
 0:16.99 help: use `'_` for type paths
 0:16.99     |
 0:16.99 523 |     pub fn gradient_stops(&self) -> ItemRange<'_, di::GradientStop> {
 0:16.99     |                                               +++
 0:16.99 warning: hiding a lifetime that's elided elsewhere is confusing
 0:16.99    --> gfx\wr\webrender_api\src\display_list.rs:527:20
 0:16.99     |
 0:16.99 527 |     pub fn filters(&self) -> ItemRange<di::FilterOp> {
 0:16.99     |                    ^^^^^     ^^^^^^^^^^^^^^^^^^^^^^^ the same lifetime is hidden here
 0:16.99     |                    |
 0:16.99     |                    the lifetime is elided here
 0:16.99     |
 0:16.99     = help: the same lifetime is referred to in inconsistent ways, making the signature confusing
 0:16.99 help: use `'_` for type paths
 0:16.99     |
 0:16.99 527 |     pub fn filters(&self) -> ItemRange<'_, di::FilterOp> {
 0:16.99     |                                        +++
 0:16.99 warning: hiding a lifetime that's elided elsewhere is confusing
 0:16.99    --> gfx\wr\webrender_api\src\display_list.rs:531:25
 0:16.99     |
 0:16.99 531 |     pub fn filter_datas(&self) -> &Vec<TempFilterData> {
 0:16.99     |                         ^^^^^     ^^^^^^^^^^^^^^^^^^^^
 0:16.99     |                         |         |    |
 0:16.99     |                         |         |    the same lifetime is hidden here
 0:16.99     |                         |         the same lifetime is elided here
 0:16.99     |                         the lifetime is elided here
 0:16.99     |
 0:16.99     = help: the same lifetime is referred to in inconsistent ways, making the signature confusing
 0:16.99 help: use `'_` for type paths
 0:16.99     |
 0:16.99 531 |     pub fn filter_datas(&self) -> &Vec<TempFilterData<'_>> {
 0:16.99     |                                                      ++++
 0:16.99 warning: hiding a lifetime that's elided elsewhere is confusing
 0:16.99    --> gfx\wr\webrender_api\src\display_list.rs:535:30
 0:16.99     |
 0:16.99 535 |     pub fn filter_primitives(&self) -> ItemRange<di::FilterPrimitive> {
 0:16.99     |                              ^^^^^     ^^^^^^^^^^^^^^^^^^^^^^^^^^^^^^ the same lifetime is hidden here
 0:16.99     |                              |
 0:16.99     |                              the lifetime is elided here
 0:16.99     |
 0:16.99     = help: the same lifetime is referred to in inconsistent ways, making the signature confusing
 0:16.99 help: use `'_` for type paths
 0:16.99     |
 0:16.99 535 |     pub fn filter_primitives(&self) -> ItemRange<'_, di::FilterPrimitive> {
 0:16.99     |                                                  +++
 0:16.99 warning: hiding a lifetime that's elided elsewhere is confusing
 0:16.99    --> gfx\wr\webrender_api\src\display_list.rs:610:17
 0:16.99     |
 0:16.99 610 |     pub fn iter(&self) -> BuiltDisplayListIter {
 0:16.99     |                 ^^^^^     ^^^^^^^^^^^^^^^^^^^^ the same lifetime is hidden here
 0:16.99     |                 |
 0:16.99     |                 the lifetime is elided here
 0:16.99     |
 0:16.99     = help: the same lifetime is referred to in inconsistent ways, making the signature confusing
 0:16.99 help: use `'_` for type paths
 0:16.99     |
 0:16.99 610 |     pub fn iter(&self) -> BuiltDisplayListIter<'_> {
 0:16.99     |                                               ++++
 0:16.99 warning: hiding a lifetime that's elided elsewhere is confusing
 0:16.99    --> gfx\wr\webrender_api\src\display_list.rs:614:28
 0:16.99     |
 0:16.99 614 |     pub fn cache_data_iter(&self) -> BuiltDisplayListIter {
 0:16.99     |                            ^^^^^     ^^^^^^^^^^^^^^^^^^^^ the same lifetime is hidden here
 0:16.99     |                            |
 0:16.99     |                            the lifetime is elided here
 0:16.99     |
 0:16.99     = help: the same lifetime is referred to in inconsistent ways, making the signature confusing
 0:16.99 help: use `'_` for type paths
 0:16.99     |
 0:16.99 614 |     pub fn cache_data_iter(&self) -> BuiltDisplayListIter<'_> {
 0:16.99     |                                                          ++++
 0:16.99 warning: hiding a lifetime that's elided elsewhere is confusing
 0:16.99    --> gfx\wr\webrender_api\src\display_list.rs:788:19
 0:16.99     |
 0:16.99 788 |     pub fn glyphs(&self) -> ItemRange<GlyphInstance> {
 0:16.99     |                   ^^^^^     ^^^^^^^^^^^^^^^^^^^^^^^^ the same lifetime is hidden here
 0:16.99     |                   |
 0:16.99     |                   the lifetime is elided here
 0:16.99     |
 0:16.99     = help: the same lifetime is referred to in inconsistent ways, making the signature confusing
 0:16.99 help: use `'_` for type paths
 0:16.99     |
 0:16.99 788 |     pub fn glyphs(&self) -> ItemRange<'_, GlyphInstance> {
 0:16.99     |                                       +++
 0:16.99 warning: hiding a lifetime that's elided elsewhere is confusing
 0:16.99    --> gfx\wr\webrender_api\src\display_list.rs:792:27
 0:16.99     |
 0:16.99 792 |     pub fn gradient_stops(&self) -> ItemRange<di::GradientStop> {
 0:16.99     |                           ^^^^^     ^^^^^^^^^^^^^^^^^^^^^^^^^^^ the same lifetime is hidden here
 0:16.99     |                           |
 0:16.99     |                           the lifetime is elided here
 0:16.99     |
 0:16.99     = help: the same lifetime is referred to in inconsistent ways, making the signature confusing
 0:16.99 help: use `'_` for type paths
 0:16.99     |
 0:16.99 792 |     pub fn gradient_stops(&self) -> ItemRange<'_, di::GradientStop> {
 0:16.99     |                                               +++
 0:16.99 warning: hiding a lifetime that's elided elsewhere is confusing
 0:16.99    --> gfx\wr\webrender_api\src\image.rs:117:13
 0:16.99     |
 0:16.99 117 |     fn lock(&mut self, key: ExternalImageId, channel_index: u8) -> ExternalImage;
 0:16.99     |             ^^^^^^^^^ the lifetime is elided here                  ^^^^^^^^^^^^^ the same lifetime is hidden here
 0:16.99     |
 0:16.99     = help: the same lifetime is referred to in inconsistent ways, making the signature confusing
 0:16.99 help: use `'_` for type paths
 0:16.99     |
 0:16.99 117 |     fn lock(&mut self, key: ExternalImageId, channel_index: u8) -> ExternalImage<'_>;
 0:16.99     |                                                                                 ++++
 0:16.99 warning: `webrender_api` (lib) generated 14 warnings (run `cargo fix --lib -p webrender_api` to apply 14 suggestions)
 0:16.99    Compiling tabs v0.1.0 (https://github.com/mozilla/application-services?rev=f5907a411e52a3985d0369d71c486eb507c2c4e6#f5907a41)
 0:17.32 dom/mls
 0:17.34    Compiling sql-support v0.1.0 (https://github.com/mozilla/application-services?rev=f5907a411e52a3985d0369d71c486eb507c2c4e6#f5907a41)
 0:17.45    Compiling webext-storage v0.1.0 (https://github.com/mozilla/application-services?rev=f5907a411e52a3985d0369d71c486eb507c2c4e6#f5907a41)
 0:17.99    Compiling remote_settings v0.1.0 (https://github.com/mozilla/application-services?rev=f5907a411e52a3985d0369d71c486eb507c2c4e6#f5907a41)
 0:18.46 warning: hiding a lifetime that's elided elsewhere is confusing
 0:18.46    --> intl\l10n\rust\l10nregistry-rs\src\registry\mod.rs:216:35
 0:18.46     |
 0:18.46 216 |     pub fn try_borrow_metasources(&self) -> Result<Ref<MetaSources>, L10nRegistrySetupError> {
 0:18.46     |                                   ^^^^^            ^^^^^^^^^^^^^^^^ the same lifetime is hidden here
 0:18.46     |                                   |
 0:18.46     |                                   the lifetime is elided here
 0:18.46     |
 0:18.46     = help: the same lifetime is referred to in inconsistent ways, making the signature confusing
 0:18.46     = note: `#[warn(mismatched_lifetime_syntaxes)]` on by default
 0:18.46 help: use `'_` for type paths
 0:18.46     |
 0:18.46 216 |     pub fn try_borrow_metasources(&self) -> Result<Ref<'_, MetaSources>, L10nRegistrySetupError> {
 0:18.46     |                                                        +++
 0:18.46 warning: hiding a lifetime that's elided elsewhere is confusing
 0:18.46    --> intl\l10n\rust\l10nregistry-rs\src\registry\mod.rs:224:9
 0:18.46     |
 0:18.46 224 |         &self,
 0:18.46     |         ^^^^^ the lifetime is elided here
 0:18.46 225 |     ) -> Result<RefMut<MetaSources>, L10nRegistrySetupError> {
 0:18.46     |                 ^^^^^^^^^^^^^^^^^^^ the same lifetime is hidden here
 0:18.46     |
 0:18.46     = help: the same lifetime is referred to in inconsistent ways, making the signature confusing
 0:18.46 help: use `'_` for type paths
 0:18.46     |
 0:18.46 225 |     ) -> Result<RefMut<'_, MetaSources>, L10nRegistrySetupError> {
 0:18.46     |                        +++
 0:18.46 warning: `l10nregistry` (lib) generated 2 warnings (run `cargo fix --lib -p l10nregistry` to apply 2 suggestions)
 0:18.47    Compiling golden_gate v0.1.0 (D:\mozilla\firefox\Skyfox\services\sync\golden_gate)
 0:18.62 dom/navigation
 0:18.84 dom/network
 0:18.95    Compiling swgl v0.1.0 (D:\mozilla\firefox\Skyfox\gfx\wr\swgl)
 0:18.96 warning: hiding a lifetime that's elided elsewhere is confusing
 0:18.96   --> intl\l10n\rust\fluent-ffi\src\bundle.rs:35:26
 0:18.96    |
 0:18.96 35 | fn transform_accented(s: &str) -> Cow<str> {
 0:18.96    |                          ^^^^     ^^^^^^^^ the same lifetime is hidden here
 0:18.96    |                          |
 0:18.96    |                          the lifetime is elided here
 0:18.96    |
 0:18.96    = help: the same lifetime is referred to in inconsistent ways, making the signature confusing
 0:18.96    = note: `#[warn(mismatched_lifetime_syntaxes)]` on by default
 0:18.96 help: use `'_` for type paths
 0:18.96    |
 0:18.96 35 | fn transform_accented(s: &str) -> Cow<'_, str> {
 0:18.96    |                                       +++
 0:18.96 warning: hiding a lifetime that's elided elsewhere is confusing
 0:18.96   --> intl\l10n\rust\fluent-ffi\src\bundle.rs:39:22
 0:18.97    |
 0:18.97 39 | fn transform_bidi(s: &str) -> Cow<str> {
 0:18.97    |                      ^^^^     ^^^^^^^^ the same lifetime is hidden here
 0:18.97    |                      |
 0:18.97    |                      the lifetime is elided here
 0:18.97    |
 0:18.97    = help: the same lifetime is referred to in inconsistent ways, making the signature confusing
 0:18.97 help: use `'_` for type paths
 0:18.97    |
 0:18.97 39 | fn transform_bidi(s: &str) -> Cow<'_, str> {
 0:18.97    |                                   +++
 0:18.97 warning: `fluent-ffi` (lib) generated 2 warnings (run `cargo fix --lib -p fluent-ffi` to apply 2 suggestions)
 0:18.97 warning: hiding a lifetime that's elided elsewhere is confusing
 0:18.97    --> security\manager\ssl\trust_anchors\build.rs:101:13
 0:18.97     |
 0:18.97 101 | fn class(i: &str) -> IResult<&str, Ck> {
 0:18.97     |             ^^^^             ^^^^  ^^ the same lifetime is hidden here
 0:18.97     |             |                |
 0:18.97     |             |                the same lifetime is elided here
 0:18.97     |             the lifetime is elided here
 0:18.97     |
 0:18.97     = help: the same lifetime is referred to in inconsistent ways, making the signature confusing
 0:18.97     = note: `#[warn(mismatched_lifetime_syntaxes)]` on by default
 0:18.97 help: use `'_` for type paths
 0:18.97     |
 0:18.97 101 | fn class(i: &str) -> IResult<&str, Ck<'_>> {
 0:18.97     |                                      ++++
 0:18.97 warning: hiding a lifetime that's elided elsewhere is confusing
 0:18.97    --> security\manager\ssl\trust_anchors\build.rs:114:13
 0:18.97     |
 0:18.97 114 | fn trust(i: &str) -> IResult<&str, Ck> {
 0:18.97     |             ^^^^             ^^^^  ^^ the same lifetime is hidden here
 0:18.97     |             |                |
 0:18.97     |             |                the same lifetime is elided here
 0:18.97     |             the lifetime is elided here
 0:18.97     |
 0:18.97     = help: the same lifetime is referred to in inconsistent ways, making the signature confusing
 0:18.97 help: use `'_` for type paths
 0:18.97     |
 0:18.97 114 | fn trust(i: &str) -> IResult<&str, Ck<'_>> {
 0:18.97     |                                      ++++
 0:18.97 warning: hiding a lifetime that's elided elsewhere is confusing
 0:18.97    --> security\manager\ssl\trust_anchors\build.rs:129:20
 0:18.97     |
 0:18.97 129 | fn option_bbool(i: &str) -> IResult<&str, Ck> {
 0:18.97     |                    ^^^^             ^^^^  ^^ the same lifetime is hidden here
 0:18.97     |                    |                |
 0:18.97     |                    |                the same lifetime is elided here
 0:18.97     |                    the lifetime is elided here
 0:18.97     |
 0:18.97     = help: the same lifetime is referred to in inconsistent ways, making the signature confusing
 0:18.97 help: use `'_` for type paths
 0:18.97     |
 0:18.97 129 | fn option_bbool(i: &str) -> IResult<&str, Ck<'_>> {
 0:18.97     |                                             ++++
 0:18.97 warning: hiding a lifetime that's elided elsewhere is confusing
 0:18.97    --> security\manager\ssl\trust_anchors\build.rs:138:18
 0:18.97     |
 0:18.97 138 | fn bbool_true(i: &str) -> IResult<&str, Ck> {
 0:18.97     |                  ^^^^             ^^^^  ^^ the same lifetime is hidden here
 0:18.97     |                  |                |
 0:18.97     |                  |                the same lifetime is elided here
 0:18.97     |                  the lifetime is elided here
 0:18.97     |
 0:18.97     = help: the same lifetime is referred to in inconsistent ways, making the signature confusing
 0:18.97 help: use `'_` for type paths
 0:18.97     |
 0:18.97 138 | fn bbool_true(i: &str) -> IResult<&str, Ck<'_>> {
 0:18.97     |                                           ++++
 0:18.97 warning: hiding a lifetime that's elided elsewhere is confusing
 0:18.97    --> security\manager\ssl\trust_anchors\build.rs:147:19
 0:18.97     |
 0:18.97 147 | fn bbool_false(i: &str) -> IResult<&str, Ck> {
 0:18.97     |                   ^^^^             ^^^^  ^^ the same lifetime is hidden here
 0:18.97     |                   |                |
 0:18.97     |                   |                the same lifetime is elided here
 0:18.97     |                   the lifetime is elided here
 0:18.97     |
 0:18.97     = help: the same lifetime is referred to in inconsistent ways, making the signature confusing
 0:18.97 help: use `'_` for type paths
 0:18.97     |
 0:18.97 147 | fn bbool_false(i: &str) -> IResult<&str, Ck<'_>> {
 0:18.97     |                                            ++++
 0:18.97 warning: hiding a lifetime that's elided elsewhere is confusing
 0:18.97    --> security\manager\ssl\trust_anchors\build.rs:156:12
 0:18.97     |
 0:18.97 156 | fn utf8(i: &str) -> IResult<&str, Ck> {
 0:18.97     |            ^^^^             ^^^^  ^^ the same lifetime is hidden here
 0:18.97     |            |                |
 0:18.97     |            |                the same lifetime is elided here
 0:18.97     |            the lifetime is elided here
 0:18.97     |
 0:18.97     = help: the same lifetime is referred to in inconsistent ways, making the signature confusing
 0:18.97 help: use `'_` for type paths
 0:18.97     |
 0:18.97 156 | fn utf8(i: &str) -> IResult<&str, Ck<'_>> {
 0:18.97     |                                     ++++
 0:18.97 warning: hiding a lifetime that's elided elsewhere is confusing
 0:18.97    --> security\manager\ssl\trust_anchors\build.rs:167:24
 0:18.97     |
 0:18.97 167 | fn certificate_type(i: &str) -> IResult<&str, Ck> {
 0:18.97     |                        ^^^^             ^^^^  ^^ the same lifetime is hidden here
 0:18.97     |                        |                |
 0:18.97     |                        |                the same lifetime is elided here
 0:18.97     |                        the lifetime is elided here
 0:18.97     |
 0:18.97     = help: the same lifetime is referred to in inconsistent ways, making the signature confusing
 0:18.97 help: use `'_` for type paths
 0:18.97     |
 0:18.97 167 | fn certificate_type(i: &str) -> IResult<&str, Ck<'_>> {
 0:18.97     |                                                 ++++
 0:18.97 warning: hiding a lifetime that's elided elsewhere is confusing
 0:18.97    --> security\manager\ssl\trust_anchors\build.rs:178:22
 0:18.97     |
 0:18.97 178 | fn distrust_after(i: &str) -> IResult<&str, Ck> {
 0:18.97     |                      ^^^^             ^^^^  ^^ the same lifetime is hidden here
 0:18.97     |                      |                |
 0:18.97     |                      |                the same lifetime is elided here
 0:18.97     |                      the lifetime is elided here
 0:18.97     |
 0:18.97     = help: the same lifetime is referred to in inconsistent ways, making the signature confusing
 0:18.97 help: use `'_` for type paths
 0:18.97     |
 0:18.97 178 | fn distrust_after(i: &str) -> IResult<&str, Ck<'_>> {
 0:18.97     |                                               ++++
 0:18.97 warning: hiding a lifetime that's elided elsewhere is confusing
 0:18.97    --> security\manager\ssl\trust_anchors\build.rs:196:23
 0:18.97     |
 0:18.97 196 | fn multiline_octal(i: &str) -> IResult<&str, Ck> {
 0:18.97     |                       ^^^^             ^^^^  ^^ the same lifetime is hidden here
 0:18.97     |                       |                |
 0:18.97     |                       |                the same lifetime is elided here
 0:18.97     |                       the lifetime is elided here
 0:18.97     |
 0:18.97     = help: the same lifetime is referred to in inconsistent ways, making the signature confusing
 0:18.97 help: use `'_` for type paths
 0:18.97     |
 0:18.97 196 | fn multiline_octal(i: &str) -> IResult<&str, Ck<'_>> {
 0:18.97     |                                                ++++
 0:18.97 warning: hiding a lifetime that's elided elsewhere is confusing
 0:18.97    --> security\manager\ssl\trust_anchors\build.rs:207:24
 0:18.97     |
 0:18.97 207 | fn distrust_comment(i: &str) -> IResult<&str, (&str, Ck)> {
 0:18.97     |                        ^^^^             ^^^^   ^^^^  ^^ the same lifetime is hidden here
 0:18.97     |                        |                |      |
 0:18.97     |                        |                |      the same lifetime is elided here
 0:18.97     |                        |                the same lifetime is elided here
 0:18.97     |                        the lifetime is elided here
 0:18.97     |
 0:18.97     = help: the same lifetime is referred to in inconsistent ways, making the signature confusing
 0:18.97 help: use `'_` for type paths
 0:18.97     |
 0:18.97 207 | fn distrust_comment(i: &str) -> IResult<&str, (&str, Ck<'_>)> {
 0:18.97     |                                                        ++++
 0:18.97 warning: hiding a lifetime that's elided elsewhere is confusing
 0:18.97    --> security\manager\ssl\trust_anchors\build.rs:219:15
 0:18.97     |
 0:18.97 219 | fn comment(i: &str) -> IResult<&str, (&str, Ck)> {
 0:18.97     |               ^^^^             ^^^^   ^^^^  ^^ the same lifetime is hidden here
 0:18.97     |               |                |      |
 0:18.97     |               |                |      the same lifetime is elided here
 0:18.97     |               |                the same lifetime is elided here
 0:18.97     |               the lifetime is elided here
 0:18.98     |
 0:18.98     = help: the same lifetime is referred to in inconsistent ways, making the signature confusing
 0:18.98 help: use `'_` for type paths
 0:18.98     |
 0:18.98 219 | fn comment(i: &str) -> IResult<&str, (&str, Ck<'_>)> {
 0:18.98     |                                               ++++
 0:18.98 warning: hiding a lifetime that's elided elsewhere is confusing
 0:18.98    --> security\manager\ssl\trust_anchors\build.rs:224:21
 0:18.98     |
 0:18.98 224 | fn certdata_line(i: &str) -> IResult<&str, (&str, Ck)> {
 0:18.98     |                     ^^^^             ^^^^   ^^^^  ^^ the same lifetime is hidden here
 0:18.98     |                     |                |      |
 0:18.98     |                     |                |      the same lifetime is elided here
 0:18.98     |                     |                the same lifetime is elided here
 0:18.98     |                     the lifetime is elided here
 0:18.98     |
 0:18.98     = help: the same lifetime is referred to in inconsistent ways, making the signature confusing
 0:18.98 help: use `'_` for type paths
 0:18.98     |
 0:18.98 224 | fn certdata_line(i: &str) -> IResult<&str, (&str, Ck<'_>)> {
 0:18.98     |                                                     ++++
 0:18.98 warning: hiding a lifetime that's elided elsewhere is confusing
 0:18.98    --> security\manager\ssl\trust_anchors\build.rs:281:13
 0:18.98     |
 0:18.98 281 | fn parse(i: &str) -> IResult<&str, Vec<Block>> {
 0:18.98     |             ^^^^             ^^^^      ^^^^^ the same lifetime is hidden here
 0:18.98     |             |                |
 0:18.98     |             |                the same lifetime is elided here
 0:18.98     |             the lifetime is elided here
 0:18.98     |
 0:18.98     = help: the same lifetime is referred to in inconsistent ways, making the signature confusing
 0:18.98 help: use `'_` for type paths
 0:18.98     |
 0:18.98 281 | fn parse(i: &str) -> IResult<&str, Vec<Block<'_>>> {
 0:18.98     |                                             ++++
 0:18.98 warning: `trust-anchors` (build script) generated 13 warnings
 0:18.98 warning: unused import: `crate::values::generics::border::BorderCornerRadius`
 0:18.98      --> D:/mozilla/firefox/Skyfox/obj-x86_64-pc-windows-msvc\x86_64-pc-windows-msvc\release\build\style-6e86a323422f0acb\out/properties.rs:81742:9
 0:18.98       |
 0:18.98 81742 |     use crate::values::generics::border::BorderCornerRadius;
 0:18.98       |         ^^^^^^^^^^^^^^^^^^^^^^^^^^^^^^^^^^^^^^^^^^^^^^^^^^^
 0:18.98       |
 0:18.98       = note: `#[warn(unused_imports)]` (part of `#[warn(unused)]`) on by default
 0:18.98 warning: hiding a lifetime that's elided elsewhere is confusing
 0:18.98    --> servo\components\style\gecko_string_cache\mod.rs:206:14
 0:18.98     |
 0:18.98 206 |     fn chars(&self) -> DecodeUtf16<Cloned<slice::Iter<u16>>> {
 0:18.98     |              ^^^^^                        ^^^^^^^^^^^^^^^^ the same lifetime is hidden here
 0:18.98     |              |
 0:18.98     |              the lifetime is elided here
 0:18.98     |
 0:18.98     = help: the same lifetime is referred to in inconsistent ways, making the signature confusing
 0:18.98     = note: `#[warn(mismatched_lifetime_syntaxes)]` on by default
 0:18.98 help: use `'_` for type paths
 0:18.98     |
 0:18.98 206 |     fn chars(&self) -> DecodeUtf16<Cloned<slice::Iter<'_, u16>>> {
 0:18.98     |                                                       +++
 0:18.98 warning: hiding a lifetime that's elided elsewhere is confusing
 0:18.98   --> servo\components\style\animation.rs:55:24
 0:18.98    |
 0:18.98 55 |     pub fn property_id(&self) -> PropertyDeclarationId {
 0:18.98    |                        ^^^^^     ^^^^^^^^^^^^^^^^^^^^^ the same lifetime is hidden here
 0:18.98    |                        |
 0:18.98    |                        the lifetime is elided here
 0:18.98    |
 0:18.98    = help: the same lifetime is referred to in inconsistent ways, making the signature confusing
 0:18.98 help: use `'_` for type paths
 0:18.98    |
 0:18.98 55 |     pub fn property_id(&self) -> PropertyDeclarationId<'_> {
 0:18.98    |                                                       ++++
 0:18.98 warning: hiding a lifetime that's elided elsewhere is confusing
 0:18.98    --> servo\components\style\custom_properties_map.rs:112:13
 0:18.98     |
 0:18.98 112 |     fn iter(&self) -> Iter {
 0:18.98     |             ^^^^^     ^^^^ the same lifetime is hidden here
 0:18.98     |             |
 0:18.98     |             the lifetime is elided here
 0:18.98     |
 0:18.98     = help: the same lifetime is referred to in inconsistent ways, making the signature confusing
 0:18.98 help: use `'_` for type paths
 0:18.98     |
 0:18.98 112 |     fn iter(&self) -> Iter<'_> {
 0:18.98     |                           ++++
 0:18.98 warning: hiding a lifetime that's elided elsewhere is confusing
 0:18.98    --> servo\components\style\custom_properties_map.rs:218:17
 0:18.98     |
 0:18.98 218 |     pub fn iter(&self) -> Iter {
 0:18.98     |                 ^^^^^     ^^^^ the same lifetime is hidden here
 0:18.98     |                 |
 0:18.98     |                 the lifetime is elided here
 0:18.98     |
 0:18.98     = help: the same lifetime is referred to in inconsistent ways, making the signature confusing
 0:18.98 help: use `'_` for type paths
 0:18.98     |
 0:18.98 218 |     pub fn iter(&self) -> Iter<'_> {
 0:18.98     |                               ++++
 0:18.98 warning: hiding a lifetime that's elided elsewhere is confusing
 0:18.98    --> servo\components\style\dom.rs:480:24
 0:18.98     |
 0:18.98 480 |     fn style_attribute(&self) -> Option<ArcBorrow<Locked<PropertyDeclarationBlock>>>;
 0:18.98     |                        ^^^^^            ^^^^^^^^^^^^^^^^^^^^^^^^^^^^^^^^^^^^^^^^^^^ the same lifetime is hidden here
 0:18.98     |                        |
 0:18.98     |                        the lifetime is elided here
 0:18.98     |
 0:18.98     = help: the same lifetime is referred to in inconsistent ways, making the signature confusing
 0:18.98 help: use `'_` for type paths
 0:18.98     |
 0:18.98 480 |     fn style_attribute(&self) -> Option<ArcBorrow<'_, Locked<PropertyDeclarationBlock>>>;
 0:18.98     |                                                   +++
 0:18.98 warning: hiding a lifetime that's elided elsewhere is confusing
 0:18.98    --> servo\components\style\dom.rs:487:22
 0:18.98     |
 0:18.98 487 |     fn smil_override(&self) -> Option<ArcBorrow<Locked<PropertyDeclarationBlock>>> {
 0:18.98     |                      ^^^^^            ^^^^^^^^^^^^^^^^^^^^^^^^^^^^^^^^^^^^^^^^^^^ the same lifetime is hidden here
 0:18.98     |                      |
 0:18.98     |                      the lifetime is elided here
 0:18.98     |
 0:18.98     = help: the same lifetime is referred to in inconsistent ways, making the signature confusing
 0:18.98 help: use `'_` for type paths
 0:18.98     |
 0:18.98 487 |     fn smil_override(&self) -> Option<ArcBorrow<'_, Locked<PropertyDeclarationBlock>>> {
 0:18.98     |                                                 +++
 0:18.98 warning: hiding a lifetime that's elided elsewhere is confusing
 0:18.98    --> servo\components\style\dom.rs:690:27
 0:18.98     |
 0:18.98 690 |     unsafe fn ensure_data(&self) -> AtomicRefMut<ElementData>;
 0:18.98     |                           ^^^^^     ^^^^^^^^^^^^^^^^^^^^^^^^^ the same lifetime is hidden here
 0:18.98     |                           |
 0:18.98     |                           the lifetime is elided here
 0:18.98     |
 0:18.98     = help: the same lifetime is referred to in inconsistent ways, making the signature confusing
 0:18.98 help: use `'_` for type paths
 0:18.98     |
 0:18.98 690 |     unsafe fn ensure_data(&self) -> AtomicRefMut<'_, ElementData>;
 0:18.98     |                                                  +++
 0:18.98 warning: hiding a lifetime that's elided elsewhere is confusing
 0:18.98    --> servo\components\style\dom.rs:701:20
 0:18.98     |
 0:18.98 701 |     fn borrow_data(&self) -> Option<AtomicRef<ElementData>>;
 0:18.98     |                    ^^^^^            ^^^^^^^^^^^^^^^^^^^^^^ the same lifetime is hidden here
 0:18.98     |                    |
 0:18.98     |                    the lifetime is elided here
 0:18.98     |
 0:18.98     = help: the same lifetime is referred to in inconsistent ways, making the signature confusing
 0:18.98 help: use `'_` for type paths
 0:18.98     |
 0:18.98 701 |     fn borrow_data(&self) -> Option<AtomicRef<'_, ElementData>>;
 0:18.98     |                                               +++
 0:18.98 warning: hiding a lifetime that's elided elsewhere is confusing
 0:18.98    --> servo\components\style\dom.rs:704:20
 0:18.98     |
 0:18.98 704 |     fn mutate_data(&self) -> Option<AtomicRefMut<ElementData>>;
 0:18.98     |                    ^^^^^            ^^^^^^^^^^^^^^^^^^^^^^^^^ the same lifetime is hidden here
 0:18.98     |                    |
 0:18.98     |                    the lifetime is elided here
 0:18.98     |
 0:18.98     = help: the same lifetime is referred to in inconsistent ways, making the signature confusing
 0:18.98 help: use `'_` for type paths
 0:18.98     |
 0:18.98 704 |     fn mutate_data(&self) -> Option<AtomicRefMut<'_, ElementData>>;
 0:18.98     |                                                  +++
 0:18.98 warning: hiding a lifetime that's elided elsewhere is confusing
 0:18.98   --> servo\components\style\gecko_bindings\sugar\ns_style_auto_array.rs:39:21
 0:18.99    |
 0:18.99 39 |     pub fn iter_mut(&mut self) -> Chain<Once<&mut T>, IterMut<T>> {
 0:18.99    |                     ^^^^^^^^^                ^^^^^^   ^^^^^^^^^^ the same lifetime is hidden here
 0:18.99    |                     |                        |
 0:18.99    |                     |                        the same lifetime is elided here
 0:18.99    |                     the lifetime is elided here
 0:18.99    |
 0:18.99    = help: the same lifetime is referred to in inconsistent ways, making the signature confusing
 0:18.99 help: use `'_` for type paths
 0:18.99    |
 0:18.99 39 |     pub fn iter_mut(&mut self) -> Chain<Once<&mut T>, IterMut<'_, T>> {
 0:18.99    |                                                               +++
 0:18.99 warning: hiding a lifetime that's elided elsewhere is confusing
 0:18.99   --> servo\components\style\gecko_bindings\sugar\ns_style_auto_array.rs:44:17
 0:18.99    |
 0:18.99 44 |     pub fn iter(&self) -> Chain<Once<&T>, Iter<T>> {
 0:18.99    |                 ^^^^^                ^^   ^^^^^^^ the same lifetime is hidden here
 0:18.99    |                 |                    |
 0:18.99    |                 |                    the same lifetime is elided here
 0:18.99    |                 the lifetime is elided here
 0:18.99    |
 0:18.99    = help: the same lifetime is referred to in inconsistent ways, making the signature confusing
 0:18.99 help: use `'_` for type paths
 0:18.99    |
 0:18.99 44 |     pub fn iter(&self) -> Chain<Once<&T>, Iter<'_, T>> {
 0:18.99    |                                                +++
 0:18.99 warning: hiding a lifetime that's elided elsewhere is confusing
 0:18.99    --> servo\components\style\global_style_data.rs:134:17
 0:18.99     |
 0:18.99 134 |     pub fn pool(&self) -> RwLockReadGuard<Option<rayon::ThreadPool>> {
 0:18.99     |                 ^^^^^     ^^^^^^^^^^^^^^^^^^^^^^^^^^^^^^^^^^^^^^^^^^ the same lifetime is hidden here
 0:18.99     |                 |
 0:18.99     |                 the lifetime is elided here
 0:18.99     |
 0:18.99     = help: the same lifetime is referred to in inconsistent ways, making the signature confusing
 0:18.99 help: use `'_` for type paths
 0:18.99     |
 0:18.99 134 |     pub fn pool(&self) -> RwLockReadGuard<'_, Option<rayon::ThreadPool>> {
 0:18.99     |                                           +++
 0:18.99 warning: hiding a lifetime that's elided elsewhere is confusing
 0:18.99   --> servo\components\style\invalidation\element\invalidation_map.rs:77:17
 0:18.99    |
 0:18.99 77 |     fn selector(&self) -> SelectorIter<SelectorImpl> {
 0:18.99    |                 ^^^^^     ^^^^^^^^^^^^^^^^^^^^^^^^^^ the same lifetime is hidden here
 0:18.99    |                 |
 0:18.99    |                 the lifetime is elided here
 0:18.99    |
 0:18.99    = help: the same lifetime is referred to in inconsistent ways, making the signature confusing
 0:18.99 help: use `'_` for type paths
 0:18.99    |
 0:18.99 77 |     fn selector(&self) -> SelectorIter<'_, SelectorImpl> {
 0:18.99    |                                        +++
 0:18.99 warning: hiding a lifetime that's elided elsewhere is confusing
 0:18.99    --> servo\components\style\invalidation\element\invalidation_map.rs:237:17
 0:18.99     |
 0:18.99 237 |     fn selector(&self) -> SelectorIter<SelectorImpl> {
 0:18.99     |                 ^^^^^     ^^^^^^^^^^^^^^^^^^^^^^^^^^ the same lifetime is hidden here
 0:18.99     |                 |
 0:18.99     |                 the lifetime is elided here
 0:18.99     |
 0:18.99     = help: the same lifetime is referred to in inconsistent ways, making the signature confusing
 0:18.99 help: use `'_` for type paths
 0:18.99     |
 0:18.99 237 |     fn selector(&self) -> SelectorIter<'_, SelectorImpl> {
 0:18.99     |                                        +++
 0:18.99 warning: hiding a lifetime that's elided elsewhere is confusing
 0:18.99    --> servo\components\style\invalidation\element\invalidation_map.rs:334:17
 0:18.99     |
 0:18.99 334 |     fn selector(&self) -> SelectorIter<SelectorImpl> {
 0:18.99     |                 ^^^^^     ^^^^^^^^^^^^^^^^^^^^^^^^^^ the same lifetime is hidden here
 0:18.99     |                 |
 0:18.99     |                 the lifetime is elided here
 0:18.99     |
 0:18.99     = help: the same lifetime is referred to in inconsistent ways, making the signature confusing
 0:18.99 help: use `'_` for type paths
 0:18.99     |
 0:18.99 334 |     fn selector(&self) -> SelectorIter<'_, SelectorImpl> {
 0:18.99     |                                        +++
 0:18.99 warning: hiding a lifetime that's elided elsewhere is confusing
 0:18.99    --> servo\components\style\piecewise_linear.rs:141:17
 0:18.99     |
 0:18.99 141 |     pub fn iter(&self) -> Iter<PiecewiseLinearFunctionEntry> {
 0:18.99     |                 ^^^^^     ^^^^^^^^^^^^^^^^^^^^^^^^^^^^^^^^^^ the same lifetime is hidden here
 0:18.99     |                 |
 0:18.99     |                 the lifetime is elided here
 0:18.99     |
 0:18.99     = help: the same lifetime is referred to in inconsistent ways, making the signature confusing
 0:18.99 help: use `'_` for type paths
 0:18.99     |
 0:18.99 141 |     pub fn iter(&self) -> Iter<'_, PiecewiseLinearFunctionEntry> {
 0:18.99     |                                +++
 0:18.99 warning: hiding a lifetime that's elided elsewhere is confusing
 0:18.99    --> servo\components\style\properties_and_values\syntax\mod.rs:195:28
 0:18.99     |
 0:18.99 195 |     pub fn unpremultiplied(&self) -> Cow<Self> {
 0:18.99     |                            ^^^^^     ^^^^^^^^^ the same lifetime is hidden here
 0:18.99     |                            |
 0:18.99     |                            the lifetime is elided here
 0:18.99     |
 0:18.99     = help: the same lifetime is referred to in inconsistent ways, making the signature confusing
 0:18.99 help: use `'_` for type paths
 0:18.99     |
 0:18.99 195 |     pub fn unpremultiplied(&self) -> Cow<'_, Self> {
 0:18.99     |                                          +++
 0:18.99 warning: hiding a lifetime that's elided elsewhere is confusing
 0:18.99    --> servo\components\style\rule_tree\mod.rs:325:31
 0:18.99     |
 0:18.99 325 |     pub fn self_and_ancestors(&self) -> SelfAndAncestors {
 0:18.99     |                               ^^^^^     ^^^^^^^^^^^^^^^^ the same lifetime is hidden here
 0:18.99     |                               |
 0:18.99     |                               the lifetime is elided here
 0:18.99     |
 0:18.99     = help: the same lifetime is referred to in inconsistent ways, making the signature confusing
 0:18.99 help: use `'_` for type paths
 0:18.99     |
 0:18.99 325 |     pub fn self_and_ancestors(&self) -> SelfAndAncestors<'_> {
 0:18.99     |                                                         ++++
 0:18.99 warning: hiding a lifetime that's elided elsewhere is confusing
 0:18.99   --> servo\components\style\scoped_tls.rs:48:19
 0:18.99    |
 0:18.99 48 |     pub fn borrow(&self) -> Ref<Option<T>> {
 0:18.99    |                   ^^^^^     ^^^^^^^^^^^^^^ the same lifetime is hidden here
 0:18.99    |                   |
 0:18.99    |                   the lifetime is elided here
 0:18.99    |
 0:18.99    = help: the same lifetime is referred to in inconsistent ways, making the signature confusing
 0:18.99 help: use `'_` for type paths
 0:18.99    |
 0:18.99 48 |     pub fn borrow(&self) -> Ref<'_, Option<T>> {
 0:18.99    |                                 +++
 0:18.99 warning: hiding a lifetime that's elided elsewhere is confusing
 0:18.99   --> servo\components\style\scoped_tls.rs:54:23
 0:18.99    |
 0:18.99 54 |     pub fn borrow_mut(&self) -> RefMut<Option<T>> {
 0:18.99    |                       ^^^^^     ^^^^^^^^^^^^^^^^^ the same lifetime is hidden here
 0:18.99    |                       |
 0:18.99    |                       the lifetime is elided here
 0:18.99    |
 0:18.99    = help: the same lifetime is referred to in inconsistent ways, making the signature confusing
 0:18.99 help: use `'_` for type paths
 0:18.99    |
 0:18.99 54 |     pub fn borrow_mut(&self) -> RefMut<'_, Option<T>> {
 0:18.99    |                                        +++
 0:18.99 warning: hiding a lifetime that's elided elsewhere is confusing
 0:18.99   --> servo\components\style\scoped_tls.rs:66:46
 0:18.99    |
 0:18.99 66 |     pub fn ensure<F: FnOnce(&mut Option<T>)>(&self, f: F) -> RefMut<T> {
 0:18.99    |                                              ^^^^^           ^^^^^^^^^ the same lifetime is hidden here
 0:18.99    |                                              |
 0:18.99    |                                              the lifetime is elided here
 0:18.99    |
 0:18.99    = help: the same lifetime is referred to in inconsistent ways, making the signature confusing
 0:18.99 help: use `'_` for type paths
 0:18.99    |
 0:18.99 66 |     pub fn ensure<F: FnOnce(&mut Option<T>)>(&self, f: F) -> RefMut<'_, T> {
 0:18.99    |                                                                     +++
 0:18.99 warning: hiding a lifetime that's elided elsewhere is confusing
 0:18.99   --> servo\components\style\selector_map.rs:86:17
 0:18.99    |
 0:18.99 86 |     fn selector(&self) -> SelectorIter<SelectorImpl>;
 0:18.99    |                 ^^^^^     ^^^^^^^^^^^^^^^^^^^^^^^^^^ the same lifetime is hidden here
 0:18.99    |                 |
 0:18.99    |                 the lifetime is elided here
 0:18.99    |
 0:18.99    = help: the same lifetime is referred to in inconsistent ways, making the signature confusing
 0:19.00 help: use `'_` for type paths
 0:19.00    |
 0:19.00 86 |     fn selector(&self) -> SelectorIter<'_, SelectorImpl>;
 0:19.00    |                                        +++
 0:19.00 warning: hiding a lifetime that's elided elsewhere is confusing
 0:19.00    --> servo\components\style\selector_map.rs:854:9
 0:19.00     |
 0:19.00 854 |         &mut self,
 0:19.00     |         ^^^^^^^^^ the lifetime is elided here
 0:19.00 ...
 0:19.00 857 |     ) -> Result<hash_map::Entry<Atom, V>, AllocErr> {
 0:19.00     |                 ^^^^^^^^^^^^^^^^^^^^^^^^ the same lifetime is hidden here
 0:19.00     |
 0:19.00     = help: the same lifetime is referred to in inconsistent ways, making the signature confusing
 0:19.00 help: use `'_` for type paths
 0:19.00     |
 0:19.00 857 |     ) -> Result<hash_map::Entry<'_, Atom, V>, AllocErr> {
 0:19.00     |                                 +++
 0:19.00 warning: hiding a lifetime that's elided elsewhere is confusing
 0:19.00    --> servo\components\style\selector_map.rs:872:17
 0:19.00     |
 0:19.00 872 |     pub fn iter(&self) -> hash_map::Iter<Atom, V> {
 0:19.00     |                 ^^^^^     ^^^^^^^^^^^^^^^^^^^^^^^ the same lifetime is hidden here
 0:19.00     |                 |
 0:19.00     |                 the lifetime is elided here
 0:19.00     |
 0:19.00     = help: the same lifetime is referred to in inconsistent ways, making the signature confusing
 0:19.00 help: use `'_` for type paths
 0:19.00     |
 0:19.00 872 |     pub fn iter(&self) -> hash_map::Iter<'_, Atom, V> {
 0:19.00     |                                          +++
 0:19.00 warning: hiding a lifetime that's elided elsewhere is confusing
 0:19.00    --> servo\components\style\selector_parser.rs:176:17
 0:19.00     |
 0:19.00 176 |     pub fn iter(&self) -> std::slice::Iter<Option<T>> {
 0:19.00     |                 ^^^^^     ^^^^^^^^^^^^^^^^^^^^^^^^^^^ the same lifetime is hidden here
 0:19.00     |                 |
 0:19.00     |                 the lifetime is elided here
 0:19.00     |
 0:19.00     = help: the same lifetime is referred to in inconsistent ways, making the signature confusing
 0:19.00 help: use `'_` for type paths
 0:19.00     |
 0:19.00 176 |     pub fn iter(&self) -> std::slice::Iter<'_, Option<T>> {
 0:19.00     |                                            +++
 0:19.00 warning: hiding a lifetime that's elided elsewhere is confusing
 0:19.00    --> servo\components\style\selector_parser.rs:181:21
 0:19.00     |
 0:19.00 181 |     pub fn iter_mut(&mut self) -> std::slice::IterMut<Option<T>> {
 0:19.00     |                     ^^^^^^^^^     ^^^^^^^^^^^^^^^^^^^^^^^^^^^^^^ the same lifetime is hidden here
 0:19.00     |                     |
 0:19.00     |                     the lifetime is elided here
 0:19.00     |
 0:19.00     = help: the same lifetime is referred to in inconsistent ways, making the signature confusing
 0:19.00 help: use `'_` for type paths
 0:19.00     |
 0:19.00 181 |     pub fn iter_mut(&mut self) -> std::slice::IterMut<'_, Option<T>> {
 0:19.00     |                                                       +++
 0:19.00 warning: hiding a lifetime that's elided elsewhere is confusing
 0:19.00    --> servo\components\style\shared_lock.rs:123:17
 0:19.00     |
 0:19.00 123 |     pub fn read(&self) -> SharedRwLockReadGuard {
 0:19.00     |                 ^^^^^     ^^^^^^^^^^^^^^^^^^^^^ the same lifetime is hidden here
 0:19.00     |                 |
 0:19.00     |                 the lifetime is elided here
 0:19.00     |
 0:19.00     = help: the same lifetime is referred to in inconsistent ways, making the signature confusing
 0:19.00 help: use `'_` for type paths
 0:19.00     |
 0:19.00 123 |     pub fn read(&self) -> SharedRwLockReadGuard<'_> {
 0:19.00     |                                                ++++
 0:19.00 warning: hiding a lifetime that's elided elsewhere is confusing
 0:19.00    --> servo\components\style\shared_lock.rs:136:18
 0:19.00     |
 0:19.00 136 |     pub fn write(&self) -> SharedRwLockWriteGuard {
 0:19.00     |                  ^^^^^     ^^^^^^^^^^^^^^^^^^^^^^ the same lifetime is hidden here
 0:19.00     |                  |
 0:19.00     |                  the lifetime is elided here
 0:19.00     |
 0:19.00     = help: the same lifetime is referred to in inconsistent ways, making the signature confusing
 0:19.00 help: use `'_` for type paths
 0:19.00     |
 0:19.00 136 |     pub fn write(&self) -> SharedRwLockWriteGuard<'_> {
 0:19.00     |                                                  ++++
 0:19.00 warning: hiding a lifetime that's elided elsewhere is confusing
 0:19.00    --> servo\components\style\stylesheet_set.rs:162:25
 0:19.00     |
 0:19.00 162 |     pub fn flush_origin(&mut self, origin: Origin) -> SheetCollectionFlusher<S> {
 0:19.00     |                         ^^^^^^^^^                     ^^^^^^^^^^^^^^^^^^^^^^^^^ the same lifetime is hidden here
 0:19.00     |                         |
 0:19.00     |                         the lifetime is elided here
 0:19.00     |
 0:19.00     = help: the same lifetime is referred to in inconsistent ways, making the signature confusing
 0:19.00 help: use `'_` for type paths
 0:19.00     |
 0:19.00 162 |     pub fn flush_origin(&mut self, origin: Origin) -> SheetCollectionFlusher<'_, S> {
 0:19.00     |                                                                              +++
 0:19.00 warning: hiding a lifetime that's elided elsewhere is confusing
 0:19.00    --> servo\components\style\stylesheet_set.rs:169:26
 0:19.00     |
 0:19.00 169 |     pub fn origin_sheets(&mut self, origin: Origin) -> StylesheetCollectionIterator<S> {
 0:19.00     |                          ^^^^^^^^^                     ^^^^^^^^^^^^^^^^^^^^^^^^^^^^^^^ the same lifetime is hidden here
 0:19.00     |                          |
 0:19.00     |                          the lifetime is elided here
 0:19.00     |
 0:19.00     = help: the same lifetime is referred to in inconsistent ways, making the signature confusing
 0:19.00 help: use `'_` for type paths
 0:19.00     |
 0:19.00 169 |     pub fn origin_sheets(&mut self, origin: Origin) -> StylesheetCollectionIterator<'_, S> {
 0:19.00     |                                                                                     +++
 0:19.00 warning: hiding a lifetime that's elided elsewhere is confusing
 0:19.00    --> servo\components\style\stylesheet_set.rs:365:13
 0:19.00     |
 0:19.00 365 |     fn iter(&self) -> StylesheetCollectionIterator<S> {
 0:19.00     |             ^^^^^     ^^^^^^^^^^^^^^^^^^^^^^^^^^^^^^^ the same lifetime is hidden here
 0:19.00     |             |
 0:19.00     |             the lifetime is elided here
 0:19.00     |
 0:19.00     = help: the same lifetime is referred to in inconsistent ways, making the signature confusing
 0:19.00 help: use `'_` for type paths
 0:19.00     |
 0:19.00 365 |     fn iter(&self) -> StylesheetCollectionIterator<'_, S> {
 0:19.00     |                                                    +++
 0:19.00 warning: hiding a lifetime that's elided elsewhere is confusing
 0:19.00    --> servo\components\style\stylesheet_set.rs:369:14
 0:19.00     |
 0:19.00 369 |     fn flush(&mut self) -> SheetCollectionFlusher<S> {
 0:19.00     |              ^^^^^^^^^     ^^^^^^^^^^^^^^^^^^^^^^^^^ the same lifetime is hidden here
 0:19.00     |              |
 0:19.00     |              the lifetime is elided here
 0:19.00     |
 0:19.00     = help: the same lifetime is referred to in inconsistent ways, making the signature confusing
 0:19.00 help: use `'_` for type paths
 0:19.00     |
 0:19.00 369 |     fn flush(&mut self) -> SheetCollectionFlusher<'_, S> {
 0:19.00     |                                                   +++
 0:19.00 warning: hiding a lifetime that's elided elsewhere is confusing
 0:19.00    --> servo\components\style\stylesheet_set.rs:559:9
 0:19.00     |
 0:19.00 559 |         &mut self,
 0:19.00     |         ^^^^^^^^^ the lifetime is elided here
 0:19.00 ...
 0:19.00 562 |     ) -> DocumentStylesheetFlusher<S>
 0:19.00     |          ^^^^^^^^^^^^^^^^^^^^^^^^^^^^ the same lifetime is hidden here
 0:19.00     |
 0:19.00     = help: the same lifetime is referred to in inconsistent ways, making the signature confusing
 0:19.00 help: use `'_` for type paths
 0:19.00     |
 0:19.00 562 |     ) -> DocumentStylesheetFlusher<'_, S>
 0:19.00     |                                    +++
 0:19.00 warning: hiding a lifetime that's elided elsewhere is confusing
 0:19.00    --> servo\components\style\stylesheet_set.rs:594:17
 0:19.00     |
 0:19.00 594 |     pub fn iter(&self) -> StylesheetIterator<S> {
 0:19.00     |                 ^^^^^     ^^^^^^^^^^^^^^^^^^^^^ the same lifetime is hidden here
 0:19.00     |                 |
 0:19.00     |                 the lifetime is elided here
 0:19.00     |
 0:19.00     = help: the same lifetime is referred to in inconsistent ways, making the signature confusing
 0:19.00 help: use `'_` for type paths
 0:19.00     |
 0:19.00 594 |     pub fn iter(&self) -> StylesheetIterator<'_, S> {
 0:19.00     |                                              +++
 0:19.00 warning: hiding a lifetime that's elided elsewhere is confusing
 0:19.00    --> servo\components\style\stylesheet_set.rs:678:17
 0:19.00     |
 0:19.00 678 |     pub fn iter(&self) -> StylesheetCollectionIterator<S> {
 0:19.00     |                 ^^^^^     ^^^^^^^^^^^^^^^^^^^^^^^^^^^^^^^ the same lifetime is hidden here
 0:19.00     |                 |
 0:19.00     |                 the lifetime is elided here
 0:19.00     |
 0:19.00     = help: the same lifetime is referred to in inconsistent ways, making the signature confusing
 0:19.00 help: use `'_` for type paths
 0:19.00     |
 0:19.00 678 |     pub fn iter(&self) -> StylesheetCollectionIterator<'_, S> {
 0:19.00     |                                                        +++
 0:19.00 warning: hiding a lifetime that's elided elsewhere is confusing
 0:19.00    --> servo\components\style\stylesheet_set.rs:694:9
 0:19.00     |
 0:19.00 694 |         &mut self,
 0:19.00     |         ^^^^^^^^^ the lifetime is elided here
 0:19.00 ...
 0:19.00 697 |     ) -> AuthorStylesheetFlusher<S>
 0:19.00     |          ^^^^^^^^^^^^^^^^^^^^^^^^^^ the same lifetime is hidden here
 0:19.00     |
 0:19.00     = help: the same lifetime is referred to in inconsistent ways, making the signature confusing
 0:19.00 help: use `'_` for type paths
 0:19.00     |
 0:19.00 697 |     ) -> AuthorStylesheetFlusher<'_, S>
 0:19.00     |                                  +++
 0:19.00 warning: hiding a lifetime that's elided elsewhere is confusing
 0:19.00    --> servo\components\style\stylesheets\origin.rs:165:25
 0:19.00     |
 0:19.00 165 |     pub fn iter_origins(&self) -> PerOriginIter<T> {
 0:19.00     |                         ^^^^^     ^^^^^^^^^^^^^^^^ the same lifetime is hidden here
 0:19.00     |                         |
 0:19.00     |                         the lifetime is elided here
 0:19.00     |
 0:19.00     = help: the same lifetime is referred to in inconsistent ways, making the signature confusing
 0:19.00 help: use `'_` for type paths
 0:19.00     |
 0:19.00 165 |     pub fn iter_origins(&self) -> PerOriginIter<'_, T> {
 0:19.00     |                                                 +++
 0:19.00 warning: hiding a lifetime that's elided elsewhere is confusing
 0:19.00    --> servo\components\style\stylesheets\origin.rs:175:29
 0:19.00     |
 0:19.00 175 |     pub fn iter_origins_rev(&self) -> PerOriginIter<T> {
 0:19.00     |                             ^^^^^     ^^^^^^^^^^^^^^^^ the same lifetime is hidden here
 0:19.00     |                             |
 0:19.01     |                             the lifetime is elided here
 0:19.01     |
 0:19.01     = help: the same lifetime is referred to in inconsistent ways, making the signature confusing
 0:19.01 help: use `'_` for type paths
 0:19.01     |
 0:19.01 175 |     pub fn iter_origins_rev(&self) -> PerOriginIter<'_, T> {
 0:19.01     |                                                     +++
 0:19.01 warning: hiding a lifetime that's elided elsewhere is confusing
 0:19.01    --> servo\components\style\stylesheets\origin.rs:185:29
 0:19.01     |
 0:19.01 185 |     pub fn iter_mut_origins(&mut self) -> PerOriginIterMut<T> {
 0:19.01     |                             ^^^^^^^^^     ^^^^^^^^^^^^^^^^^^^ the same lifetime is hidden here
 0:19.01     |                             |
 0:19.01     |                             the lifetime is elided here
 0:19.01     |
 0:19.01     = help: the same lifetime is referred to in inconsistent ways, making the signature confusing
 0:19.01 help: use `'_` for type paths
 0:19.01     |
 0:19.01 185 |     pub fn iter_mut_origins(&mut self) -> PerOriginIterMut<'_, T> {
 0:19.01     |                                                            +++
 0:19.01 warning: hiding a lifetime that's elided elsewhere is confusing
 0:19.01    --> servo\components\style\stylist.rs:404:21
 0:19.01     |
 0:19.01 404 |     fn iter_origins(&self) -> DocumentCascadeDataIter {
 0:19.01     |                     ^^^^^     ^^^^^^^^^^^^^^^^^^^^^^^ the same lifetime is hidden here
 0:19.01     |                     |
 0:19.01     |                     the lifetime is elided here
 0:19.01     |
 0:19.01     = help: the same lifetime is referred to in inconsistent ways, making the signature confusing
 0:19.01 help: use `'_` for type paths
 0:19.01     |
 0:19.01 404 |     fn iter_origins(&self) -> DocumentCascadeDataIter<'_> {
 0:19.01     |                                                      ++++
 0:19.01 warning: hiding a lifetime that's elided elsewhere is confusing
 0:19.01    --> servo\components\style\stylist.rs:411:25
 0:19.01     |
 0:19.01 411 |     fn iter_origins_rev(&self) -> DocumentCascadeDataIter {
 0:19.01     |                         ^^^^^     ^^^^^^^^^^^^^^^^^^^^^^^ the same lifetime is hidden here
 0:19.01     |                         |
 0:19.01     |                         the lifetime is elided here
 0:19.01     |
 0:19.01     = help: the same lifetime is referred to in inconsistent ways, making the signature confusing
 0:19.01 help: use `'_` for type paths
 0:19.01     |
 0:19.01 411 |     fn iter_origins_rev(&self) -> DocumentCascadeDataIter<'_> {
 0:19.01     |                                                          ++++
 0:19.01 warning: hiding a lifetime that's elided elsewhere is confusing
 0:19.01    --> servo\components\style\stylist.rs:754:25
 0:19.01     |
 0:19.01 754 |     pub fn iter_origins(&self) -> DocumentCascadeDataIter {
 0:19.01     |                         ^^^^^     ^^^^^^^^^^^^^^^^^^^^^^^ the same lifetime is hidden here
 0:19.01     |                         |
 0:19.01     |                         the lifetime is elided here
 0:19.01     |
 0:19.01     = help: the same lifetime is referred to in inconsistent ways, making the signature confusing
 0:19.01 help: use `'_` for type paths
 0:19.01     |
 0:19.01 754 |     pub fn iter_origins(&self) -> DocumentCascadeDataIter<'_> {
 0:19.01     |                                                          ++++
 0:19.01 warning: hiding a lifetime that's elided elsewhere is confusing
 0:19.01    --> servo\components\style\stylist.rs:856:36
 0:19.01     |
 0:19.01 856 |     pub fn iter_extra_data_origins(&self) -> ExtraStyleDataIterator {
 0:19.01     |                                    ^^^^^     ^^^^^^^^^^^^^^^^^^^^^^ the same lifetime is hidden here
 0:19.01     |                                    |
 0:19.01     |                                    the lifetime is elided here
 0:19.01     |
 0:19.01     = help: the same lifetime is referred to in inconsistent ways, making the signature confusing
 0:19.01 help: use `'_` for type paths
 0:19.01     |
 0:19.01 856 |     pub fn iter_extra_data_origins(&self) -> ExtraStyleDataIterator<'_> {
 0:19.01     |                                                                    ++++
 0:19.01 warning: hiding a lifetime that's elided elsewhere is confusing
 0:19.01    --> servo\components\style\stylist.rs:862:40
 0:19.01     |
 0:19.01 862 |     pub fn iter_extra_data_origins_rev(&self) -> ExtraStyleDataIterator {
 0:19.01     |                                        ^^^^^     ^^^^^^^^^^^^^^^^^^^^^^ the same lifetime is hidden here
 0:19.01     |                                        |
 0:19.01     |                                        the lifetime is elided here
 0:19.01     |
 0:19.01     = help: the same lifetime is referred to in inconsistent ways, making the signature confusing
 0:19.01 help: use `'_` for type paths
 0:19.01     |
 0:19.01 862 |     pub fn iter_extra_data_origins_rev(&self) -> ExtraStyleDataIterator<'_> {
 0:19.01     |                                                                        ++++
 0:19.01 warning: hiding a lifetime that's elided elsewhere is confusing
 0:19.01     --> servo\components\style\stylist.rs:2116:17
 0:19.01      |
 0:19.01 2116 |     fn selector(&self) -> SelectorIter<SelectorImpl> {
 0:19.01      |                 ^^^^^     ^^^^^^^^^^^^^^^^^^^^^^^^^^ the same lifetime is hidden here
 0:19.01      |                 |
 0:19.01      |                 the lifetime is elided here
 0:19.01      |
 0:19.01      = help: the same lifetime is referred to in inconsistent ways, making the signature confusing
 0:19.01 help: use `'_` for type paths
 0:19.01      |
 0:19.01 2116 |     fn selector(&self) -> SelectorIter<'_, SelectorImpl> {
 0:19.01      |                                        +++
 0:19.01 warning: hiding a lifetime that's elided elsewhere is confusing
 0:19.01     --> servo\components\style\stylist.rs:4105:17
 0:19.01      |
 0:19.01 4105 |     fn selector(&self) -> SelectorIter<SelectorImpl> {
 0:19.01      |                 ^^^^^     ^^^^^^^^^^^^^^^^^^^^^^^^^^ the same lifetime is hidden here
 0:19.01      |                 |
 0:19.01      |                 the lifetime is elided here
 0:19.01      |
 0:19.01      = help: the same lifetime is referred to in inconsistent ways, making the signature confusing
 0:19.01 help: use `'_` for type paths
 0:19.01      |
 0:19.01 4105 |     fn selector(&self) -> SelectorIter<'_, SelectorImpl> {
 0:19.01      |                                        +++
 0:19.01 warning: hiding a lifetime that's elided elsewhere is confusing
 0:19.01    --> servo\components\style\traversal.rs:267:23
 0:19.01     |
 0:19.01 267 |     fn shared_context(&self) -> &SharedStyleContext;
 0:19.01     |                       ^^^^^     ^^^^^^^^^^^^^^^^^^^
 0:19.01     |                       |         ||
 0:19.01     |                       |         |the same lifetime is hidden here
 0:19.01     |                       |         the same lifetime is elided here
 0:19.01     |                       the lifetime is elided here
 0:19.01     |
 0:19.01     = help: the same lifetime is referred to in inconsistent ways, making the signature confusing
 0:19.01 help: use `'_` for type paths
 0:19.01     |
 0:19.01 267 |     fn shared_context(&self) -> &SharedStyleContext<'_>;
 0:19.01     |                                                    ++++
 0:19.01 warning: hiding a lifetime that's elided elsewhere is confusing
 0:19.01    --> servo\components\style\values\computed\mod.rs:429:18
 0:19.01     |
 0:19.01 429 |     pub fn style(&self) -> &StyleBuilder {
 0:19.01     |                  ^^^^^     ^^^^^^^^^^^^^
 0:19.01     |                  |         ||
 0:19.01     |                  |         |the same lifetime is hidden here
 0:19.01     |                  |         the same lifetime is elided here
 0:19.01     |                  the lifetime is elided here
 0:19.01     |
 0:19.01     = help: the same lifetime is referred to in inconsistent ways, making the signature confusing
 0:19.01 help: use `'_` for type paths
 0:19.01     |
 0:19.01 429 |     pub fn style(&self) -> &StyleBuilder<'_> {
 0:19.01     |                                         ++++
 0:19.01 warning: hiding a lifetime that's elided elsewhere is confusing
 0:19.01    --> servo\components\style\properties\mod.rs:441:25
 0:19.01     |
 0:19.01 441 |     pub fn as_shorthand(&self) -> Result<ShorthandId, PropertyDeclarationId> {
 0:19.01     |                         ^^^^^                         ^^^^^^^^^^^^^^^^^^^^^ the same lifetime is hidden here
 0:19.01     |                         |
 0:19.01     |                         the lifetime is elided here
 0:19.01     |
 0:19.01     = help: the same lifetime is referred to in inconsistent ways, making the signature confusing
 0:19.01 help: use `'_` for type paths
 0:19.01     |
 0:19.01 441 |     pub fn as_shorthand(&self) -> Result<ShorthandId, PropertyDeclarationId<'_>> {
 0:19.01     |                                                                            ++++
 0:19.01 warning: hiding a lifetime that's elided elsewhere is confusing
 0:19.01    --> servo\components\style\properties\mod.rs:954:24
 0:19.01     |
 0:19.01 954 |     pub fn as_borrowed(&self) -> PropertyDeclarationId {
 0:19.01     |                        ^^^^^     ^^^^^^^^^^^^^^^^^^^^^ the same lifetime is hidden here
 0:19.01     |                        |
 0:19.01     |                        the lifetime is elided here
 0:19.01     |
 0:19.01     = help: the same lifetime is referred to in inconsistent ways, making the signature confusing
 0:19.01 help: use `'_` for type paths
 0:19.01     |
 0:19.01 954 |     pub fn as_borrowed(&self) -> PropertyDeclarationId<'_> {
 0:19.01     |                                                       ++++
 0:19.01 warning: hiding a lifetime that's elided elsewhere is confusing
 0:19.01     --> servo\components\style\properties\mod.rs:1185:17
 0:19.01      |
 0:19.01 1185 |     pub fn iter(&self) -> LonghandIdSetIterator {
 0:19.01      |                 ^^^^^     ^^^^^^^^^^^^^^^^^^^^^ the same lifetime is hidden here
 0:19.01      |                 |
 0:19.01      |                 the lifetime is elided here
 0:19.01      |
 0:19.01      = help: the same lifetime is referred to in inconsistent ways, making the signature confusing
 0:19.01 help: use `'_` for type paths
 0:19.01      |
 0:19.01 1185 |     pub fn iter(&self) -> LonghandIdSetIterator<'_> {
 0:19.01      |                                                ++++
 0:19.01 warning: hiding a lifetime that's elided elsewhere is confusing
 0:19.01     --> servo\components\style\properties\mod.rs:1319:18
 0:19.01      |
 0:19.01 1319 |     pub fn drain(&mut self) -> SourcePropertyDeclarationDrain {
 0:19.01      |                  ^^^^^^^^^     ^^^^^^^^^^^^^^^^^^^^^^^^^^^^^^ the same lifetime is hidden here
 0:19.01      |                  |
 0:19.01      |                  the lifetime is elided here
 0:19.01      |
 0:19.01      = help: the same lifetime is referred to in inconsistent ways, making the signature confusing
 0:19.01 help: use `'_` for type paths
 0:19.01      |
 0:19.01 1319 |     pub fn drain(&mut self) -> SourcePropertyDeclarationDrain<'_> {
 0:19.01      |                                                              ++++
 0:19.01 warning: hiding a lifetime that's elided elsewhere is confusing
 0:19.01     --> servo\components\style\properties\mod.rs:1529:25
 0:19.01      |
 0:19.01 1529 |     pub fn declarations(&self) -> AllShorthandDeclarationIterator {
 0:19.01      |                         ^^^^^     ^^^^^^^^^^^^^^^^^^^^^^^^^^^^^^^ the same lifetime is hidden here
 0:19.01      |                         |
 0:19.01      |                         the lifetime is elided here
 0:19.01      |
 0:19.01      = help: the same lifetime is referred to in inconsistent ways, making the signature confusing
 0:19.02 help: use `'_` for type paths
 0:19.02      |
 0:19.02 1529 |     pub fn declarations(&self) -> AllShorthandDeclarationIterator<'_> {
 0:19.02      |                                                                  ++++
 0:19.02 warning: hiding a lifetime that's elided elsewhere is confusing
 0:19.02    --> servo\components\style\properties\declaration_block.rs:194:17
 0:19.02     |
 0:19.02 194 |     pub fn iter(&self) -> PropertyDeclarationIdSetIterator {
 0:19.02     |                 ^^^^^     ^^^^^^^^^^^^^^^^^^^^^^^^^^^^^^^^ the same lifetime is hidden here
 0:19.02     |                 |
 0:19.02     |                 the lifetime is elided here
 0:19.02     |
 0:19.02     = help: the same lifetime is referred to in inconsistent ways, making the signature confusing
 0:19.02 help: use `'_` for type paths
 0:19.02     |
 0:19.02 194 |     pub fn iter(&self) -> PropertyDeclarationIdSetIterator<'_> {
 0:19.02     |                                                           ++++
 0:19.02 warning: hiding a lifetime that's elided elsewhere is confusing
 0:19.02    --> servo\components\style\properties\declaration_block.rs:403:40
 0:19.02     |
 0:19.02 403 |     pub fn declaration_importance_iter(&self) -> DeclarationImportanceIterator {
 0:19.02     |                                        ^^^^^     ^^^^^^^^^^^^^^^^^^^^^^^^^^^^^ the same lifetime is hidden here
 0:19.02     |                                        |
 0:19.02     |                                        the lifetime is elided here
 0:19.02     |
 0:19.02     = help: the same lifetime is referred to in inconsistent ways, making the signature confusing
 0:19.02 help: use `'_` for type paths
 0:19.02     |
 0:19.02 403 |     pub fn declaration_importance_iter(&self) -> DeclarationImportanceIterator<'_> {
 0:19.02     |                                                                               ++++
 0:19.02 warning: hiding a lifetime that's elided elsewhere is confusing
 0:19.02       --> D:/mozilla/firefox/Skyfox/obj-x86_64-pc-windows-msvc\x86_64-pc-windows-msvc\release\build\style-6e86a323422f0acb\out/properties.rs:134750:15
 0:19.02        |
 0:19.02 134750 |     pub fn id(&self) -> PropertyDeclarationId {
 0:19.02        |               ^^^^^     ^^^^^^^^^^^^^^^^^^^^^ the same lifetime is hidden here
 0:19.02        |               |
 0:19.02        |               the lifetime is elided here
 0:19.02        |
 0:19.02        = help: the same lifetime is referred to in inconsistent ways, making the signature confusing
 0:19.02 help: use `'_` for type paths
 0:19.02        |
 0:19.02 134750 |     pub fn id(&self) -> PropertyDeclarationId<'_> {
 0:19.02        |                                              ++++
 0:19.02 warning: hiding a lifetime that's elided elsewhere is confusing
 0:19.02       --> D:/mozilla/firefox/Skyfox/obj-x86_64-pc-windows-msvc\x86_64-pc-windows-msvc\release\build\style-6e86a323422f0acb\out/properties.rs:146307:49
 0:19.02        |
 0:19.02 146307 |                 pub fn transition_duration_iter(&self) -> TransitionDurationIter {
 0:19.02        |                                                 ^^^^^     ^^^^^^^^^^^^^^^^^^^^^^ the same lifetime is hidden here
 0:19.02        |                                                 |
 0:19.02        |                                                 the lifetime is elided here
 0:19.02        |
 0:19.02        = help: the same lifetime is referred to in inconsistent ways, making the signature confusing
 0:19.02 help: use `'_` for type paths
 0:19.02        |
 0:19.02 146307 |                 pub fn transition_duration_iter(&self) -> TransitionDurationIter<'_> {
 0:19.02        |                                                                                 ++++
 0:19.02 warning: hiding a lifetime that's elided elsewhere is confusing
 0:19.02       --> D:/mozilla/firefox/Skyfox/obj-x86_64-pc-windows-msvc\x86_64-pc-windows-msvc\release\build\style-6e86a323422f0acb\out/properties.rs:146337:56
 0:19.02        |
 0:19.02 146337 |                 pub fn transition_timing_function_iter(&self) -> TransitionTimingFunctionIter {
 0:19.02        |                                                        ^^^^^     ^^^^^^^^^^^^^^^^^^^^^^^^^^^^ the same lifetime is hidden here
 0:19.02        |                                                        |
 0:19.02        |                                                        the lifetime is elided here
 0:19.02        |
 0:19.02        = help: the same lifetime is referred to in inconsistent ways, making the signature confusing
 0:19.02 help: use `'_` for type paths
 0:19.02        |
 0:19.02 146337 |                 pub fn transition_timing_function_iter(&self) -> TransitionTimingFunctionIter<'_> {
 0:19.02        |                                                                                              ++++
 0:19.02 warning: hiding a lifetime that's elided elsewhere is confusing
 0:19.02       --> D:/mozilla/firefox/Skyfox/obj-x86_64-pc-windows-msvc\x86_64-pc-windows-msvc\release\build\style-6e86a323422f0acb\out/properties.rs:146367:49
 0:19.02        |
 0:19.02 146367 |                 pub fn transition_property_iter(&self) -> TransitionPropertyIter {
 0:19.02        |                                                 ^^^^^     ^^^^^^^^^^^^^^^^^^^^^^ the same lifetime is hidden here
 0:19.02        |                                                 |
 0:19.02        |                                                 the lifetime is elided here
 0:19.02        |
 0:19.02        = help: the same lifetime is referred to in inconsistent ways, making the signature confusing
 0:19.02 help: use `'_` for type paths
 0:19.02        |
 0:19.02 146367 |                 pub fn transition_property_iter(&self) -> TransitionPropertyIter<'_> {
 0:19.02        |                                                                                 ++++
 0:19.02 warning: hiding a lifetime that's elided elsewhere is confusing
 0:19.02       --> D:/mozilla/firefox/Skyfox/obj-x86_64-pc-windows-msvc\x86_64-pc-windows-msvc\release\build\style-6e86a323422f0acb\out/properties.rs:146397:46
 0:19.02        |
 0:19.02 146397 |                 pub fn transition_delay_iter(&self) -> TransitionDelayIter {
 0:19.02        |                                              ^^^^^     ^^^^^^^^^^^^^^^^^^^ the same lifetime is hidden here
 0:19.02        |                                              |
 0:19.02        |                                              the lifetime is elided here
 0:19.02        |
 0:19.02        = help: the same lifetime is referred to in inconsistent ways, making the signature confusing
 0:19.02 help: use `'_` for type paths
 0:19.02        |
 0:19.02 146397 |                 pub fn transition_delay_iter(&self) -> TransitionDelayIter<'_> {
 0:19.02        |                                                                           ++++
 0:19.02 warning: hiding a lifetime that's elided elsewhere is confusing
 0:19.02       --> D:/mozilla/firefox/Skyfox/obj-x86_64-pc-windows-msvc\x86_64-pc-windows-msvc\release\build\style-6e86a323422f0acb\out/properties.rs:146427:49
 0:19.02        |
 0:19.02 146427 |                 pub fn transition_behavior_iter(&self) -> TransitionBehaviorIter {
 0:19.02        |                                                 ^^^^^     ^^^^^^^^^^^^^^^^^^^^^^ the same lifetime is hidden here
 0:19.02        |                                                 |
 0:19.02        |                                                 the lifetime is elided here
 0:19.02        |
 0:19.02        = help: the same lifetime is referred to in inconsistent ways, making the signature confusing
 0:19.02 help: use `'_` for type paths
 0:19.02        |
 0:19.02 146427 |                 pub fn transition_behavior_iter(&self) -> TransitionBehaviorIter<'_> {
 0:19.02        |                                                                                 ++++
 0:19.02 warning: hiding a lifetime that's elided elsewhere is confusing
 0:19.02       --> D:/mozilla/firefox/Skyfox/obj-x86_64-pc-windows-msvc\x86_64-pc-windows-msvc\release\build\style-6e86a323422f0acb\out/properties.rs:146457:44
 0:19.02        |
 0:19.02 146457 |                 pub fn animation_name_iter(&self) -> AnimationNameIter {
 0:19.02        |                                            ^^^^^     ^^^^^^^^^^^^^^^^^ the same lifetime is hidden here
 0:19.02        |                                            |
 0:19.02        |                                            the lifetime is elided here
 0:19.02        |
 0:19.02        = help: the same lifetime is referred to in inconsistent ways, making the signature confusing
 0:19.02 help: use `'_` for type paths
 0:19.02        |
 0:19.02 146457 |                 pub fn animation_name_iter(&self) -> AnimationNameIter<'_> {
 0:19.02        |                                                                       ++++
 0:19.02 warning: hiding a lifetime that's elided elsewhere is confusing
 0:19.02       --> D:/mozilla/firefox/Skyfox/obj-x86_64-pc-windows-msvc\x86_64-pc-windows-msvc\release\build\style-6e86a323422f0acb\out/properties.rs:146487:48
 0:19.02        |
 0:19.02 146487 |                 pub fn animation_duration_iter(&self) -> AnimationDurationIter {
 0:19.02        |                                                ^^^^^     ^^^^^^^^^^^^^^^^^^^^^ the same lifetime is hidden here
 0:19.02        |                                                |
 0:19.02        |                                                the lifetime is elided here
 0:19.02        |
 0:19.02        = help: the same lifetime is referred to in inconsistent ways, making the signature confusing
 0:19.02 help: use `'_` for type paths
 0:19.02        |
 0:19.02 146487 |                 pub fn animation_duration_iter(&self) -> AnimationDurationIter<'_> {
 0:19.02        |                                                                               ++++
 0:19.02 warning: hiding a lifetime that's elided elsewhere is confusing
 0:19.02       --> D:/mozilla/firefox/Skyfox/obj-x86_64-pc-windows-msvc\x86_64-pc-windows-msvc\release\build\style-6e86a323422f0acb\out/properties.rs:146517:55
 0:19.02        |
 0:19.02 146517 |                 pub fn animation_timing_function_iter(&self) -> AnimationTimingFunctionIter {
 0:19.02        |                                                       ^^^^^     ^^^^^^^^^^^^^^^^^^^^^^^^^^^ the same lifetime is hidden here
 0:19.02        |                                                       |
 0:19.02        |                                                       the lifetime is elided here
 0:19.02        |
 0:19.02        = help: the same lifetime is referred to in inconsistent ways, making the signature confusing
 0:19.02 help: use `'_` for type paths
 0:19.02        |
 0:19.02 146517 |                 pub fn animation_timing_function_iter(&self) -> AnimationTimingFunctionIter<'_> {
 0:19.02        |                                                                                            ++++
 0:19.02 warning: hiding a lifetime that's elided elsewhere is confusing
 0:19.02       --> D:/mozilla/firefox/Skyfox/obj-x86_64-pc-windows-msvc\x86_64-pc-windows-msvc\release\build\style-6e86a323422f0acb\out/properties.rs:146547:55
 0:19.02        |
 0:19.02 146547 |                 pub fn animation_iteration_count_iter(&self) -> AnimationIterationCountIter {
 0:19.02        |                                                       ^^^^^     ^^^^^^^^^^^^^^^^^^^^^^^^^^^ the same lifetime is hidden here
 0:19.02        |                                                       |
 0:19.02        |                                                       the lifetime is elided here
 0:19.02        |
 0:19.02        = help: the same lifetime is referred to in inconsistent ways, making the signature confusing
 0:19.02 help: use `'_` for type paths
 0:19.02        |
 0:19.02 146547 |                 pub fn animation_iteration_count_iter(&self) -> AnimationIterationCountIter<'_> {
 0:19.02        |                                                                                            ++++
 0:19.02 warning: hiding a lifetime that's elided elsewhere is confusing
 0:19.02       --> D:/mozilla/firefox/Skyfox/obj-x86_64-pc-windows-msvc\x86_64-pc-windows-msvc\release\build\style-6e86a323422f0acb\out/properties.rs:146577:49
 0:19.02        |
 0:19.02 146577 |                 pub fn animation_direction_iter(&self) -> AnimationDirectionIter {
 0:19.02        |                                                 ^^^^^     ^^^^^^^^^^^^^^^^^^^^^^ the same lifetime is hidden here
 0:19.02        |                                                 |
 0:19.02        |                                                 the lifetime is elided here
 0:19.02        |
 0:19.02        = help: the same lifetime is referred to in inconsistent ways, making the signature confusing
 0:19.02 help: use `'_` for type paths
 0:19.02        |
 0:19.02 146577 |                 pub fn animation_direction_iter(&self) -> AnimationDirectionIter<'_> {
 0:19.02        |                                                                                 ++++
 0:19.02 warning: hiding a lifetime that's elided elsewhere is confusing
 0:19.02       --> D:/mozilla/firefox/Skyfox/obj-x86_64-pc-windows-msvc\x86_64-pc-windows-msvc\release\build\style-6e86a323422f0acb\out/properties.rs:146607:50
 0:19.02        |
 0:19.02 146607 |                 pub fn animation_play_state_iter(&self) -> AnimationPlayStateIter {
 0:19.02        |                                                  ^^^^^     ^^^^^^^^^^^^^^^^^^^^^^ the same lifetime is hidden here
 0:19.02        |                                                  |
 0:19.02        |                                                  the lifetime is elided here
 0:19.02        |
 0:19.02        = help: the same lifetime is referred to in inconsistent ways, making the signature confusing
 0:19.02 help: use `'_` for type paths
 0:19.02        |
 0:19.02 146607 |                 pub fn animation_play_state_iter(&self) -> AnimationPlayStateIter<'_> {
 0:19.02        |                                                                                  ++++
 0:19.03 warning: hiding a lifetime that's elided elsewhere is confusing
 0:19.03       --> D:/mozilla/firefox/Skyfox/obj-x86_64-pc-windows-msvc\x86_64-pc-windows-msvc\release\build\style-6e86a323422f0acb\out/properties.rs:146637:49
 0:19.03        |
 0:19.03 146637 |                 pub fn animation_fill_mode_iter(&self) -> AnimationFillModeIter {
 0:19.03        |                                                 ^^^^^     ^^^^^^^^^^^^^^^^^^^^^ the same lifetime is hidden here
 0:19.03        |                                                 |
 0:19.03        |                                                 the lifetime is elided here
 0:19.03        |
 0:19.03        = help: the same lifetime is referred to in inconsistent ways, making the signature confusing
 0:19.03 help: use `'_` for type paths
 0:19.03        |
 0:19.03 146637 |                 pub fn animation_fill_mode_iter(&self) -> AnimationFillModeIter<'_> {
 0:19.03        |                                                                                ++++
 0:19.03 warning: hiding a lifetime that's elided elsewhere is confusing
 0:19.03       --> D:/mozilla/firefox/Skyfox/obj-x86_64-pc-windows-msvc\x86_64-pc-windows-msvc\release\build\style-6e86a323422f0acb\out/properties.rs:146667:51
 0:19.03        |
 0:19.03 146667 |                 pub fn animation_composition_iter(&self) -> AnimationCompositionIter {
 0:19.03        |                                                   ^^^^^     ^^^^^^^^^^^^^^^^^^^^^^^^ the same lifetime is hidden here
 0:19.03        |                                                   |
 0:19.03        |                                                   the lifetime is elided here
 0:19.03        |
 0:19.03        = help: the same lifetime is referred to in inconsistent ways, making the signature confusing
 0:19.03 help: use `'_` for type paths
 0:19.03        |
 0:19.03 146667 |                 pub fn animation_composition_iter(&self) -> AnimationCompositionIter<'_> {
 0:19.03        |                                                                                     ++++
 0:19.03 warning: hiding a lifetime that's elided elsewhere is confusing
 0:19.03       --> D:/mozilla/firefox/Skyfox/obj-x86_64-pc-windows-msvc\x86_64-pc-windows-msvc\release\build\style-6e86a323422f0acb\out/properties.rs:146697:45
 0:19.03        |
 0:19.03 146697 |                 pub fn animation_delay_iter(&self) -> AnimationDelayIter {
 0:19.03        |                                             ^^^^^     ^^^^^^^^^^^^^^^^^^ the same lifetime is hidden here
 0:19.03        |                                             |
 0:19.03        |                                             the lifetime is elided here
 0:19.03        |
 0:19.03        = help: the same lifetime is referred to in inconsistent ways, making the signature confusing
 0:19.03 help: use `'_` for type paths
 0:19.03        |
 0:19.03 146697 |                 pub fn animation_delay_iter(&self) -> AnimationDelayIter<'_> {
 0:19.03        |                                                                         ++++
 0:19.03 warning: hiding a lifetime that's elided elsewhere is confusing
 0:19.03       --> D:/mozilla/firefox/Skyfox/obj-x86_64-pc-windows-msvc\x86_64-pc-windows-msvc\release\build\style-6e86a323422f0acb\out/properties.rs:146727:48
 0:19.03        |
 0:19.03 146727 |                 pub fn animation_timeline_iter(&self) -> AnimationTimelineIter {
 0:19.03        |                                                ^^^^^     ^^^^^^^^^^^^^^^^^^^^^ the same lifetime is hidden here
 0:19.03        |                                                |
 0:19.03        |                                                the lifetime is elided here
 0:19.03        |
 0:19.03        = help: the same lifetime is referred to in inconsistent ways, making the signature confusing
 0:19.03 help: use `'_` for type paths
 0:19.03        |
 0:19.03 146727 |                 pub fn animation_timeline_iter(&self) -> AnimationTimelineIter<'_> {
 0:19.03        |                                                                               ++++
 0:19.03 warning: hiding a lifetime that's elided elsewhere is confusing
 0:19.03       --> D:/mozilla/firefox/Skyfox/obj-x86_64-pc-windows-msvc\x86_64-pc-windows-msvc\release\build\style-6e86a323422f0acb\out/properties.rs:146757:50
 0:19.03        |
 0:19.03 146757 |                 pub fn scroll_timeline_name_iter(&self) -> ScrollTimelineNameIter {
 0:19.03        |                                                  ^^^^^     ^^^^^^^^^^^^^^^^^^^^^^ the same lifetime is hidden here
 0:19.03        |                                                  |
 0:19.03        |                                                  the lifetime is elided here
 0:19.03        |
 0:19.03        = help: the same lifetime is referred to in inconsistent ways, making the signature confusing
 0:19.03 help: use `'_` for type paths
 0:19.03        |
 0:19.03 146757 |                 pub fn scroll_timeline_name_iter(&self) -> ScrollTimelineNameIter<'_> {
 0:19.03        |                                                                                  ++++
 0:19.03 warning: hiding a lifetime that's elided elsewhere is confusing
 0:19.03       --> D:/mozilla/firefox/Skyfox/obj-x86_64-pc-windows-msvc\x86_64-pc-windows-msvc\release\build\style-6e86a323422f0acb\out/properties.rs:146787:50
 0:19.03        |
 0:19.03 146787 |                 pub fn scroll_timeline_axis_iter(&self) -> ScrollTimelineAxisIter {
 0:19.03        |                                                  ^^^^^     ^^^^^^^^^^^^^^^^^^^^^^ the same lifetime is hidden here
 0:19.03        |                                                  |
 0:19.03        |                                                  the lifetime is elided here
 0:19.03        |
 0:19.03        = help: the same lifetime is referred to in inconsistent ways, making the signature confusing
 0:19.03 help: use `'_` for type paths
 0:19.03        |
 0:19.03 146787 |                 pub fn scroll_timeline_axis_iter(&self) -> ScrollTimelineAxisIter<'_> {
 0:19.03        |                                                                                  ++++
 0:19.03 warning: hiding a lifetime that's elided elsewhere is confusing
 0:19.03       --> D:/mozilla/firefox/Skyfox/obj-x86_64-pc-windows-msvc\x86_64-pc-windows-msvc\release\build\style-6e86a323422f0acb\out/properties.rs:146817:48
 0:19.03        |
 0:19.03 146817 |                 pub fn view_timeline_name_iter(&self) -> ViewTimelineNameIter {
 0:19.03        |                                                ^^^^^     ^^^^^^^^^^^^^^^^^^^^ the same lifetime is hidden here
 0:19.03        |                                                |
 0:19.03        |                                                the lifetime is elided here
 0:19.03        |
 0:19.03        = help: the same lifetime is referred to in inconsistent ways, making the signature confusing
 0:19.03 help: use `'_` for type paths
 0:19.03        |
 0:19.03 146817 |                 pub fn view_timeline_name_iter(&self) -> ViewTimelineNameIter<'_> {
 0:19.03        |                                                                              ++++
 0:19.03 warning: hiding a lifetime that's elided elsewhere is confusing
 0:19.03       --> D:/mozilla/firefox/Skyfox/obj-x86_64-pc-windows-msvc\x86_64-pc-windows-msvc\release\build\style-6e86a323422f0acb\out/properties.rs:146847:48
 0:19.03        |
 0:19.03 146847 |                 pub fn view_timeline_axis_iter(&self) -> ViewTimelineAxisIter {
 0:19.03        |                                                ^^^^^     ^^^^^^^^^^^^^^^^^^^^ the same lifetime is hidden here
 0:19.03        |                                                |
 0:19.03        |                                                the lifetime is elided here
 0:19.03        |
 0:19.03        = help: the same lifetime is referred to in inconsistent ways, making the signature confusing
 0:19.03 help: use `'_` for type paths
 0:19.03        |
 0:19.03 146847 |                 pub fn view_timeline_axis_iter(&self) -> ViewTimelineAxisIter<'_> {
 0:19.03        |                                                                              ++++
 0:19.03 warning: hiding a lifetime that's elided elsewhere is confusing
 0:19.03       --> D:/mozilla/firefox/Skyfox/obj-x86_64-pc-windows-msvc\x86_64-pc-windows-msvc\release\build\style-6e86a323422f0acb\out/properties.rs:146877:49
 0:19.03        |
 0:19.03 146877 |                 pub fn view_timeline_inset_iter(&self) -> ViewTimelineInsetIter {
 0:19.03        |                                                 ^^^^^     ^^^^^^^^^^^^^^^^^^^^^ the same lifetime is hidden here
 0:19.03        |                                                 |
 0:19.03        |                                                 the lifetime is elided here
 0:19.03        |
 0:19.03        = help: the same lifetime is referred to in inconsistent ways, making the signature confusing
 0:19.03 help: use `'_` for type paths
 0:19.03        |
 0:19.03 146877 |                 pub fn view_timeline_inset_iter(&self) -> ViewTimelineInsetIter<'_> {
 0:19.03        |                                                                                ++++
 0:19.03 warning: hiding a lifetime that's elided elsewhere is confusing
 0:19.03      --> D:/mozilla/firefox/Skyfox/obj-x86_64-pc-windows-msvc\x86_64-pc-windows-msvc\release\build\style-6e86a323422f0acb\out/properties.rs:96723:15
 0:19.03       |
 0:19.03 96723 |     pub fn id(&self) -> PropertyDeclarationId {
 0:19.03       |               ^^^^^     ^^^^^^^^^^^^^^^^^^^^^ the same lifetime is hidden here
 0:19.03       |               |
 0:19.03       |               the lifetime is elided here
 0:19.03       |
 0:19.03       = help: the same lifetime is referred to in inconsistent ways, making the signature confusing
 0:19.03 help: use `'_` for type paths
 0:19.03       |
 0:19.03 96723 |     pub fn id(&self) -> PropertyDeclarationId<'_> {
 0:19.03       |                                              ++++
 0:19.03 warning: hiding a lifetime that's elided elsewhere is confusing
 0:19.03    --> servo\components\style\gecko\data.rs:192:19
 0:19.03     |
 0:19.03 192 |     pub fn borrow(&self) -> AtomicRef<PerDocumentStyleDataImpl> {
 0:19.03     |                   ^^^^^     ^^^^^^^^^^^^^^^^^^^^^^^^^^^^^^^^^^^ the same lifetime is hidden here
 0:19.03     |                   |
 0:19.03     |                   the lifetime is elided here
 0:19.03     |
 0:19.03     = help: the same lifetime is referred to in inconsistent ways, making the signature confusing
 0:19.03 help: use `'_` for type paths
 0:19.03     |
 0:19.03 192 |     pub fn borrow(&self) -> AtomicRef<'_, PerDocumentStyleDataImpl> {
 0:19.03     |                                       +++
 0:19.03 warning: hiding a lifetime that's elided elsewhere is confusing
 0:19.03    --> servo\components\style\gecko\data.rs:197:23
 0:19.03     |
 0:19.03 197 |     pub fn borrow_mut(&self) -> AtomicRefMut<PerDocumentStyleDataImpl> {
 0:19.03     |                       ^^^^^     ^^^^^^^^^^^^^^^^^^^^^^^^^^^^^^^^^^^^^^ the same lifetime is hidden here
 0:19.03     |                       |
 0:19.03     |                       the lifetime is elided here
 0:19.03     |
 0:19.03     = help: the same lifetime is referred to in inconsistent ways, making the signature confusing
 0:19.03 help: use `'_` for type paths
 0:19.03     |
 0:19.03 197 |     pub fn borrow_mut(&self) -> AtomicRefMut<'_, PerDocumentStyleDataImpl> {
 0:19.03     |                                              +++
 0:19.03 warning: hiding a lifetime that's elided elsewhere is confusing
 0:19.03   --> servo\components\style\gecko\snapshot_helpers.rs:40:45
 0:19.03    |
 0:19.03 40 | unsafe fn get_class_or_part_from_attr(attr: &structs::nsAttrValue) -> Class {
 0:19.03    |                                             ^^^^^^^^^^^^^^^^^^^^^     ^^^^^ the same lifetime is hidden here
 0:19.03    |                                             |
 0:19.03    |                                             the lifetime is elided here
 0:19.03    |
 0:19.03    = help: the same lifetime is referred to in inconsistent ways, making the signature confusing
 0:19.03 help: use `'_` for type paths
 0:19.03    |
 0:19.03 40 | unsafe fn get_class_or_part_from_attr(attr: &structs::nsAttrValue) -> Class<'_> {
 0:19.03    |                                                                            ++++
 0:19.03 warning: hiding a lifetime that's elided elsewhere is confusing
 0:19.03   --> servo\components\style\gecko\traversal.rs:50:23
 0:19.03    |
 0:19.03 50 |     fn shared_context(&self) -> &SharedStyleContext {
 0:19.03    |                       ^^^^^     ^^^^^^^^^^^^^^^^^^^
 0:19.03    |                       |         ||
 0:19.03    |                       |         |the same lifetime is hidden here
 0:19.03    |                       |         the same lifetime is elided here
 0:19.03    |                       the lifetime is elided here
 0:19.03    |
 0:19.03    = help: the same lifetime is referred to in inconsistent ways, making the signature confusing
 0:19.03 help: use `'_` for type paths
 0:19.03    |
 0:19.03 50 |     fn shared_context(&self) -> &SharedStyleContext<'_> {
 0:19.03    |                                                    ++++
 0:19.03 warning: hiding a lifetime that's elided elsewhere is confusing
 0:19.03    --> servo\components\style\gecko\wrapper.rs:417:33
 0:19.03     |
 0:19.03 417 |     pub fn prev_sibling_element(&self) -> Option<GeckoElement> {
 0:19.03     |                                 ^^^^^            ^^^^^^^^^^^^ the same lifetime is hidden here
 0:19.03     |                                 |
 0:19.03     |                                 the lifetime is elided here
 0:19.03     |
 0:19.03     = help: the same lifetime is referred to in inconsistent ways, making the signature confusing
 0:19.03 help: use `'_` for type paths
 0:19.03     |
 0:19.03 417 |     pub fn prev_sibling_element(&self) -> Option<GeckoElement<'_>> {
 0:19.03     |                                                              ++++
 0:19.03 warning: hiding a lifetime that's elided elsewhere is confusing
 0:19.03    --> servo\components\style\gecko\wrapper.rs:430:33
 0:19.03     |
 0:19.03 430 |     pub fn next_sibling_element(&self) -> Option<GeckoElement> {
 0:19.03     |                                 ^^^^^            ^^^^^^^^^^^^ the same lifetime is hidden here
 0:19.03     |                                 |
 0:19.03     |                                 the lifetime is elided here
 0:19.03     |
 0:19.03     = help: the same lifetime is referred to in inconsistent ways, making the signature confusing
 0:19.03 help: use `'_` for type paths
 0:19.03     |
 0:19.03 430 |     pub fn next_sibling_element(&self) -> Option<GeckoElement<'_>> {
 0:19.03     |                                                              ++++
 0:19.03 warning: implicit autoref creates a reference to the dereference of a raw pointer
 0:19.03     --> servo\components\style\gecko\wrapper.rs:1022:9
 0:19.03      |
 0:19.03 1022 |         (*namespace_manager).mURIArray[id as usize].mRawPtr
 0:19.03      |         ^^-----------------^^^^^^^^^^^^^^^^^^^^^^^^
 0:19.03      |           |
 0:19.03      |           this raw pointer has type `*mut nsNameSpaceManager`
 0:19.03      |
 0:19.03      = note: creating a reference requires the pointer target to be valid and imposes aliasing requirements
 0:19.03      = note: references are created through calls to explicit `Deref(Mut)::deref(_mut)` implementations
 0:19.03      = note: `#[warn(dangerous_implicit_autorefs)]` on by default
 0:19.03 help: try using a raw pointer method instead; or if this reference is intentional, make it explicit
 0:19.03      |
 0:19.03 1022 |         (&(*namespace_manager).mURIArray)[id as usize].mRawPtr
 0:19.03      |         ++                              +
 0:19.03 warning: hiding a lifetime that's elided elsewhere is confusing
 0:19.03     --> servo\components\style\gecko\wrapper.rs:1250:24
 0:19.03      |
 0:19.03 1250 |     fn style_attribute(&self) -> Option<ArcBorrow<Locked<PropertyDeclarationBlock>>> {
 0:19.03      |                        ^^^^^            ^^^^^^^^^^^^^^^^^^^^^^^^^^^^^^^^^^^^^^^^^^^ the same lifetime is hidden here
 0:19.03      |                        |
 0:19.03      |                        the lifetime is elided here
 0:19.03      |
 0:19.03      = help: the same lifetime is referred to in inconsistent ways, making the signature confusing
 0:19.03 help: use `'_` for type paths
 0:19.03      |
 0:19.03 1250 |     fn style_attribute(&self) -> Option<ArcBorrow<'_, Locked<PropertyDeclarationBlock>>> {
 0:19.03      |                                                   +++
 0:19.04 warning: hiding a lifetime that's elided elsewhere is confusing
 0:19.04     --> servo\components\style\gecko\wrapper.rs:1269:22
 0:19.04      |
 0:19.04 1269 |     fn smil_override(&self) -> Option<ArcBorrow<Locked<PropertyDeclarationBlock>>> {
 0:19.04      |                      ^^^^^            ^^^^^^^^^^^^^^^^^^^^^^^^^^^^^^^^^^^^^^^^^^^ the same lifetime is hidden here
 0:19.04      |                      |
 0:19.04      |                      the lifetime is elided here
 0:19.04      |
 0:19.04      = help: the same lifetime is referred to in inconsistent ways, making the signature confusing
 0:19.04 help: use `'_` for type paths
 0:19.04      |
 0:19.04 1269 |     fn smil_override(&self) -> Option<ArcBorrow<'_, Locked<PropertyDeclarationBlock>>> {
 0:19.04      |                                                 +++
 0:19.04 warning: hiding a lifetime that's elided elsewhere is confusing
 0:19.04     --> servo\components\style\gecko\wrapper.rs:1468:27
 0:19.04      |
 0:19.04 1468 |     unsafe fn ensure_data(&self) -> AtomicRefMut<ElementData> {
 0:19.04      |                           ^^^^^     ^^^^^^^^^^^^^^^^^^^^^^^^^ the same lifetime is hidden here
 0:19.04      |                           |
 0:19.04      |                           the lifetime is elided here
 0:19.04      |
 0:19.04      = help: the same lifetime is referred to in inconsistent ways, making the signature confusing
 0:19.04 help: use `'_` for type paths
 0:19.04      |
 0:19.04 1468 |     unsafe fn ensure_data(&self) -> AtomicRefMut<'_, ElementData> {
 0:19.04      |                                                  +++
 0:19.04 warning: hiding a lifetime that's elided elsewhere is confusing
 0:19.04     --> servo\components\style\gecko\wrapper.rs:1623:20
 0:19.04      |
 0:19.04 1623 |     fn borrow_data(&self) -> Option<AtomicRef<ElementData>> {
 0:19.04      |                    ^^^^^            ^^^^^^^^^^^^^^^^^^^^^^ the same lifetime is hidden here
 0:19.04      |                    |
 0:19.04      |                    the lifetime is elided here
 0:19.04      |
 0:19.04      = help: the same lifetime is referred to in inconsistent ways, making the signature confusing
 0:19.04 help: use `'_` for type paths
 0:19.04      |
 0:19.04 1623 |     fn borrow_data(&self) -> Option<AtomicRef<'_, ElementData>> {
 0:19.04      |                                               +++
 0:19.04 warning: hiding a lifetime that's elided elsewhere is confusing
 0:19.04     --> servo\components\style\gecko\wrapper.rs:1628:20
 0:19.04      |
 0:19.04 1628 |     fn mutate_data(&self) -> Option<AtomicRefMut<ElementData>> {
 0:19.04      |                    ^^^^^            ^^^^^^^^^^^^^^^^^^^^^^^^^ the same lifetime is hidden here
 0:19.04      |                    |
 0:19.04      |                    the lifetime is elided here
 0:19.04      |
 0:19.04      = help: the same lifetime is referred to in inconsistent ways, making the signature confusing
 0:19.04 help: use `'_` for type paths
 0:19.04      |
 0:19.04 1628 |     fn mutate_data(&self) -> Option<AtomicRefMut<'_, ElementData>> {
 0:19.04      |                                                  +++
 0:19.04 warning: `style` (lib) generated 90 warnings (run `cargo fix --lib -p style` to apply 89 suggestions)
 0:19.04 warning: unexpected `cfg` condition value: `phf`
 0:19.04   --> third_party\rust\mime_guess\src\lib.rs:32:7
 0:19.04    |
 0:19.04 32 | #[cfg(feature = "phf")]
 0:19.04    |       ^^^^^^^^^^^^^^^
 0:19.04    |
 0:19.04    = note: expected values for `feature` are: `default` and `rev-mappings`
 0:19.04    = help: consider adding `phf` as a feature in `Cargo.toml`
 0:19.04    = note: see <https://doc.rust-lang.org/nightly/rustc/check-cfg/cargo-specifics.html> for more information about checking conditional configuration
 0:19.04    = note: `#[warn(unexpected_cfgs)]` on by default
 0:19.04 warning: unexpected `cfg` condition value: `phf`
 0:19.04   --> third_party\rust\mime_guess\src\lib.rs:36:11
 0:19.04    |
 0:19.04 36 | #[cfg(not(feature = "phf"))]
 0:19.04    |           ^^^^^^^^^^^^^^^
 0:19.04    |
 0:19.04    = note: expected values for `feature` are: `default` and `rev-mappings`
 0:19.04    = help: consider adding `phf` as a feature in `Cargo.toml`
 0:19.04    = note: see <https://doc.rust-lang.org/nightly/rustc/check-cfg/cargo-specifics.html> for more information about checking conditional configuration
 0:19.04 warning: `mime_guess` (lib) generated 2 warnings
 0:19.04 warning: struct `PotentiallyInvalidUtf8` is never constructed
 0:19.04   --> intl\icu_capi\src\utf.rs:30:12
 0:19.04    |
 0:19.04 30 | pub struct PotentiallyInvalidUtf8<'a>(pub &'a [u8]);
 0:19.04    |            ^^^^^^^^^^^^^^^^^^^^^^
 0:19.04    |
 0:19.04    = note: `#[warn(dead_code)]` (part of `#[warn(unused)]`) on by default
 0:19.04 warning: struct `PotentiallyInvalidUtf16` is never constructed
 0:19.04    --> intl\icu_capi\src\utf.rs:107:12
 0:19.04     |
 0:19.04 107 | pub struct PotentiallyInvalidUtf16<'a>(pub &'a [u16]);
 0:19.04     |            ^^^^^^^^^^^^^^^^^^^^^^^
 0:19.04 warning: hiding a lifetime that's elided elsewhere is confusing
 0:19.04   --> intl\icu_capi\src\utf.rs:72:28
 0:19.04    |
 0:19.04 72 |     fn try_write_to_string(&self) -> Result<Cow<str>, (Self::Error, Cow<str>)> {
 0:19.04    |                            ^^^^^            ^^^^^^^^                ^^^^^^^^ the same lifetime is hidden here
 0:19.04    |                            |                |
 0:19.04    |                            |                the same lifetime is hidden here
 0:19.04    |                            the lifetime is elided here
 0:19.04    |
 0:19.04    = help: the same lifetime is referred to in inconsistent ways, making the signature confusing
 0:19.04    = note: `#[warn(mismatched_lifetime_syntaxes)]` on by default
 0:19.04 help: use `'_` for type paths
 0:19.04    |
 0:19.04 72 |     fn try_write_to_string(&self) -> Result<Cow<'_, str>, (Self::Error, Cow<'_, str>)> {
 0:19.04    |                                                 +++                         +++
 0:19.04 warning: `icu_capi` (lib) generated 3 warnings (run `cargo fix --lib -p icu_capi` to apply 1 suggestion)
 0:19.60    Compiling app_services_logger v0.1.0 (D:\mozilla\firefox\Skyfox\services\common\app_services_logger)
 0:19.67 dom/notification
 0:19.93    Compiling relevancy v0.1.0 (https://github.com/mozilla/application-services?rev=f5907a411e52a3985d0369d71c486eb507c2c4e6#f5907a41)
 0:20.19    Compiling search v0.1.0 (https://github.com/mozilla/application-services?rev=f5907a411e52a3985d0369d71c486eb507c2c4e6#f5907a41)
 0:20.48    Compiling suggest v0.1.0 (https://github.com/mozilla/application-services?rev=f5907a411e52a3985d0369d71c486eb507c2c4e6#f5907a41)
 0:20.50 warning: hiding a lifetime that's elided elsewhere is confusing
 0:20.50   --> storage\rust\src\lib.rs:95:35
 0:20.50    |
 0:20.50 95 |     pub fn prepare<Q: AsRef<str>>(&self, query: Q) -> Result<Statement> {
 0:20.50    |                                   ^^^^^                      ^^^^^^^^^ the same lifetime is hidden here
 0:20.50    |                                   |
 0:20.50    |                                   the lifetime is elided here
 0:20.50    |
 0:20.50    = help: the same lifetime is referred to in inconsistent ways, making the signature confusing
 0:20.50    = note: `#[warn(mismatched_lifetime_syntaxes)]` on by default
 0:20.50 help: use `'_` for type paths
 0:20.50    |
 0:20.50 95 |     pub fn prepare<Q: AsRef<str>>(&self, query: Q) -> Result<Statement<'_>> {
 0:20.50    |                                                                       ++++
 0:20.50 warning: hiding a lifetime that's elided elsewhere is confusing
 0:20.50    --> storage\rust\src\lib.rs:123:24
 0:20.50     |
 0:20.50 123 |     pub fn transaction(&mut self) -> Result<Transaction> {
 0:20.50     |                        ^^^^^^^^^            ^^^^^^^^^^^ the same lifetime is hidden here
 0:20.50     |                        |
 0:20.50     |                        the lifetime is elided here
 0:20.50     |
 0:20.50     = help: the same lifetime is referred to in inconsistent ways, making the signature confusing
 0:20.50 help: use `'_` for type paths
 0:20.50     |
 0:20.50 123 |     pub fn transaction(&mut self) -> Result<Transaction<'_>> {
 0:20.50     |                                                        ++++
 0:20.50 warning: hiding a lifetime that's elided elsewhere is confusing
 0:20.50    --> storage\rust\src\lib.rs:145:9
 0:20.50     |
 0:20.50 145 |         &mut self,
 0:20.50     |         ^^^^^^^^^ the lifetime is elided here
 0:20.50 146 |         behavior: TransactionBehavior,
 0:20.50 147 |     ) -> Result<Transaction> {
 0:20.50     |                 ^^^^^^^^^^^ the same lifetime is hidden here
 0:20.50     |
 0:20.50     = help: the same lifetime is referred to in inconsistent ways, making the signature confusing
 0:20.50 help: use `'_` for type paths
 0:20.50     |
 0:20.50 147 |     ) -> Result<Transaction<'_>> {
 0:20.51     |                            ++++
 0:20.51 warning: `storage` (lib) generated 3 warnings (run `cargo fix --lib -p storage` to apply 3 suggestions)
 0:20.51    Compiling geckoservo v0.0.1 (D:\mozilla\firefox\Skyfox\servo\ports\geckolib)
 0:27.12    Compiling glean v64.3.1
 0:29.10    Compiling firefox-on-glean v0.1.0 (D:\mozilla\firefox\Skyfox\toolkit\components\glean\api)
 0:29.52 warning: implicit autoref creates a reference to the dereference of a raw pointer
 0:29.52   --> dom\media\webrtc\sdp\rsdparsa_capi\src\attribute.rs:27:11
 0:29.52    |
 0:29.52 27 |     match (*session).attribute.get(index as usize) {
 0:29.52    |           ^^-------^^^^^^^^^^^^^^^^^^^^^^^^^^^^^^^
 0:29.52    |             |
 0:29.52    |             this raw pointer has type `*const SdpSession`
 0:29.52    |
 0:29.52    = note: creating a reference requires the pointer target to be valid and imposes aliasing requirements
 0:29.52 note: autoref is being applied to this expression, resulting in: `&[rsdparsa::attribute_type::SdpAttribute]`
 0:29.52   --> dom\media\webrtc\sdp\rsdparsa_capi\src\attribute.rs:27:11
 0:29.52    |
 0:29.52 27 |     match (*session).attribute.get(index as usize) {
 0:29.52    |           ^^^^^^^^^^^^^^^^^^^^
 0:29.52 note: method calls to `get` require a reference
 0:29.52   --> /rustc/ac68faa20c58cbccd01ee7208bf3b6e93a7d7f96/library\core\src\slice\mod.rs:572:4
 0:29.52    = note: `#[warn(dangerous_implicit_autorefs)]` on by default
 0:29.52 help: try using a raw pointer method instead; or if this reference is intentional, make it explicit
 0:29.52    |
 0:29.52 27 |     match (&(*session).attribute).get(index as usize) {
 0:29.52    |           ++                    +
 0:29.52 warning: implicit autoref creates a reference to the dereference of a raw pointer
 0:29.52   --> dom\media\webrtc\sdp\rsdparsa_capi\src\media_section.rs:24:18
 0:29.52    |
 0:29.52 24 |     return match (*session).media.get(index) {
 0:29.52    |                  ^^-------^^^^^^^^^^^^^^^^^^
 0:29.52    |                    |
 0:29.52    |                    this raw pointer has type `*const SdpSession`
 0:29.52    |
 0:29.52    = note: creating a reference requires the pointer target to be valid and imposes aliasing requirements
 0:29.52 note: autoref is being applied to this expression, resulting in: `&[SdpMedia]`
 0:29.52   --> dom\media\webrtc\sdp\rsdparsa_capi\src\media_section.rs:24:18
 0:29.52    |
 0:29.52 24 |     return match (*session).media.get(index) {
 0:29.52    |                  ^^^^^^^^^^^^^^^^
 0:29.52 note: method calls to `get` require a reference
 0:29.52   --> /rustc/ac68faa20c58cbccd01ee7208bf3b6e93a7d7f96/library\core\src\slice\mod.rs:572:4
 0:29.52 help: try using a raw pointer method instead; or if this reference is intentional, make it explicit
 0:29.52    |
 0:29.52 24 |     return match (&(*session).media).get(index) {
 0:29.52    |                  ++                +
 0:29.52 warning: implicit autoref creates a reference to the dereference of a raw pointer
 0:29.52   --> dom\media\webrtc\sdp\rsdparsa_capi\src\types.rs:89:11
 0:29.52    |
 0:29.52 89 |     match (*vec).get(index) {
 0:29.52    |           ^^---^^^^^^^^^^^^
 0:29.52    |             |
 0:29.52    |             this raw pointer has type `*const Vec<String>`
 0:29.52    |
 0:29.52    = note: creating a reference requires the pointer target to be valid and imposes aliasing requirements
 0:29.52 note: autoref is being applied to this expression, resulting in: `&[String]`
 0:29.52   --> dom\media\webrtc\sdp\rsdparsa_capi\src\types.rs:89:11
 0:29.52    |
 0:29.52 89 |     match (*vec).get(index) {
 0:29.52    |           ^^^^^^
 0:29.52 note: method calls to `get` require a reference
 0:29.52   --> /rustc/ac68faa20c58cbccd01ee7208bf3b6e93a7d7f96/library\core\src\slice\mod.rs:572:4
 0:29.52 help: try using a raw pointer method instead; or if this reference is intentional, make it explicit
 0:29.52    |
 0:29.52 89 |     match (&(*vec)).get(index) {
 0:29.52    |           ++      +
 0:29.52 warning: implicit autoref creates a reference to the dereference of a raw pointer
 0:29.52    --> dom\media\webrtc\sdp\rsdparsa_capi\src\types.rs:115:11
 0:29.52     |
 0:29.52 115 |     match (*vec).get(index) {
 0:29.52     |           ^^---^^^^^^^^^^^^
 0:29.52     |             |
 0:29.52     |             this raw pointer has type `*const Vec<f32>`
 0:29.52     |
 0:29.52     = note: creating a reference requires the pointer target to be valid and imposes aliasing requirements
 0:29.52 note: autoref is being applied to this expression, resulting in: `&[f32]`
 0:29.52    --> dom\media\webrtc\sdp\rsdparsa_capi\src\types.rs:115:11
 0:29.52     |
 0:29.52 115 |     match (*vec).get(index) {
 0:29.52     |           ^^^^^^
 0:29.52 note: method calls to `get` require a reference
 0:29.52    --> /rustc/ac68faa20c58cbccd01ee7208bf3b6e93a7d7f96/library\core\src\slice\mod.rs:572:4
 0:29.52 help: try using a raw pointer method instead; or if this reference is intentional, make it explicit
 0:29.52     |
 0:29.52 115 |     match (&(*vec)).get(index) {
 0:29.52     |           ++      +
 0:29.52 warning: implicit autoref creates a reference to the dereference of a raw pointer
 0:29.52    --> dom\media\webrtc\sdp\rsdparsa_capi\src\types.rs:135:11
 0:29.52     |
 0:29.52 135 |     match (*vec).get(index) {
 0:29.52     |           ^^---^^^^^^^^^^^^
 0:29.52     |             |
 0:29.52     |             this raw pointer has type `*const Vec<u32>`
 0:29.52     |
 0:29.53     = note: creating a reference requires the pointer target to be valid and imposes aliasing requirements
 0:29.53 note: autoref is being applied to this expression, resulting in: `&[u32]`
 0:29.53    --> dom\media\webrtc\sdp\rsdparsa_capi\src\types.rs:135:11
 0:29.53     |
 0:29.53 135 |     match (*vec).get(index) {
 0:29.53     |           ^^^^^^
 0:29.53 note: method calls to `get` require a reference
 0:29.53    --> /rustc/ac68faa20c58cbccd01ee7208bf3b6e93a7d7f96/library\core\src\slice\mod.rs:572:4
 0:29.53 help: try using a raw pointer method instead; or if this reference is intentional, make it explicit
 0:29.53     |
 0:29.53 135 |     match (&(*vec)).get(index) {
 0:29.53     |           ++      +
 0:29.53 warning: implicit autoref creates a reference to the dereference of a raw pointer
 0:29.53    --> dom\media\webrtc\sdp\rsdparsa_capi\src\types.rs:155:11
 0:29.53     |
 0:29.53 155 |     match (*vec).get(index) {
 0:29.53     |           ^^---^^^^^^^^^^^^
 0:29.53     |             |
 0:29.53     |             this raw pointer has type `*const Vec<u16>`
 0:29.53     |
 0:29.53     = note: creating a reference requires the pointer target to be valid and imposes aliasing requirements
 0:29.53 note: autoref is being applied to this expression, resulting in: `&[u16]`
 0:29.53    --> dom\media\webrtc\sdp\rsdparsa_capi\src\types.rs:155:11
 0:29.53     |
 0:29.53 155 |     match (*vec).get(index) {
 0:29.53     |           ^^^^^^
 0:29.53 note: method calls to `get` require a reference
 0:29.53    --> /rustc/ac68faa20c58cbccd01ee7208bf3b6e93a7d7f96/library\core\src\slice\mod.rs:572:4
 0:29.53 help: try using a raw pointer method instead; or if this reference is intentional, make it explicit
 0:29.53     |
 0:29.53 155 |     match (&(*vec)).get(index) {
 0:29.53     |           ++      +
 0:29.53 warning: implicit autoref creates a reference to the dereference of a raw pointer
 0:29.53    --> dom\media\webrtc\sdp\rsdparsa_capi\src\types.rs:171:11
 0:29.53     |
 0:29.53 171 |     match (*vec).get(index) {
 0:29.53     |           ^^---^^^^^^^^^^^^
 0:29.53     |             |
 0:29.53     |             this raw pointer has type `*const Vec<u8>`
 0:29.53     |
 0:29.53     = note: creating a reference requires the pointer target to be valid and imposes aliasing requirements
 0:29.53 note: autoref is being applied to this expression, resulting in: `&[u8]`
 0:29.53    --> dom\media\webrtc\sdp\rsdparsa_capi\src\types.rs:171:11
 0:29.53     |
 0:29.53 171 |     match (*vec).get(index) {
 0:29.53     |           ^^^^^^
 0:29.53 note: method calls to `get` require a reference
 0:29.53    --> /rustc/ac68faa20c58cbccd01ee7208bf3b6e93a7d7f96/library\core\src\slice\mod.rs:572:4
 0:29.53 help: try using a raw pointer method instead; or if this reference is intentional, make it explicit
 0:29.53     |
 0:29.53 171 |     match (&(*vec)).get(index) {
 0:29.53     |           ++      +
 0:29.53 warning: implicit autoref creates a reference to the dereference of a raw pointer
 0:29.53    --> dom\media\webrtc\sdp\rsdparsa_capi\src\types.rs:191:11
 0:29.53     |
 0:29.53 191 |     match (*vec).get(index) {
 0:29.53     |           ^^---^^^^^^^^^^^^
 0:29.53     |             |
 0:29.53     |             this raw pointer has type `*const Vec<rsdparsa::attribute_type::SdpAttributeSsrc>`
 0:29.53     |
 0:29.53     = note: creating a reference requires the pointer target to be valid and imposes aliasing requirements
 0:29.53 note: autoref is being applied to this expression, resulting in: `&[rsdparsa::attribute_type::SdpAttributeSsrc]`
 0:29.53    --> dom\media\webrtc\sdp\rsdparsa_capi\src\types.rs:191:11
 0:29.53     |
 0:29.53 191 |     match (*vec).get(index) {
 0:29.53     |           ^^^^^^
 0:29.53 note: method calls to `get` require a reference
 0:29.53    --> /rustc/ac68faa20c58cbccd01ee7208bf3b6e93a7d7f96/library\core\src\slice\mod.rs:572:4
 0:29.53 help: try using a raw pointer method instead; or if this reference is intentional, make it explicit
 0:29.53     |
 0:29.53 191 |     match (&(*vec)).get(index) {
 0:29.53     |           ++      +
 0:29.53 warning: `rsdparsa_capi` (lib) generated 8 warnings
 0:29.53    Compiling gecko_logger v0.1.0 (D:\mozilla\firefox\Skyfox\xpcom\rust\gecko_logger)
 0:30.10 dom/payments/ipc
 0:30.61 warning: hiding a lifetime that's elided elsewhere is confusing
 0:30.61   --> gfx\wgpu_bindings\src\client.rs:60:16
 0:30.61    |
 0:30.61 60 |     fn to_wgpu(&self) -> wgc::pipeline::ProgrammableStageDescriptor {
 0:30.61    |                ^^^^^     ^^^^^^^^^^^^^^^^^^^^^^^^^^^^^^^^^^^^^^^^^^ the same lifetime is hidden here
 0:30.61    |                |
 0:30.61    |                the lifetime is elided here
 0:30.61    |
 0:30.61    = help: the same lifetime is referred to in inconsistent ways, making the signature confusing
 0:30.61    = note: `#[warn(mismatched_lifetime_syntaxes)]` on by default
 0:30.61 help: use `'_` for type paths
 0:30.61    |
 0:30.61 60 |     fn to_wgpu(&self) -> wgc::pipeline::ProgrammableStageDescriptor<'_> {
 0:30.61    |                                                                    ++++
 0:30.61 warning: hiding a lifetime that's elided elsewhere is confusing
 0:30.61    --> gfx\wgpu_bindings\src\client.rs:105:16
 0:30.61     |
 0:30.61 105 |     fn to_wgpu(&self) -> wgc::pipeline::VertexState {
 0:30.61     |                ^^^^^     ^^^^^^^^^^^^^^^^^^^^^^^^^^ the same lifetime is hidden here
 0:30.61     |                |
 0:30.61     |                the lifetime is elided here
 0:30.61     |
 0:30.61     = help: the same lifetime is referred to in inconsistent ways, making the signature confusing
 0:30.61 help: use `'_` for type paths
 0:30.61     |
 0:30.61 105 |     fn to_wgpu(&self) -> wgc::pipeline::VertexState<'_> {
 0:30.61     |                                                    ++++
 0:30.61 warning: hiding a lifetime that's elided elsewhere is confusing
 0:30.61    --> gfx\wgpu_bindings\src\client.rs:136:16
 0:30.61     |
 0:30.61 136 |     fn to_wgpu(&self) -> wgc::pipeline::FragmentState {
 0:30.61     |                ^^^^^     ^^^^^^^^^^^^^^^^^^^^^^^^^^^^ the same lifetime is hidden here
 0:30.61     |                |
 0:30.61     |                the lifetime is elided here
 0:30.61     |
 0:30.61     = help: the same lifetime is referred to in inconsistent ways, making the signature confusing
 0:30.61 help: use `'_` for type paths
 0:30.61     |
 0:30.61 136 |     fn to_wgpu(&self) -> wgc::pipeline::FragmentState<'_> {
 0:30.61     |                                                      ++++
 0:30.61 warning: `wgpu_bindings` (lib) generated 3 warnings (run `cargo fix --lib -p wgpu_bindings` to apply 3 suggestions)
 0:30.61 warning: unnecessary parentheses around closure body
 0:30.61    --> toolkit\components\telemetry\dap\ffi\src\lib.rs:145:64
 0:30.61     |
 0:30.61 145 |         let measurement: Vec<u128> = self.value.iter().map(|e| (*e as u128)).collect();
 0:30.61     |                                                                ^          ^
 0:30.61     |
 0:30.61     = note: `#[warn(unused_parens)]` (part of `#[warn(unused)]`) on by default
 0:30.61 help: remove these parentheses
 0:30.61     |
 0:30.61 145 -         let measurement: Vec<u128> = self.value.iter().map(|e| (*e as u128)).collect();
 0:30.61 145 +         let measurement: Vec<u128> = self.value.iter().map(|e| *e as u128).collect();
 0:30.61     |
 0:30.61 warning: `dap_ffi` (lib) generated 1 warning (run `cargo fix --lib -p dap_ffi` to apply 1 suggestion)
 0:30.61 warning: hiding a lifetime that's elided elsewhere is confusing
 0:30.61    --> dom\webauthn\authrs_bridge\src\test_token.rs:177:24
 0:30.61     |
 0:30.61 177 |     fn get_credentials(&self) -> Ref<Vec<TestTokenCredential>> {
 0:30.61     |                        ^^^^^     ^^^^^^^^^^^^^^^^^^^^^^^^^^^^^ the same lifetime is hidden here
 0:30.61     |                        |
 0:30.61     |                        the lifetime is elided here
 0:30.61     |
 0:30.61     = help: the same lifetime is referred to in inconsistent ways, making the signature confusing
 0:30.61     = note: `#[warn(mismatched_lifetime_syntaxes)]` on by default
 0:30.61 help: use `'_` for type paths
 0:30.61     |
 0:30.61 177 |     fn get_credentials(&self) -> Ref<'_, Vec<TestTokenCredential>> {
 0:30.61     |                                      +++
 0:30.61 warning: `authrs_bridge` (lib) generated 1 warning (run `cargo fix --lib -p authrs_bridge` to apply 1 suggestion)
 0:30.61 warning: hiding a lifetime that's elided elsewhere is confusing
 0:30.61    --> netwerk\base\mozurl\src\lib.rs:170:36
 0:30.62     |
 0:30.62 170 | pub extern "C" fn mozurl_spec(url: &MozURL) -> SpecSlice {
 0:30.62     |                                    ^^^^^^^     ^^^^^^^^^ the same lifetime is hidden here
 0:30.62     |                                    |
 0:30.62     |                                    the lifetime is elided here
 0:30.62     |
 0:30.62     = help: the same lifetime is referred to in inconsistent ways, making the signature confusing
 0:30.62     = note: `#[warn(mismatched_lifetime_syntaxes)]` on by default
 0:30.62 help: use `'_` for type paths
 0:30.62     |
 0:30.62 170 | pub extern "C" fn mozurl_spec(url: &MozURL) -> SpecSlice<'_> {
 0:30.62     |                                                         ++++
 0:30.62 warning: hiding a lifetime that's elided elsewhere is confusing
 0:30.62    --> netwerk\base\mozurl\src\lib.rs:175:38
 0:30.62     |
 0:30.62 175 | pub extern "C" fn mozurl_scheme(url: &MozURL) -> SpecSlice {
 0:30.62     |                                      ^^^^^^^     ^^^^^^^^^ the same lifetime is hidden here
 0:30.62     |                                      |
 0:30.62     |                                      the lifetime is elided here
 0:30.62     |
 0:30.62     = help: the same lifetime is referred to in inconsistent ways, making the signature confusing
 0:30.62 help: use `'_` for type paths
 0:30.62     |
 0:30.62 175 | pub extern "C" fn mozurl_scheme(url: &MozURL) -> SpecSlice<'_> {
 0:30.62     |                                                           ++++
 0:30.62 warning: hiding a lifetime that's elided elsewhere is confusing
 0:30.62    --> netwerk\base\mozurl\src\lib.rs:180:40
 0:30.62     |
 0:30.62 180 | pub extern "C" fn mozurl_username(url: &MozURL) -> SpecSlice {
 0:30.62     |                                        ^^^^^^^     ^^^^^^^^^ the same lifetime is hidden here
 0:30.62     |                                        |
 0:30.62     |                                        the lifetime is elided here
 0:30.62     |
 0:30.62     = help: the same lifetime is referred to in inconsistent ways, making the signature confusing
 0:30.62 help: use `'_` for type paths
 0:30.62     |
 0:30.62 180 | pub extern "C" fn mozurl_username(url: &MozURL) -> SpecSlice<'_> {
 0:30.62     |                                                             ++++
 0:30.62 warning: hiding a lifetime that's elided elsewhere is confusing
 0:30.62    --> netwerk\base\mozurl\src\lib.rs:189:40
 0:30.62     |
 0:30.62 189 | pub extern "C" fn mozurl_password(url: &MozURL) -> SpecSlice {
 0:30.62     |                                        ^^^^^^^     ^^^^^^^^^ the same lifetime is hidden here
 0:30.62     |                                        |
 0:30.62     |                                        the lifetime is elided here
 0:30.62     |
 0:30.62     = help: the same lifetime is referred to in inconsistent ways, making the signature confusing
 0:30.62 help: use `'_` for type paths
 0:30.62     |
 0:30.62 189 | pub extern "C" fn mozurl_password(url: &MozURL) -> SpecSlice<'_> {
 0:30.62     |                                                             ++++
 0:30.62 warning: hiding a lifetime that's elided elsewhere is confusing
 0:30.62    --> netwerk\base\mozurl\src\lib.rs:194:36
 0:30.62     |
 0:30.62 194 | pub extern "C" fn mozurl_host(url: &MozURL) -> SpecSlice {
 0:30.62     |                                    ^^^^^^^     ^^^^^^^^^ the same lifetime is hidden here
 0:30.62     |                                    |
 0:30.62     |                                    the lifetime is elided here
 0:30.62     |
 0:30.62     = help: the same lifetime is referred to in inconsistent ways, making the signature confusing
 0:30.62 help: use `'_` for type paths
 0:30.62     |
 0:30.62 194 | pub extern "C" fn mozurl_host(url: &MozURL) -> SpecSlice<'_> {
 0:30.62     |                                                         ++++
 0:30.62 warning: hiding a lifetime that's elided elsewhere is confusing
 0:30.62    --> netwerk\base\mozurl\src\lib.rs:212:41
 0:30.62     |
 0:30.62 212 | pub extern "C" fn mozurl_host_port(url: &MozURL) -> SpecSlice {
 0:30.62     |                                         ^^^^^^^     ^^^^^^^^^ the same lifetime is hidden here
 0:30.62     |                                         |
 0:30.62     |                                         the lifetime is elided here
 0:30.62     |
 0:30.62     = help: the same lifetime is referred to in inconsistent ways, making the signature confusing
 0:30.62 help: use `'_` for type paths
 0:30.62     |
 0:30.62 212 | pub extern "C" fn mozurl_host_port(url: &MozURL) -> SpecSlice<'_> {
 0:30.62     |                                                              ++++
 0:30.62 warning: hiding a lifetime that's elided elsewhere is confusing
 0:30.62    --> netwerk\base\mozurl\src\lib.rs:220:40
 0:30.62     |
 0:30.62 220 | pub extern "C" fn mozurl_filepath(url: &MozURL) -> SpecSlice {
 0:30.62     |                                        ^^^^^^^     ^^^^^^^^^ the same lifetime is hidden here
 0:30.62     |                                        |
 0:30.62     |                                        the lifetime is elided here
 0:30.62     |
 0:30.62     = help: the same lifetime is referred to in inconsistent ways, making the signature confusing
 0:30.62 help: use `'_` for type paths
 0:30.62     |
 0:30.62 220 | pub extern "C" fn mozurl_filepath(url: &MozURL) -> SpecSlice<'_> {
 0:30.62     |                                                             ++++
 0:30.62 warning: hiding a lifetime that's elided elsewhere is confusing
 0:30.62    --> netwerk\base\mozurl\src\lib.rs:225:36
 0:30.62     |
 0:30.62 225 | pub extern "C" fn mozurl_path(url: &MozURL) -> SpecSlice {
 0:30.62     |                                    ^^^^^^^     ^^^^^^^^^ the same lifetime is hidden here
 0:30.62     |                                    |
 0:30.62     |                                    the lifetime is elided here
 0:30.62     |
 0:30.62     = help: the same lifetime is referred to in inconsistent ways, making the signature confusing
 0:30.62 help: use `'_` for type paths
 0:30.62     |
 0:30.62 225 | pub extern "C" fn mozurl_path(url: &MozURL) -> SpecSlice<'_> {
 0:30.62     |                                                         ++++
 0:30.62 warning: hiding a lifetime that's elided elsewhere is confusing
 0:30.62    --> netwerk\base\mozurl\src\lib.rs:230:37
 0:30.62     |
 0:30.62 230 | pub extern "C" fn mozurl_query(url: &MozURL) -> SpecSlice {
 0:30.62     |                                     ^^^^^^^     ^^^^^^^^^ the same lifetime is hidden here
 0:30.62     |                                     |
 0:30.62     |                                     the lifetime is elided here
 0:30.62     |
 0:30.62     = help: the same lifetime is referred to in inconsistent ways, making the signature confusing
 0:30.62 help: use `'_` for type paths
 0:30.62     |
 0:30.62 230 | pub extern "C" fn mozurl_query(url: &MozURL) -> SpecSlice<'_> {
 0:30.62     |                                                          ++++
 0:30.62 warning: hiding a lifetime that's elided elsewhere is confusing
 0:30.62    --> netwerk\base\mozurl\src\lib.rs:235:40
 0:30.62     |
 0:30.62 235 | pub extern "C" fn mozurl_fragment(url: &MozURL) -> SpecSlice {
 0:30.62     |                                        ^^^^^^^     ^^^^^^^^^ the same lifetime is hidden here
 0:30.62     |                                        |
 0:30.62     |                                        the lifetime is elided here
 0:30.62     |
 0:30.62     = help: the same lifetime is referred to in inconsistent ways, making the signature confusing
 0:30.62 help: use `'_` for type paths
 0:30.62     |
 0:30.62 235 | pub extern "C" fn mozurl_fragment(url: &MozURL) -> SpecSlice<'_> {
 0:30.62     |                                                             ++++
 0:30.62 warning: hiding a lifetime that's elided elsewhere is confusing
 0:30.62    --> netwerk\base\mozurl\src\lib.rs:240:43
 0:30.62     |
 0:30.62 240 | pub extern "C" fn mozurl_spec_no_ref(url: &MozURL) -> SpecSlice {
 0:30.62     |                                           ^^^^^^^     ^^^^^^^^^ the same lifetime is hidden here
 0:30.62     |                                           |
 0:30.62     |                                           the lifetime is elided here
 0:30.62     |
 0:30.62     = help: the same lifetime is referred to in inconsistent ways, making the signature confusing
 0:30.62 help: use `'_` for type paths
 0:30.62     |
 0:30.62 240 | pub extern "C" fn mozurl_spec_no_ref(url: &MozURL) -> SpecSlice<'_> {
 0:30.62     |                                                                ++++
 0:30.62 warning: hiding a lifetime that's elided elsewhere is confusing
 0:30.62    --> netwerk\base\mozurl\src\lib.rs:255:41
 0:30.62     |
 0:30.62 255 | pub extern "C" fn mozurl_directory(url: &MozURL) -> SpecSlice {
 0:30.62     |                                         ^^^^^^^     ^^^^^^^^^ the same lifetime is hidden here
 0:30.62     |                                         |
 0:30.62     |                                         the lifetime is elided here
 0:30.62     |
 0:30.62     = help: the same lifetime is referred to in inconsistent ways, making the signature confusing
 0:30.62 help: use `'_` for type paths
 0:30.62     |
 0:30.62 255 | pub extern "C" fn mozurl_directory(url: &MozURL) -> SpecSlice<'_> {
 0:30.62     |                                                              ++++
 0:30.62 warning: hiding a lifetime that's elided elsewhere is confusing
 0:30.62    --> netwerk\base\mozurl\src\lib.rs:263:39
 0:30.62     |
 0:30.62 263 | pub extern "C" fn mozurl_prepath(url: &MozURL) -> SpecSlice {
 0:30.62     |                                       ^^^^^^^     ^^^^^^^^^ the same lifetime is hidden here
 0:30.62     |                                       |
 0:30.62     |                                       the lifetime is elided here
 0:30.62     |
 0:30.62     = help: the same lifetime is referred to in inconsistent ways, making the signature confusing
 0:30.62 help: use `'_` for type paths
 0:30.62     |
 0:30.62 263 | pub extern "C" fn mozurl_prepath(url: &MozURL) -> SpecSlice<'_> {
 0:30.62     |                                                            ++++
 0:30.62 warning: `mozurl` (lib) generated 13 warnings (run `cargo fix --lib -p mozurl` to apply 13 suggestions)
 0:31.02 dom/payments
 0:31.14 dom/performance
 0:31.21 dom/permission
 0:31.78 dom/power
 0:32.51 dom/privateattribution
 0:32.82 dom/promise
 0:34.34 dom/prototype
 0:36.61 dom/push
 0:36.95 dom/quota
 0:39.05 dom/reporting
 0:41.68 dom/script
 0:42.53 dom/security/featurepolicy
 0:42.72 dom/security
 0:42.78 dom/security/sanitizer
 0:44.22 dom/security/trusted-types
 0:44.90 dom/serializers
 0:46.62 dom/serviceworkers
 0:47.71 dom/simpledb
 0:49.29 dom/smil
 0:53.28 dom/storage
 0:55.80 dom/streams
 0:57.24 dom/svg
 0:59.92 dom/system
 1:00.23 dom/system/windows/location
 1:03.57 dom/system/windows
 1:05.84 dom/url
 1:05.92    Compiling gkrust-uniffi-components v0.1.0 (D:\mozilla\firefox\Skyfox\toolkit\components\uniffi-bindgen-gecko-js\components)
 1:06.73 dom/view-transitions
 1:08.13 dom/vr
 1:08.21 dom/webauthn
 1:08.86 dom/webbrowserpersist
 1:09.69 dom/webgpu
 1:09.92 dom/webscheduling
 1:13.94 dom/websocket
 1:14.21 dom/webtransport/api
 1:14.40 dom/webtransport/child
 1:14.91 dom/webtransport/parent
 1:14.97 dom/webtransport/shared
 1:15.67 dom/workers/loader
 1:16.66 dom/workers/remoteworkers
 1:16.87 dom/workers/sharedworkers
 1:17.41 dom/workers
 1:18.15 dom/worklet/loader
 1:19.68 dom/worklet
 1:20.59    Compiling wr_glyph_rasterizer v0.1.0 (D:\mozilla\firefox\Skyfox\gfx\wr\wr_glyph_rasterizer)
 1:20.65 dom/xhr
 1:20.93    Compiling jog v0.1.0 (D:\mozilla\firefox\Skyfox\toolkit\components\glean\bindings\jog)
 1:21.19 warning: hiding a lifetime that's elided elsewhere is confusing
 1:21.19   --> gfx\wr\wr_glyph_rasterizer\src\rasterizer.rs:36:33
 1:21.19    |
 1:21.19 36 |     pub fn lock_current_context(&self) -> MutexGuard<FontContext> {
 1:21.19    |                                 ^^^^^     ^^^^^^^^^^^^^^^^^^^^^^^ the same lifetime is hidden here
 1:21.19    |                                 |
 1:21.19    |                                 the lifetime is elided here
 1:21.19    |
 1:21.19    = help: the same lifetime is referred to in inconsistent ways, making the signature confusing
 1:21.19    = note: `#[warn(mismatched_lifetime_syntaxes)]` on by default
 1:21.19 help: use `'_` for type paths
 1:21.19    |
 1:21.19 36 |     pub fn lock_current_context(&self) -> MutexGuard<'_, FontContext> {
 1:21.19    |                                                      +++
 1:21.19 warning: hiding a lifetime that's elided elsewhere is confusing
 1:21.19    --> gfx\wr\wr_glyph_rasterizer\src\rasterizer.rs:505:13
 1:21.19     |
 1:21.19 505 |     fn lock(&self) -> RwLockReadGuard<FontKeyMapLocked> {
 1:21.19     |             ^^^^^     ^^^^^^^^^^^^^^^^^^^^^^^^^^^^^^^^^ the same lifetime is hidden here
 1:21.19     |             |
 1:21.19     |             the lifetime is elided here
 1:21.19     |
 1:21.19     = help: the same lifetime is referred to in inconsistent ways, making the signature confusing
 1:21.19 help: use `'_` for type paths
 1:21.19     |
 1:21.19 505 |     fn lock(&self) -> RwLockReadGuard<'_, FontKeyMapLocked> {
 1:21.20     |                                       +++
 1:21.20 warning: hiding a lifetime that's elided elsewhere is confusing
 1:21.20    --> gfx\wr\wr_glyph_rasterizer\src\rasterizer.rs:509:17
 1:21.20     |
 1:21.20 509 |     fn lock_mut(&mut self) -> RwLockWriteGuard<FontKeyMapLocked> {
 1:21.20     |                 ^^^^^^^^^     ^^^^^^^^^^^^^^^^^^^^^^^^^^^^^^^^^^ the same lifetime is hidden here
 1:21.20     |                 |
 1:21.20     |                 the lifetime is elided here
 1:21.20     |
 1:21.20     = help: the same lifetime is referred to in inconsistent ways, making the signature confusing
 1:21.20 help: use `'_` for type paths
 1:21.20     |
 1:21.20 509 |     fn lock_mut(&mut self) -> RwLockWriteGuard<'_, FontKeyMapLocked> {
 1:21.20     |                                                +++
 1:21.20 warning: hiding a lifetime that's elided elsewhere is confusing
 1:21.20    --> gfx\wr\wr_glyph_rasterizer\src\rasterizer.rs:594:17
 1:21.20     |
 1:21.20 594 |     pub fn lock(&self) -> RwLockReadGuard<FontTemplateMapLocked> {
 1:21.20     |                 ^^^^^     ^^^^^^^^^^^^^^^^^^^^^^^^^^^^^^^^^^^^^^ the same lifetime is hidden here
 1:21.20     |                 |
 1:21.20     |                 the lifetime is elided here
 1:21.20     |
 1:21.20     = help: the same lifetime is referred to in inconsistent ways, making the signature confusing
 1:21.20 help: use `'_` for type paths
 1:21.20     |
 1:21.20 594 |     pub fn lock(&self) -> RwLockReadGuard<'_, FontTemplateMapLocked> {
 1:21.20     |                                           +++
 1:21.20 warning: hiding a lifetime that's elided elsewhere is confusing
 1:21.20    --> gfx\wr\wr_glyph_rasterizer\src\rasterizer.rs:598:17
 1:21.20     |
 1:21.20 598 |     fn lock_mut(&mut self) -> RwLockWriteGuard<FontTemplateMapLocked> {
 1:21.20     |                 ^^^^^^^^^     ^^^^^^^^^^^^^^^^^^^^^^^^^^^^^^^^^^^^^^^ the same lifetime is hidden here
 1:21.20     |                 |
 1:21.20     |                 the lifetime is elided here
 1:21.20     |
 1:21.20     = help: the same lifetime is referred to in inconsistent ways, making the signature confusing
 1:21.20 help: use `'_` for type paths
 1:21.20     |
 1:21.20 598 |     fn lock_mut(&mut self) -> RwLockWriteGuard<'_, FontTemplateMapLocked> {
 1:21.20     |                                                +++
 1:21.20 warning: hiding a lifetime that's elided elsewhere is confusing
 1:21.20    --> gfx\wr\wr_glyph_rasterizer\src\rasterizer.rs:678:13
 1:21.20     |
 1:21.20 678 |     fn lock(&self) -> RwLockReadGuard<FontInstanceKeyMapLocked> {
 1:21.20     |             ^^^^^     ^^^^^^^^^^^^^^^^^^^^^^^^^^^^^^^^^^^^^^^^^ the same lifetime is hidden here
 1:21.20     |             |
 1:21.20     |             the lifetime is elided here
 1:21.20     |
 1:21.20     = help: the same lifetime is referred to in inconsistent ways, making the signature confusing
 1:21.20 help: use `'_` for type paths
 1:21.20     |
 1:21.20 678 |     fn lock(&self) -> RwLockReadGuard<'_, FontInstanceKeyMapLocked> {
 1:21.20     |                                       +++
 1:21.20 warning: hiding a lifetime that's elided elsewhere is confusing
 1:21.20    --> gfx\wr\wr_glyph_rasterizer\src\rasterizer.rs:682:17
 1:21.20     |
 1:21.20 682 |     fn lock_mut(&mut self) -> RwLockWriteGuard<FontInstanceKeyMapLocked> {
 1:21.20     |                 ^^^^^^^^^     ^^^^^^^^^^^^^^^^^^^^^^^^^^^^^^^^^^^^^^^^^^ the same lifetime is hidden here
 1:21.20     |                 |
 1:21.20     |                 the lifetime is elided here
 1:21.20     |
 1:21.20     = help: the same lifetime is referred to in inconsistent ways, making the signature confusing
 1:21.20 help: use `'_` for type paths
 1:21.20     |
 1:21.20 682 |     fn lock_mut(&mut self) -> RwLockWriteGuard<'_, FontInstanceKeyMapLocked> {
 1:21.20     |                                                +++
 1:21.20 warning: hiding a lifetime that's elided elsewhere is confusing
 1:21.20    --> gfx\wr\wr_glyph_rasterizer\src\rasterizer.rs:766:17
 1:21.20     |
 1:21.20 766 |     pub fn lock(&self) -> RwLockReadGuard<FontInstanceMapLocked> {
 1:21.20     |                 ^^^^^     ^^^^^^^^^^^^^^^^^^^^^^^^^^^^^^^^^^^^^^ the same lifetime is hidden here
 1:21.20     |                 |
 1:21.20     |                 the lifetime is elided here
 1:21.20     |
 1:21.20     = help: the same lifetime is referred to in inconsistent ways, making the signature confusing
 1:21.20 help: use `'_` for type paths
 1:21.20     |
 1:21.20 766 |     pub fn lock(&self) -> RwLockReadGuard<'_, FontInstanceMapLocked> {
 1:21.20     |                                           +++
 1:21.20 warning: hiding a lifetime that's elided elsewhere is confusing
 1:21.20    --> gfx\wr\wr_glyph_rasterizer\src\rasterizer.rs:771:17
 1:21.20     |
 1:21.20 771 |     fn lock_mut(&mut self) -> RwLockWriteGuard<FontInstanceMapLocked> {
 1:21.20     |                 ^^^^^^^^^     ^^^^^^^^^^^^^^^^^^^^^^^^^^^^^^^^^^^^^^^ the same lifetime is hidden here
 1:21.20     |                 |
 1:21.20     |                 the lifetime is elided here
 1:21.20     |
 1:21.20     = help: the same lifetime is referred to in inconsistent ways, making the signature confusing
 1:21.20 help: use `'_` for type paths
 1:21.20     |
 1:21.20 771 |     fn lock_mut(&mut self) -> RwLockWriteGuard<'_, FontInstanceMapLocked> {
 1:21.20     |                                                +++
 1:21.20 warning: hiding a lifetime that's elided elsewhere is confusing
 1:21.20     --> gfx\wr\wr_glyph_rasterizer\src\rasterizer.rs:1396:25
 1:21.20      |
 1:21.20 1396 |     pub fn lock_context(&self, id: usize) -> MutexGuard<FontContext> {
 1:21.20      |                         ^^^^^                ^^^^^^^^^^^^^^^^^^^^^^^ the same lifetime is hidden here
 1:21.20      |                         |
 1:21.20      |                         the lifetime is elided here
 1:21.20      |
 1:21.20      = help: the same lifetime is referred to in inconsistent ways, making the signature confusing
 1:21.20 help: use `'_` for type paths
 1:21.20      |
 1:21.20 1396 |     pub fn lock_context(&self, id: usize) -> MutexGuard<'_, FontContext> {
 1:21.20      |                                                         +++
 1:21.20 warning: hiding a lifetime that's elided elsewhere is confusing
 1:21.20     --> gfx\wr\wr_glyph_rasterizer\src\rasterizer.rs:1402:29
 1:21.20      |
 1:21.20 1402 |     pub fn lock_any_context(&self) -> MutexGuard<FontContext> {
 1:21.20      |                             ^^^^^     ^^^^^^^^^^^^^^^^^^^^^^^ the same lifetime is hidden here
 1:21.20      |                             |
 1:21.20      |                             the lifetime is elided here
 1:21.20      |
 1:21.20      = help: the same lifetime is referred to in inconsistent ways, making the signature confusing
 1:21.20 help: use `'_` for type paths
 1:21.20      |
 1:21.20 1402 |     pub fn lock_any_context(&self) -> MutexGuard<'_, FontContext> {
 1:21.20      |                                                  +++
 1:22.01    Compiling fog_control v0.1.0 (D:\mozilla\firefox\Skyfox\toolkit\components\glean)
 1:23.91    Compiling cert_storage v0.0.1 (D:\mozilla\firefox\Skyfox\security\manager\ssl\cert_storage)
 1:24.02    Compiling data_storage v0.0.1 (D:\mozilla\firefox\Skyfox\security\manager\ssl\data_storage)
 1:25.11    Compiling neqo_glue v0.1.0 (D:\mozilla\firefox\Skyfox\netwerk\socket\neqo_glue)
 1:25.91 dom/xml
 1:26.60 dom/xslt/base
 1:27.07 dom/xslt/xml
 1:27.92 dom/xslt/xpath
 1:28.48 warning: `wr_glyph_rasterizer` (lib) generated 11 warnings (run `cargo fix --lib -p wr_glyph_rasterizer` to apply 11 suggestions)
 1:28.81 dom/xslt/xslt
 1:29.42 dom/xul
 1:29.43 editor/composer
 1:29.61 editor/libeditor
 1:33.05 editor/spellchecker
 1:33.67 editor/txmgr
 1:33.80 extensions/auth
 1:33.87 extensions/pref/autoconfig/src
 1:34.01 extensions/permissions
 1:34.72 extensions/spellcheck/ipc
 1:36.11 extensions/spellcheck/src
 1:36.43 gfx/2d
 1:38.13 gfx/cairo/cairo/src
 1:38.26 gfx/cairo/libpixman/src
 1:38.73 gfx/config
 1:39.66 gfx/gl
 1:40.39 gfx/graphite2/src
 1:41.09 gfx/harfbuzz/src
 1:43.70 warning: struct `Geometry` is never constructed
 1:43.70     --> gfx\wr\webrender\src\clip.rs:2122:12
 1:43.70      |
 1:43.70 2122 | pub struct Geometry {
 1:43.70      |            ^^^^^^^^
 1:43.70      |
 1:43.70      = note: `#[warn(dead_code)]` (part of `#[warn(unused)]`) on by default
 1:43.70 warning: struct `CompositorTransform` is never constructed
 1:43.70    --> gfx\wr\webrender\src\gpu_types.rs:267:12
 1:43.70     |
 1:43.70 267 | pub struct CompositorTransform {
 1:43.70     |            ^^^^^^^^^^^^^^^^^^^
 1:43.70 warning: struct `PictureData` is never constructed
 1:43.70     --> gfx\wr\webrender\src\prim_store\picture.rs:1025:12
 1:43.70      |
 1:43.70 1025 | pub struct PictureData;
 1:43.70      |            ^^^^^^^^^^^
 1:43.71 warning: hiding a lifetime that's elided elsewhere is confusing
 1:43.71    --> gfx\wr\webrender\src\spatial_tree.rs:118:22
 1:43.71     |
 1:43.71 118 |     fn get_node_info(&self, index: SpatialNodeIndex) -> SpatialNodeInfo;
 1:43.71     |                      ^^^^^ the lifetime is elided here  ^^^^^^^^^^^^^^^ the same lifetime is hidden here
 1:43.71     |
 1:43.71     = help: the same lifetime is referred to in inconsistent ways, making the signature confusing
 1:43.71     = note: `#[warn(mismatched_lifetime_syntaxes)]` on by default
 1:43.71 help: use `'_` for type paths
 1:43.71     |
 1:43.71 118 |     fn get_node_info(&self, index: SpatialNodeIndex) -> SpatialNodeInfo<'_>;
 1:43.71     |                                                                        ++++
 1:43.71 warning: hiding a lifetime that's elided elsewhere is confusing
 1:43.71    --> gfx\wr\webrender\src\spatial_tree.rs:231:22
 1:43.71     |
 1:43.71 231 |     fn get_node_info(&self, index: SpatialNodeIndex) -> SpatialNodeInfo {
 1:43.71     |                      ^^^^^ the lifetime is elided here  ^^^^^^^^^^^^^^^ the same lifetime is hidden here
 1:43.71     |
 1:43.71     = help: the same lifetime is referred to in inconsistent ways, making the signature confusing
 1:43.71 help: use `'_` for type paths
 1:43.71     |
 1:43.71 231 |     fn get_node_info(&self, index: SpatialNodeIndex) -> SpatialNodeInfo<'_> {
 1:43.71     |                                                                        ++++
 1:43.71 warning: hiding a lifetime that's elided elsewhere is confusing
 1:43.71    --> gfx\wr\webrender\src\spatial_tree.rs:790:22
 1:43.71     |
 1:43.71 790 |     fn get_node_info(&self, index: SpatialNodeIndex) -> SpatialNodeInfo {
 1:43.71     |                      ^^^^^ the lifetime is elided here  ^^^^^^^^^^^^^^^ the same lifetime is hidden here
 1:43.71     |
 1:43.71     = help: the same lifetime is referred to in inconsistent ways, making the signature confusing
 1:43.71 help: use `'_` for type paths
 1:43.71     |
 1:43.71 790 |     fn get_node_info(&self, index: SpatialNodeIndex) -> SpatialNodeInfo<'_> {
 1:43.71     |                                                                        ++++
 1:43.72 warning: hiding a lifetime that's elided elsewhere is confusing
 1:43.72    --> gfx\wr\webrender\src\compositor\sw_compositor.rs:602:13
 1:43.72     |
 1:43.72 602 |     fn lock(&self) -> SwCompositeThreadLock {
 1:43.72     |             ^^^^^     ^^^^^^^^^^^^^^^^^^^^^ the same lifetime is hidden here
 1:43.72     |             |
 1:43.72     |             the lifetime is elided here
 1:43.72     |
 1:43.72     = help: the same lifetime is referred to in inconsistent ways, making the signature confusing
 1:43.72 help: use `'_` for type paths
 1:43.72     |
 1:43.72 602 |     fn lock(&self) -> SwCompositeThreadLock<'_> {
 1:43.72     |                                            ++++
 1:43.78 warning: hiding a lifetime that's elided elsewhere is confusing
 1:43.78    --> gfx\wr\webrender\src\render_task_graph.rs:256:16
 1:43.78     |
 1:43.78 256 |     pub fn add(&mut self) -> RenderTaskAllocation {
 1:43.78     |                ^^^^^^^^^     ^^^^^^^^^^^^^^^^^^^^ the same lifetime is hidden here
 1:43.78     |                |
 1:43.78     |                the lifetime is elided here
 1:43.78     |
 1:43.78     = help: the same lifetime is referred to in inconsistent ways, making the signature confusing
 1:43.78 help: use `'_` for type paths
 1:43.78     |
 1:43.78 256 |     pub fn add(&mut self) -> RenderTaskAllocation<'_> {
 1:43.78     |                                                  ++++
 1:43.78 gfx/ipc
 1:43.79 warning: hiding a lifetime that's elided elsewhere is confusing
 1:43.79    --> gfx\wr\webrender\src\renderer\gpu_buffer.rs:315:9
 1:43.79     |
 1:43.79 315 |         &mut self,
 1:43.79     |         ^^^^^^^^^ the lifetime is elided here
 1:43.79 316 |         block_count: usize,
 1:43.79 317 |     ) -> GpuBufferWriter<T> {
 1:43.79     |          ^^^^^^^^^^^^^^^^^^ the same lifetime is hidden here
 1:43.79     |
 1:43.79     = help: the same lifetime is referred to in inconsistent ways, making the signature confusing
 1:43.79 help: use `'_` for type paths
 1:43.79     |
 1:43.79 317 |     ) -> GpuBufferWriter<'_, T> {
 1:43.79     |                          +++
 1:43.80 warning: hiding a lifetime that's elided elsewhere is confusing
 1:43.80    --> gfx\wr\webrender\src\resource_cache.rs:305:18
 1:43.80     |
 1:43.80 305 |     pub fn entry(&mut self, key: K) -> Entry<K, V> {
 1:43.80     |                  ^^^^^^^^^             ^^^^^^^^^^^ the same lifetime is hidden here
 1:43.80     |                  |
 1:43.80     |                  the lifetime is elided here
 1:43.80     |
 1:43.80     = help: the same lifetime is referred to in inconsistent ways, making the signature confusing
 1:43.80 help: use `'_` for type paths
 1:43.80     |
 1:43.80 305 |     pub fn entry(&mut self, key: K) -> Entry<'_, K, V> {
 1:43.80     |                                              +++
 1:43.80 warning: hiding a lifetime that's elided elsewhere is confusing
 1:43.80    --> gfx\wr\webrender\src\resource_cache.rs:309:17
 1:43.80     |
 1:43.80 309 |     pub fn iter(&self) -> Iter<K, V> {
 1:43.80     |                 ^^^^^     ^^^^^^^^^^ the same lifetime is hidden here
 1:43.80     |                 |
 1:43.80     |                 the lifetime is elided here
 1:43.80     |
 1:43.80     = help: the same lifetime is referred to in inconsistent ways, making the signature confusing
 1:43.80 help: use `'_` for type paths
 1:43.80     |
 1:43.80 309 |     pub fn iter(&self) -> Iter<'_, K, V> {
 1:43.80     |                                +++
 1:43.80 warning: hiding a lifetime that's elided elsewhere is confusing
 1:43.80    --> gfx\wr\webrender\src\resource_cache.rs:313:21
 1:43.80     |
 1:43.80 313 |     pub fn iter_mut(&mut self) -> IterMut<K, V> {
 1:43.80     |                     ^^^^^^^^^     ^^^^^^^^^^^^^ the same lifetime is hidden here
 1:43.80     |                     |
 1:43.80     |                     the lifetime is elided here
 1:43.80     |
 1:43.80     = help: the same lifetime is referred to in inconsistent ways, making the signature confusing
 1:43.80 help: use `'_` for type paths
 1:43.80     |
 1:43.80 313 |     pub fn iter_mut(&mut self) -> IterMut<'_, K, V> {
 1:43.80     |                                           +++
 1:43.80 warning: hiding a lifetime that's elided elsewhere is confusing
 1:43.80     --> gfx\wr\webrender\src\resource_cache.rs:2365:24
 1:43.80      |
 1:43.80 2365 |     pub fn save_caches(&self, _root: &PathBuf) -> PlainCacheRef {
 1:43.80      |                        ^^^^^                      ^^^^^^^^^^^^^ the same lifetime is hidden here
 1:43.80      |                        |
 1:43.80      |                        the lifetime is elided here
 1:43.80      |
 1:43.80      = help: the same lifetime is referred to in inconsistent ways, making the signature confusing
 1:43.80 help: use `'_` for type paths
 1:43.80      |
 1:43.80 2365 |     pub fn save_caches(&self, _root: &PathBuf) -> PlainCacheRef<'_> {
 1:43.80      |                                                                ++++
 1:43.81 warning: hiding a lifetime that's elided elsewhere is confusing
 1:43.81   --> gfx\wr\webrender\src\util.rs:62:14
 1:43.81    |
 1:43.81 62 |     fn alloc(&mut self) -> Allocation<T>;
 1:43.81    |              ^^^^^^^^^     ^^^^^^^^^^^^^ the same lifetime is hidden here
 1:43.81    |              |
 1:43.81    |              the lifetime is elided here
 1:43.81    |
 1:43.81    = help: the same lifetime is referred to in inconsistent ways, making the signature confusing
 1:43.81 help: use `'_` for type paths
 1:43.81    |
 1:43.81 62 |     fn alloc(&mut self) -> Allocation<'_, T>;
 1:43.81    |                                       +++
 1:43.81 warning: hiding a lifetime that's elided elsewhere is confusing
 1:43.81   --> gfx\wr\webrender\src\util.rs:65:14
 1:43.81    |
 1:43.81 65 |     fn entry(&mut self, index: usize) -> VecEntry<T>;
 1:43.81    |              ^^^^^^^^^                   ^^^^^^^^^^^ the same lifetime is hidden here
 1:43.81    |              |
 1:43.81    |              the lifetime is elided here
 1:43.81    |
 1:43.81    = help: the same lifetime is referred to in inconsistent ways, making the signature confusing
 1:43.81 help: use `'_` for type paths
 1:43.81    |
 1:43.81 65 |     fn entry(&mut self, index: usize) -> VecEntry<'_, T>;
 1:43.81    |                                                   +++
 1:43.81 warning: hiding a lifetime that's elided elsewhere is confusing
 1:43.81   --> gfx\wr\webrender\src\util.rs:77:14
 1:43.81    |
 1:43.82 77 |     fn alloc(&mut self) -> Allocation<T> {
 1:43.82    |              ^^^^^^^^^     ^^^^^^^^^^^^^ the same lifetime is hidden here
 1:43.82    |              |
 1:43.82    |              the lifetime is elided here
 1:43.82    |
 1:43.82    = help: the same lifetime is referred to in inconsistent ways, making the signature confusing
 1:43.82 help: use `'_` for type paths
 1:43.82    |
 1:43.82 77 |     fn alloc(&mut self) -> Allocation<'_, T> {
 1:43.82    |                                       +++
 1:43.82 warning: hiding a lifetime that's elided elsewhere is confusing
 1:43.82   --> gfx\wr\webrender\src\util.rs:88:14
 1:43.82    |
 1:43.82 88 |     fn entry(&mut self, index: usize) -> VecEntry<T> {
 1:43.82    |              ^^^^^^^^^                   ^^^^^^^^^^^ the same lifetime is hidden here
 1:43.82    |              |
 1:43.82    |              the lifetime is elided here
 1:43.82    |
 1:43.82    = help: the same lifetime is referred to in inconsistent ways, making the signature confusing
 1:43.82 help: use `'_` for type paths
 1:43.82    |
 1:43.82 88 |     fn entry(&mut self, index: usize) -> VecEntry<'_, T> {
 1:43.82    |                                                   +++
 1:43.82 warning: hiding a lifetime that's elided elsewhere is confusing
 1:43.82     --> gfx\wr\webrender\src\util.rs:1058:25
 1:43.82      |
 1:43.82 1058 |     pub fn to_transform(&self) -> Cow<Transform3D<f32, Src, Dst>> {
 1:43.82      |                         ^^^^^     ^^^^^^^^^^^^^^^^^^^^^^^^^^^^^^^ the same lifetime is hidden here
 1:43.82      |                         |
 1:43.82      |                         the lifetime is elided here
 1:43.82      |
 1:43.82      = help: the same lifetime is referred to in inconsistent ways, making the signature confusing
 1:43.82 help: use `'_` for type paths
 1:43.82      |
 1:43.82 1058 |     pub fn to_transform(&self) -> Cow<'_, Transform3D<f32, Src, Dst>> {
 1:43.82      |                                       +++
 1:44.18 gfx/layers
 1:44.30 gfx/skia
 1:46.30 gfx/src
 1:46.82 D:/mozilla/firefox/Skyfox/gfx/cairo/libpixman/src/pixman-fast-path.c(2796,11): warning: converting the result of '<<' to a boolean; did you mean '(((format >> (12)) & ((1 << (4)) - 1)) << ((format >> 22) & 3)) != 0'? [-Wint-in-bool-context]
 1:46.82  2796 |                         mask = PIXMAN_FORMAT_A (format)? 0 : 0xff000000;
 1:46.82       |                                ^
 1:46.82 D:/mozilla/firefox/Skyfox/gfx/cairo/libpixman/src\pixman.h(1017,28): note: expanded from macro 'PIXMAN_FORMAT_A'
 1:46.82  1017 | #define PIXMAN_FORMAT_A(f)      PIXMAN_FORMAT_RESHIFT(f, 12, 4)
 1:46.82       |                                 ^
 1:46.82 D:/mozilla/firefox/Skyfox/gfx/cairo/libpixman/src\pixman.h(1012,41): note: expanded from macro 'PIXMAN_FORMAT_RESHIFT'
 1:46.82  1012 |         (((val >> (ofs)) & ((1 << (num)) - 1)) << ((val >> 22) & 3))
 1:46.82       |                                                ^
 1:46.82 D:/mozilla/firefox/Skyfox/gfx/cairo/libpixman/src/pixman-fast-path.c(2909,13): warning: converting the result of '<<' to a boolean; did you mean '(((format >> (12)) & ((1 << (4)) - 1)) << ((format >> 22) & 3)) != 0'? [-Wint-in-bool-context]
 1:46.83  2909 |             mask = PIXMAN_FORMAT_A (format)? 0 : 0xff000000;
 1:46.83       |                    ^
 1:46.83 D:/mozilla/firefox/Skyfox/gfx/cairo/libpixman/src\pixman.h(1017,28): note: expanded from macro 'PIXMAN_FORMAT_A'
 1:46.83  1017 | #define PIXMAN_FORMAT_A(f)      PIXMAN_FORMAT_RESHIFT(f, 12, 4)
 1:46.83       |                                 ^
 1:46.83 D:/mozilla/firefox/Skyfox/gfx/cairo/libpixman/src\pixman.h(1012,41): note: expanded from macro 'PIXMAN_FORMAT_RESHIFT'
 1:46.83  1012 |         (((val >> (ofs)) & ((1 << (num)) - 1)) << ((val >> 22) & 3))
 1:46.83       |                                                ^
 1:46.83 D:/mozilla/firefox/Skyfox/gfx/cairo/libpixman/src/pixman-fast-path.c(2955,11): warning: converting the result of '<<' to a boolean; did you mean '(((format >> (12)) & ((1 << (4)) - 1)) << ((format >> 22) & 3)) != 0'? [-Wint-in-bool-context]
 1:46.83  2955 |                 mask1 = PIXMAN_FORMAT_A (format)? 0 : 0xff000000;
 1:46.83       |                         ^
 1:46.83 D:/mozilla/firefox/Skyfox/gfx/cairo/libpixman/src\pixman.h(1017,28): note: expanded from macro 'PIXMAN_FORMAT_A'
 1:46.83  1017 | #define PIXMAN_FORMAT_A(f)      PIXMAN_FORMAT_RESHIFT(f, 12, 4)
 1:46.83       |                                 ^
 1:46.83 D:/mozilla/firefox/Skyfox/gfx/cairo/libpixman/src\pixman.h(1012,41): note: expanded from macro 'PIXMAN_FORMAT_RESHIFT'
 1:46.83  1012 |         (((val >> (ofs)) & ((1 << (num)) - 1)) << ((val >> 22) & 3))
 1:46.83       |                                                ^
 1:46.83 D:/mozilla/firefox/Skyfox/gfx/cairo/libpixman/src/pixman-fast-path.c(2968,11): warning: converting the result of '<<' to a boolean; did you mean '(((format >> (12)) & ((1 << (4)) - 1)) << ((format >> 22) & 3)) != 0'? [-Wint-in-bool-context]
 1:46.83  2968 |                 mask2 = PIXMAN_FORMAT_A (format)? 0 : 0xff000000;
 1:46.83       |                         ^
 1:46.83 D:/mozilla/firefox/Skyfox/gfx/cairo/libpixman/src\pixman.h(1017,28): note: expanded from macro 'PIXMAN_FORMAT_A'
 1:46.83  1017 | #define PIXMAN_FORMAT_A(f)      PIXMAN_FORMAT_RESHIFT(f, 12, 4)
 1:46.83       |                                 ^
 1:46.83 D:/mozilla/firefox/Skyfox/gfx/cairo/libpixman/src\pixman.h(1012,41): note: expanded from macro 'PIXMAN_FORMAT_RESHIFT'
 1:46.83  1012 |         (((val >> (ofs)) & ((1 << (num)) - 1)) << ((val >> 22) & 3))
 1:46.83       |                                                ^
 1:46.83 D:/mozilla/firefox/Skyfox/gfx/cairo/libpixman/src/pixman-fast-path.c(3055,22): warning: converting the result of '<<' to a boolean; did you mean '(((format >> (12)) & ((1 << (4)) - 1)) << ((format >> 22) & 3)) != 0'? [-Wint-in-bool-context]
 1:46.83  3055 |             uint32_t mask = PIXMAN_FORMAT_A (format)? 0 : 0xff000000;
 1:46.83       |                             ^
 1:46.83 D:/mozilla/firefox/Skyfox/gfx/cairo/libpixman/src\pixman.h(1017,28): note: expanded from macro 'PIXMAN_FORMAT_A'
 1:46.83  1017 | #define PIXMAN_FORMAT_A(f)      PIXMAN_FORMAT_RESHIFT(f, 12, 4)
 1:46.83       |                                 ^
 1:46.83 D:/mozilla/firefox/Skyfox/gfx/cairo/libpixman/src\pixman.h(1012,41): note: expanded from macro 'PIXMAN_FORMAT_RESHIFT'
 1:46.83  1012 |         (((val >> (ofs)) & ((1 << (num)) - 1)) << ((val >> 22) & 3))
 1:46.83       |                                                ^
 1:47.57 gfx/vr/service/openvr
 1:49.81 5 warnings generated.
 1:51.21    Compiling webrender_bindings v0.1.0 (D:\mozilla\firefox\Skyfox\gfx\webrender_bindings)
 1:51.86 warning: hiding a lifetime that's elided elsewhere is confusing
 1:51.87    --> gfx\webrender_bindings\src\bindings.rs:430:13
 1:51.87     |
 1:51.87 430 |     fn lock(&mut self, id: ExternalImageId, channel_index: u8) -> ExternalImage {
 1:51.87     |             ^^^^^^^^^ the lifetime is elided here                 ^^^^^^^^^^^^^ the same lifetime is hidden here
 1:51.87     |
 1:51.87     = help: the same lifetime is referred to in inconsistent ways, making the signature confusing
 1:51.87 note: the lint level is defined here
 1:51.87    --> gfx\webrender_bindings\src\lib.rs:5:9
 1:51.87     |
 1:51.87   5 | #![deny(warnings)]
 1:51.87     |         ^^^^^^^^
 1:51.87     = note: `#[warn(mismatched_lifetime_syntaxes)]` implied by `#[warn(warnings)]`
 1:51.87 help: use `'_` for type paths
 1:51.87     |
 1:51.87 430 |     fn lock(&mut self, id: ExternalImageId, channel_index: u8) -> ExternalImage<'_> {
 1:51.87     |                                                                                ++++
 1:52.33 D:/mozilla/firefox/Skyfox/gfx/cairo/libpixman/src/pixman-image.c(458,7): warning: converting the result of '<<' to a boolean; did you mean '(((image->bits.format >> (12)) & ((1 << (4)) - 1)) << ((image->bits.format >> 22) & 3)) != 0'? [-Wint-in-bool-context]
 1:52.33   458 |         if (!PIXMAN_FORMAT_A (image->bits.format)                               &&
 1:52.33       |              ^
 1:52.33 D:/mozilla/firefox/Skyfox/gfx/cairo/libpixman/src\pixman.h(1017,28): note: expanded from macro 'PIXMAN_FORMAT_A'
 1:52.34  1017 | #define PIXMAN_FORMAT_A(f)      PIXMAN_FORMAT_RESHIFT(f, 12, 4)
 1:52.34       |                                 ^
 1:52.34 D:/mozilla/firefox/Skyfox/gfx/cairo/libpixman/src\pixman.h(1012,41): note: expanded from macro 'PIXMAN_FORMAT_RESHIFT'
 1:52.34  1012 |         (((val >> (ofs)) & ((1 << (num)) - 1)) << ((val >> 22) & 3))
 1:52.34       |                                                ^
 1:52.45 1 warning generated.
 1:53.06 gfx/vr/service
 1:53.11    Compiling gkrust-shared v0.1.0 (D:\mozilla\firefox\Skyfox\toolkit\library\rust\shared)
 1:54.21 gfx/vr
 1:56.18 gfx/webrender_bindings
 1:57.38 gfx/ycbcr
 2:00.32 hal
 2:01.21 image/build
 2:04.48 image/decoders/icon
 2:07.31 image/decoders/icon/win
 2:08.60 In file included from Unified_c_gfx_cairo_cairo_src2.c:20:
 2:08.60 D:/mozilla/firefox/Skyfox/gfx/cairo/cairo/src/cairo-image-surface.c(152,9): warning: converting the result of '<<' to a boolean; did you mean '(((pixman_format >> (12)) & ((1 << (4)) - 1)) << ((pixman_format >> 22) & 3)) != 0'? [-Wint-in-bool-context]
 2:08.60   152 |     if (PIXMAN_FORMAT_A (pixman_format))
 2:08.60       |         ^
 2:08.60 D:/mozilla/firefox/Skyfox/obj-x86_64-pc-windows-msvc/dist/include\pixman.h(1017,28): note: expanded from macro 'PIXMAN_FORMAT_A'
 2:08.60  1017 | #define PIXMAN_FORMAT_A(f)      PIXMAN_FORMAT_RESHIFT(f, 12, 4)
 2:08.60       |                                 ^
 2:08.60 D:/mozilla/firefox/Skyfox/obj-x86_64-pc-windows-msvc/dist/include\pixman.h(1012,41): note: expanded from macro 'PIXMAN_FORMAT_RESHIFT'
 2:08.60  1012 |         (((val >> (ofs)) & ((1 << (num)) - 1)) << ((val >> 22) & 3))
 2:08.60       |                                                ^
 2:08.72 image/decoders
 2:10.16 1 warning generated.
 2:10.73 image/encoders/bmp
 2:13.63 image/encoders/ico
 2:14.08 image/encoders/jpeg
 2:15.15 In file included from D:/mozilla/firefox/Skyfox/gfx/cairo/cairo/src/win32/cairo-dwrite-font.cpp:37:
 2:15.15 D:/mozilla/firefox/Skyfox/gfx/cairo/cairo/src\cairoint.h(59,9): warning: '_USE_MATH_DEFINES' macro redefined [-Wmacro-redefined]
 2:15.15    59 | #define _USE_MATH_DEFINES
 2:15.15       |         ^
 2:15.15 D:/mozilla/firefox/Skyfox/obj-x86_64-pc-windows-msvc/mozilla-config.h(137,9): note: previous definition is here
 2:15.15   137 | #define _USE_MATH_DEFINES 1
 2:15.15       |         ^
 2:15.20 In file included from D:/mozilla/firefox/Skyfox/gfx/cairo/cairo/src/win32/cairo-dwrite-font.cpp:37:
 2:15.20 In file included from D:/mozilla/firefox/Skyfox/gfx/cairo/cairo/src\cairoint.h:69:
 2:15.20 In file included from D:/mozilla/firefox/Skyfox/gfx/cairo/cairo/src\cairo-error-private.h:43:
 2:15.20 In file included from D:/mozilla/firefox/Skyfox/gfx/cairo/cairo/src\cairo-types-private.h:45:
 2:15.20 In file included from D:/mozilla/firefox/Skyfox/gfx/cairo/cairo/src\cairo-reference-count-private.h:40:
 2:15.20 D:/mozilla/firefox/Skyfox/gfx/cairo/cairo/src\cairo-atomic-private.h(394,10): warning: cast to 'void *' from smaller integer type 'cairo_atomic_intptr_t' (aka 'int') [-Wint-to-void-pointer-cast]
 2:15.20   394 |   return (void *) x;
 2:15.20       |          ^~~~~~~~~~
 2:15.68 In file included from D:/mozilla/firefox/Skyfox/gfx/cairo/cairo/src/win32/cairo-dwrite-font.cpp:45:
 2:15.68 In file included from D:/mozilla/firefox/Skyfox/gfx/cairo/cairo/src/win32\cairo-dwrite-private.hpp:55:
 2:15.68 D:/mozilla/firefox/Skyfox/gfx/cairo/cairo/src/win32\d2d1-extra.h(60,34): warning: 'ID2D1DeviceContext2::DrawGdiMetafile' hides overloaded virtual function [-Woverloaded-virtual]
 2:15.68    60 |   virtual void STDMETHODCALLTYPE DrawGdiMetafile() = 0;
 2:15.68       |                                  ^
 2:15.68 D:/mozilla/build/4.2.1//.mozbuild/vs/Windows Kits/10/Include/10.0.22621.0/um\d2d1_1.h(1781,22): note: hidden overloaded virtual function 'ID2D1DeviceContext::DrawGdiMetafile' declared here: different number of parameters (2 vs 0)
 2:15.68  1781 |     STDMETHOD_(void, DrawGdiMetafile)(
 2:15.68       |                      ^
 2:15.68 In file included from D:/mozilla/firefox/Skyfox/gfx/cairo/cairo/src/win32/cairo-dwrite-font.cpp:45:
 2:15.68 In file included from D:/mozilla/firefox/Skyfox/gfx/cairo/cairo/src/win32\cairo-dwrite-private.hpp:55:
 2:15.68 D:/mozilla/firefox/Skyfox/gfx/cairo/cairo/src/win32\d2d1-extra.h(100,34): warning: 'ID2D1DeviceContext4::DrawTextA' hides overloaded virtual function [-Woverloaded-virtual]
 2:15.68   100 |   virtual void STDMETHODCALLTYPE DrawText() = 0;
 2:15.69       |                                  ^
 2:15.69 D:/mozilla/build/4.2.1//.mozbuild/vs/Windows Kits/10/Include/10.0.22621.0/um\winuser.h(8213,19): note: expanded from macro 'DrawText'
 2:15.69  8213 | #define DrawText  DrawTextA
 2:15.69       |                   ^
 2:15.69 D:/mozilla/build/4.2.1//.mozbuild/vs/Windows Kits/10/Include/10.0.22621.0/um\d2d1.h(2618,22): note: hidden overloaded virtual function 'ID2D1RenderTarget::DrawTextA' declared here: different number of parameters (7 vs 0)
 2:15.69  2618 |     STDMETHOD_(void, DrawText)(
 2:15.69       |                      ^
 2:15.69 D:/mozilla/build/4.2.1//.mozbuild/vs/Windows Kits/10/Include/10.0.22621.0/um\winuser.h(8213,19): note: expanded from macro 'DrawText'
 2:15.69  8213 | #define DrawText  DrawTextA
 2:15.69       |                   ^
 2:15.69 In file included from D:/mozilla/firefox/Skyfox/gfx/cairo/cairo/src/win32/cairo-dwrite-font.cpp:45:
 2:15.69 In file included from D:/mozilla/firefox/Skyfox/gfx/cairo/cairo/src/win32\cairo-dwrite-private.hpp:55:
 2:15.69 D:/mozilla/firefox/Skyfox/gfx/cairo/cairo/src/win32\d2d1-extra.h(101,34): warning: 'ID2D1DeviceContext4::DrawTextLayout' hides overloaded virtual function [-Woverloaded-virtual]
 2:15.69   101 |   virtual void STDMETHODCALLTYPE DrawTextLayout() = 0;
 2:15.69       |                                  ^
 2:15.69 D:/mozilla/build/4.2.1//.mozbuild/vs/Windows Kits/10/Include/10.0.22621.0/um\d2d1.h(2636,22): note: hidden overloaded virtual function 'ID2D1RenderTarget::DrawTextLayout' declared here: different number of parameters (4 vs 0)
 2:15.69  2636 |     STDMETHOD_(void, DrawTextLayout)(
 2:15.69       |                      ^
 2:15.69 In file included from D:/mozilla/firefox/Skyfox/gfx/cairo/cairo/src/win32/cairo-dwrite-font.cpp:45:
 2:15.69 D:/mozilla/firefox/Skyfox/gfx/cairo/cairo/src/win32\cairo-dwrite-private.hpp(92,11): warning: unused variable 'hr' [-Wunused-variable]
 2:15.69    92 |                 HRESULT hr = createDWriteFactory(
 2:15.69       |                         ^~
 2:15.69 D:/mozilla/firefox/Skyfox/gfx/cairo/cairo/src/win32\cairo-dwrite-private.hpp(146,11): warning: unused variable 'hr' [-Wunused-variable]
 2:15.69   146 |                 HRESULT hr = Instance()->GetSystemFontCollection(&mSystemCollection);
 2:15.69       |                         ^~
 2:15.74 D:/mozilla/firefox/Skyfox/gfx/cairo/cairo/src/win32/cairo-dwrite-font.cpp(1152,10): warning: enumeration value 'DWRITE_GLYPH_IMAGE_FORMATS_COLR_PAINT_TREE' not handled in switch [-Wswitch]
 2:15.74  1152 |         switch (color_run->glyphImageFormat) {
 2:15.74       |                 ^~~~~~~~~~~~~~~~~~~~~~~~~~~
 2:15.74 D:/mozilla/firefox/Skyfox/gfx/cairo/cairo/src/win32/cairo-dwrite-font.cpp(1201,6): warning: unannotated fall-through between switch labels [-Wimplicit-fallthrough]
 2:15.74  1201 |             case DWRITE_GLYPH_IMAGE_FORMATS_NONE:
 2:15.74       |             ^
 2:15.74 D:/mozilla/firefox/Skyfox/gfx/cairo/cairo/src/win32/cairo-dwrite-font.cpp(1201,6): note: insert 'break;' to avoid fall-through
 2:15.74  1201 |             case DWRITE_GLYPH_IMAGE_FORMATS_NONE:
 2:15.74       |             ^
 2:15.74       |             break;
 2:15.75 D:/mozilla/firefox/Skyfox/gfx/cairo/cairo/src/win32/cairo-dwrite-font.cpp(1698,11): warning: unused variable 'x' [-Wunused-variable]
 2:15.75  1698 |     float x = 0, y = 0;
 2:15.75       |           ^
 2:15.75 D:/mozilla/firefox/Skyfox/gfx/cairo/cairo/src/win32/cairo-dwrite-font.cpp(1698,18): warning: unused variable 'y' [-Wunused-variable]
 2:15.75  1698 |     float x = 0, y = 0;
 2:15.75       |                  ^
 2:15.75 D:/mozilla/firefox/Skyfox/gfx/cairo/cairo/src/win32/cairo-dwrite-font.cpp(1731,31): warning: unused variable 'dwriteff' [-Wunused-variable]
 2:15.75  1731 |     cairo_dwrite_font_face_t *dwriteff = reinterpret_cast<cairo_dwrite_font_face_t*>(scaled_font->font_face);
 2:15.75       |                               ^~~~~~~~
 2:15.75 D:/mozilla/firefox/Skyfox/gfx/cairo/cairo/src/win32/cairo-dwrite-font.cpp(1756,13): warning: unused variable 'indices' [-Wunused-variable]
 2:15.75  1756 |     UINT16 *indices = const_cast<UINT16*>(run.glyphIndices);
 2:15.75       |             ^~~~~~~
 2:15.75 D:/mozilla/firefox/Skyfox/gfx/cairo/cairo/src/win32/cairo-dwrite-font.cpp(1757,12): warning: unused variable 'advances' [-Wunused-variable]
 2:15.75  1757 |     FLOAT *advances = const_cast<FLOAT*>(run.glyphAdvances);
 2:15.75       |            ^~~~~~~~
 2:15.75 D:/mozilla/firefox/Skyfox/gfx/cairo/cairo/src/win32/cairo-dwrite-font.cpp(1758,26): warning: unused variable 'offsets' [-Wunused-variable]
 2:15.75  1758 |     DWRITE_GLYPH_OFFSET *offsets = const_cast<DWRITE_GLYPH_OFFSET*>(run.glyphOffsets);
 2:15.75       |                          ^~~~~~~
 2:16.25 15 warnings generated.
 2:16.26 image/encoders/png
 2:16.49 warning: `webrender_bindings` (lib) generated 1 warning (run `cargo fix --lib -p webrender_bindings` to apply 1 suggestion)
 2:16.51 image/encoders/webp
 2:16.65 image
 2:17.10 intl/components/src/calendar
 2:17.50 intl/components
 2:24.98 intl/hyphenation/glue
 2:27.49 intl/l10n
 2:28.99 intl/locale
 2:29.99 intl/locale/windows
 2:30.65 intl/lwbrk
 2:30.87 intl/strres
 2:32.24 intl/uconv
 2:33.06 intl/unicharutil/util
 2:33.73 ipc/chromium
 2:35.43 ipc/glue
 2:36.11 ipc/glue/test/utility_process_xpcom
 2:36.45 ipc/ipdl
 2:37.14 ipc/mscom
 2:40.42 ipc/testshell
 2:41.13 js/loader
 2:43.98 config/external/ffi/win64_intel.asm.stub
 2:44.64 D:/mozilla/build/4.2.1/.mozbuild/clang/bin/clang-cl.exe -E -fms-compatibility-version=19.39 -EP -TC -DNDEBUG=1 -DTRIMMED=1 -DTARGET=X86_WIN64 -DX86_WIN64 -DFFI_NO_RAW_API -DFFI_BUILDING -DHAVE_AS_ASCII_PSEUDO_OP -DHAVE_AS_STRING_PSEUDO_OP -DHAVE_AS_X86_PCREL -DEXPORT_JS_API -DMOZ_HAS_MOZGLUE -DMOZ_SUPPORT_LEAKCHECKING -ID:/mozilla/firefox/Skyfox/obj-x86_64-pc-windows-msvc/js/src/ctypes/libffi -ID:/mozilla/firefox/Skyfox/obj-x86_64-pc-windows-msvc/js/src/ctypes/libffi/include -ID:/mozilla/firefox/Skyfox/js/src/ctypes/libffi/include -ID:/mozilla/firefox/Skyfox/js/src/ctypes/libffi/src/x86 ../../../../js/src/ctypes/libffi/src/x86/win64_intel.S
 2:45.27 js/src/builtin/temporal
 2:45.81 js/src/debugger
 2:46.95 js/src/frontend
 2:48.74 js/src/gc/StatsPhasesGenerated.inc.stub
 2:51.70 js/src/intgemm
 2:51.83 js/src/irregexp
 2:54.02 In file included from Unified_cpp_ipc_chromium0.cpp:101:
 2:54.02 D:/mozilla/firefox/Skyfox/ipc/chromium/src/base/string_util.cc(641,18): warning: result of comparison 'long' > 2147483647 is always false [-Wtautological-type-limit-compare]
 2:54.02   641 |   if (!ok || tmp > kint32max) {
 2:54.02       |              ~~~ ^ ~~~~~~~~~
 2:54.02 D:/mozilla/firefox/Skyfox/ipc/chromium/src/base/string_util.cc(651,18): warning: result of comparison 'long' > 2147483647 is always false [-Wtautological-type-limit-compare]
 2:54.02   651 |   if (!ok || tmp > kint32max) {
 2:54.02       |              ~~~ ^ ~~~~~~~~~
 2:55.16 js/src/jit
 2:56.83 js/src
 2:58.48 2 warnings generated.
 2:58.82 js/src/util
 3:01.17 js/src/wasm
 3:09.39 js/src/xsum
 3:11.74 modules/fdlibm/src
 3:13.35 mozglue/static
 3:14.33 js/xpconnect/loader
 3:14.94 js/xpconnect/src
 3:16.31 js/xpconnect/tests/components/native
 3:21.57 js/xpconnect/wrappers
 3:27.16 layout/base
 3:29.47 layout/build
 3:30.47 layout/forms
 3:31.70 layout/generic
 3:35.52 layout/inspector
 3:38.97 In file included from Unified_cpp_layout_forms0.cpp:20:
 3:38.97 D:/mozilla/firefox/Skyfox/layout/forms/nsButtonFrameRenderer.cpp(224,3): warning: class with destructor marked 'final' cannot be inherited from [-Wfinal-dtor-non-final-class]
 3:38.97   217 | class nsDisplayButtonBoxShadowOuter : public nsPaintedDisplayItem {
 3:38.97       |                                     final
 3:38.97   218 |  public:
 3:38.97   219 |   nsDisplayButtonBoxShadowOuter(nsDisplayListBuilder* aBuilder,
 3:38.97   220 |                                 nsIFrame* aFrame)
 3:38.97   221 |       : nsPaintedDisplayItem(aBuilder, aFrame) {
 3:38.97   222 |     MOZ_COUNT_CTOR(nsDisplayButtonBoxShadowOuter);
 3:38.97   223 |   }
 3:38.97   224 |   MOZ_COUNTED_DTOR_FINAL(nsDisplayButtonBoxShadowOuter)
 3:38.97       |   ^
 3:38.97 D:/mozilla/firefox/Skyfox/obj-x86_64-pc-windows-msvc/dist/include\nsISupportsImpl.h(222,70): note: expanded from macro 'MOZ_COUNTED_DTOR_FINAL'
 3:38.97   222 | #define MOZ_COUNTED_DTOR_FINAL(_type) MOZ_COUNTED_DTOR_META(_type, , final)
 3:38.97       |                                                                      ^
 3:38.97 D:/mozilla/firefox/Skyfox/obj-x86_64-pc-windows-msvc/dist/include\nsISupportsImpl.h(214,22): note: expanded from macro 'MOZ_COUNTED_DTOR_META'
 3:38.97   214 |     _prefix ~_type() _postfix = default;
 3:38.97       |                      ^
 3:38.97 D:/mozilla/firefox/Skyfox/layout/forms/nsButtonFrameRenderer.cpp(217,7): note: mark 'mozilla::nsDisplayButtonBoxShadowOuter' as 'final' to silence this warning
 3:38.97   217 | class nsDisplayButtonBoxShadowOuter : public nsPaintedDisplayItem {
 3:38.97       |       ^
 3:39.98 layout/ipc
 3:40.50 layout/mathml
 3:43.68 layout/painting
 3:45.21 layout/printing
 3:45.85 1 warning generated.
 3:46.70 layout/style/nsComputedDOMStyleGenerated.inc.stub
 3:46.71 layout/style/nsCSSPropsGenerated.inc.stub
 3:48.32 layout/svg
 3:49.03 layout/tables
 3:55.84 layout
 3:57.03 layout/xul
 3:57.32 layout/xul/tree
 3:59.21 media/libcubeb/src
 3:59.21 media/highway
 3:59.42 media/libdav1d/asm
 4:01.11 D:/mozilla/firefox/Skyfox/media/libcubeb/src/cubeb_winmm.c(830,12): warning: unused variable 'r' [-Wunused-variable]
 4:01.11   830 |   MMRESULT r;
 4:01.11       |            ^
 4:01.11 D:/mozilla/firefox/Skyfox/media/libcubeb/src/cubeb_winmm.c(831,10): warning: unused variable 'time' [-Wunused-variable]
 4:01.11   831 |   MMTIME time;
 4:01.11       |          ^~~~
 4:01.11 D:/mozilla/firefox/Skyfox/media/libcubeb/src/cubeb_winmm.c(993,16): warning: cast to 'cubeb_devid' (aka 'const void *') from smaller integer type 'UINT' (aka 'unsigned int') [-Wint-to-void-pointer-cast]
 4:01.11   993 |   ret->devid = (cubeb_devid)devid;
 4:01.11       |                ^~~~~~~~~~~~~~~~~~
 4:01.11 D:/mozilla/firefox/Skyfox/media/libcubeb/src/cubeb_winmm.c(1018,16): warning: cast to 'cubeb_devid' (aka 'const void *') from smaller integer type 'UINT' (aka 'unsigned int') [-Wint-to-void-pointer-cast]
 4:01.11  1018 |   ret->devid = (cubeb_devid)devid;
 4:01.11       |                ^~~~~~~~~~~~~~~~~~
 4:01.11 D:/mozilla/firefox/Skyfox/media/libcubeb/src/cubeb_winmm.c(1064,16): warning: cast to 'cubeb_devid' (aka 'const void *') from smaller integer type 'UINT' (aka 'unsigned int') [-Wint-to-void-pointer-cast]
 4:01.11  1064 |   ret->devid = (cubeb_devid)devid;
 4:01.11       |                ^~~~~~~~~~~~~~~~~~
 4:01.11 D:/mozilla/firefox/Skyfox/media/libcubeb/src/cubeb_winmm.c(1089,16): warning: cast to 'cubeb_devid' (aka 'const void *') from smaller integer type 'UINT' (aka 'unsigned int') [-Wint-to-void-pointer-cast]
 4:01.11  1089 |   ret->devid = (cubeb_devid)devid;
 4:01.11       |                ^~~~~~~~~~~~~~~~~~
 4:01.32 6 warnings generated.
 4:01.66 media/libdav1d/16bd_cdef_apply_tmpl.c.stub
 4:01.66 media/libdav1d/8bd_cdef_apply_tmpl.c.stub
 4:01.73 D:/mozilla/firefox/Skyfox/media/libcubeb/src/cubeb_log.cpp(7,9): warning: 'NOMINMAX' macro redefined [-Wmacro-redefined]
 4:01.73     7 | #define NOMINMAX
 4:01.73       |         ^
 4:01.73 D:/mozilla/firefox/Skyfox/obj-x86_64-pc-windows-msvc/mozilla-config.h(120,9): note: previous definition is here
 4:01.73   120 | #define NOMINMAX 1
 4:01.73       |         ^
 4:02.50 media/libdav1d/16bd_cdef_tmpl.c.stub
 4:02.52 media/libjpeg/jpeg12
 4:02.53 1 warning generated.
 4:02.85 D:/mozilla/firefox/Skyfox/media/libcubeb/src/cubeb_mixer.cpp(10,9): warning: 'NOMINMAX' macro redefined [-Wmacro-redefined]
 4:02.85    10 | #define NOMINMAX
 4:02.85       |         ^
 4:02.85 D:/mozilla/firefox/Skyfox/obj-x86_64-pc-windows-msvc/mozilla-config.h(120,9): note: previous definition is here
 4:02.85   120 | #define NOMINMAX 1
 4:02.85       |         ^
 4:03.37 media/libdav1d/8bd_cdef_tmpl.c.stub
 4:03.51 media/libjpeg/jpeg16
 4:03.69 1 warning generated.
 4:04.10 media/libdav1d/16bd_fg_apply_tmpl.c.stub
 4:04.93 media/libdav1d/8bd_fg_apply_tmpl.c.stub
 4:05.49 media/libdav1d/16bd_filmgrain_tmpl.c.stub
 4:05.73 media/libjpeg
 4:06.21 media/libdav1d/8bd_filmgrain_tmpl.c.stub
 4:06.39 media/libjxl
 4:06.63 In file included from Unified_cpp_layout_xul0.cpp:20:
 4:06.63 D:/mozilla/firefox/Skyfox/layout/xul/nsMenuPopupFrame.cpp(523,20): error: no member named 'widget_nocturne_old_layout_tweaks' in namespace 'mozilla::StaticPrefs'
 4:06.63   523 |   if (StaticPrefs::widget_nocturne_old_layout_tweaks()) {
 4:06.63       |       ~~~~~~~~~~~~~^
 4:06.91 media/libdav1d/16bd_ipred_prepare_tmpl.c.stub
 4:07.73 media/libdav1d/8bd_ipred_prepare_tmpl.c.stub
 4:07.78 media/libmkv
 4:08.06 D:/mozilla/firefox/Skyfox/media/libmkv/EbmlBufferWriter.c(43,13): warning: unused function '_Serialize' [-Wunused-function]
 4:08.06    43 | static void _Serialize(EbmlGlobal *glob, const unsigned char *p, const unsigned char *q) {
 4:08.06       |             ^~~~~~~~~~
 4:08.09 1 warning generated.
 4:08.36 media/libdav1d/16bd_ipred_tmpl.c.stub
 4:09.09 media/libdav1d/8bd_ipred_tmpl.c.stub
 4:09.15 media/libnestegg/src
 4:09.40 In file included from Unified_c_media_libnestegg_src0.c:2:
 4:09.40 D:/mozilla/firefox/Skyfox/media/libnestegg/src/nestegg.c(1170,22): warning: variable 'peeked_id' set but not used [-Wunused-but-set-variable]
 4:09.40  1170 |   uint64_t id, size, peeked_id;
 4:09.40       |                      ^
 4:09.62 1 error generated.
 4:09.72 mozmake[4]: *** [D:/mozilla/firefox/Skyfox/config/rules.mk:676: Unified_cpp_layout_xul0.obj] Error 1
 4:09.73 mozmake[3]: *** [D:/mozilla/firefox/Skyfox/config/recurse.mk:72: layout/xul/target-objects] Error 2
 4:09.73 mozmake[3]: *** Waiting for unfinished jobs....
 4:09.92 1 warning generated.
 4:09.94 media/libdav1d/16bd_itx_tmpl.c.stub
 4:10.13 media/libdav1d/8bd_itx_tmpl.c.stub
 4:10.43 media/libdav1d/16bd_lf_apply_tmpl.c.stub
 4:10.89 media/libdav1d/8bd_lf_apply_tmpl.c.stub
 4:11.53 media/libdav1d/16bd_loopfilter_tmpl.c.stub
 4:11.81 media/libdav1d/8bd_loopfilter_tmpl.c.stub
 4:12.11 media/libdav1d/16bd_looprestoration_tmpl.c.stub
 4:12.94 media/libdav1d/8bd_looprestoration_tmpl.c.stub
 4:13.54 media/libdav1d/16bd_lr_apply_tmpl.c.stub
 4:13.56 media/libdav1d/8bd_lr_apply_tmpl.c.stub
 4:13.98 media/libdav1d/16bd_mc_tmpl.c.stub
 4:14.80 media/libdav1d/8bd_mc_tmpl.c.stub
 4:15.29 media/libdav1d/16bd_recon_tmpl.c.stub
 4:15.77 media/libdav1d/8bd_recon_tmpl.c.stub
 4:27.79 In file included from D:/mozilla/firefox/Skyfox/third_party/jpeg-xl/lib/jxl/modular/transform/transform.cc:13:
 4:27.79 D:/mozilla/firefox/Skyfox/third_party/jpeg-xl\lib/jxl/modular/transform/palette.h(54,1): warning: unused function 'GetPaletteValue' [-Wunused-function]
 4:27.79    54 | GetPaletteValue(const pixel_type *const palette, int index, const size_t c,
 4:27.79       | ^~~~~~~~~~~~~~~
 4:27.92 1 warning generated.
 6:02.31 warning: `webrender` (lib) generated 18 warnings (run `cargo fix --lib -p webrender` to apply 15 suggestions)
 6:25.90    Compiling gkrust v0.1.0 (D:\mozilla\firefox\Skyfox\toolkit\library\rust)
14:52.03     Finished `release` profile [optimized] target(s) in 14m 46s
14:54.72 toolkit/library/rust/gkrust.lib
14:54.72 mozmake[2]: *** [D:/mozilla/firefox/Skyfox/config/recurse.mk:34: compile] Error 2
14:54.73 mozmake[1]: *** [D:/mozilla/firefox/Skyfox/config/rules.mk:359: default] Error 2
14:54.73 mozmake: *** [client.mk:60: build] Error 2
14:54.84 W 392 compiler warnings present.
--priority not supported on this platform.
Single process terminated successfully
